ARM GAS  C:\Users\vangelis\AppData\Local\Temp\cc5Dwgce.s 			page 1


   1              		.cpu cortex-m0
   2              		.fpu softvfp
   3              		.eabi_attribute 20, 1
   4              		.eabi_attribute 21, 1
   5              		.eabi_attribute 23, 3
   6              		.eabi_attribute 24, 1
   7              		.eabi_attribute 25, 1
   8              		.eabi_attribute 26, 1
   9              		.eabi_attribute 30, 6
  10              		.eabi_attribute 34, 0
  11              		.eabi_attribute 18, 4
  12              		.code	16
  13              		.file	"main.c"
  14              		.text
  15              	.Ltext0:
  16              		.cfi_sections	.debug_frame
  17              		.section	.text.main,"ax",%progbits
  18              		.align	2
  19              		.global	main
  20              		.code	16
  21              		.thumb_func
  22              		.type	main, %function
  23              	main:
  24              	.LFB33:
  25              		.file 1 ".\\main.c"
   1:.\main.c      **** /******************************************************************************
   2:.\main.c      **** * Project Name		: Bootloadable Blinking LED
   3:.\main.c      **** * File Name			: main.c
   4:.\main.c      **** * Version 			: 1.0
   5:.\main.c      **** * Device Used		: CY8C4245AXI-483
   6:.\main.c      **** * Software Used		: PSoC Creator 3.1
   7:.\main.c      **** * Compiler    		: ARMGCC 4.8.4, ARM RVDS Generic, ARM MDK Generic
   8:.\main.c      **** * Related Hardware	: CY8CKIT-049-42xx PSoC 4 Prototyping Kit 
   9:.\main.c      **** *
  10:.\main.c      **** ********************************************************************************
  11:.\main.c      **** * Copyright (2015), Cypress Semiconductor Corporation. All Rights Reserved.
  12:.\main.c      **** ********************************************************************************
  13:.\main.c      **** * This software is owned by Cypress Semiconductor Corporation (Cypress)
  14:.\main.c      **** * and is protected by and subject to worldwide patent protection (United
  15:.\main.c      **** * States and foreign), United States copyright laws and international treaty
  16:.\main.c      **** * provisions. Cypress hereby grants to licensee a personal, non-exclusive,
  17:.\main.c      **** * non-transferable license to copy, use, modify, create derivative works of,
  18:.\main.c      **** * and compile the Cypress Source Code and derivative works for the sole
  19:.\main.c      **** * purpose of creating custom software in support of licensee product to be
  20:.\main.c      **** * used only in conjunction with a Cypress integrated circuit as specified in
  21:.\main.c      **** * the applicable agreement. Any reproduction, modification, translation,
  22:.\main.c      **** * compilation, or representation of this software except as specified above 
  23:.\main.c      **** * is prohibited without the express written permission of Cypress.
  24:.\main.c      **** *
  25:.\main.c      **** * Disclaimer: CYPRESS MAKES NO WARRANTY OF ANY KIND, EXPRESS OR IMPLIED, WITH 
  26:.\main.c      **** * REGARD TO THIS MATERIAL, INCLUDING, BUT NOT LIMITED TO, THE IMPLIED 
  27:.\main.c      **** * WARRANTIES OF MERCHANTABILITY AND FITNESS FOR A PARTICULAR PURPOSE.
  28:.\main.c      **** * Cypress reserves the right to make changes without further notice to the 
  29:.\main.c      **** * materials described herein. Cypress does not assume any liability arising out 
  30:.\main.c      **** * of the application or use of any product or circuit described herein. Cypress 
  31:.\main.c      **** * does not authorize its products for use as critical components in life-support 
  32:.\main.c      **** * systems where a malfunction or failure may reasonably be expected to result in 
ARM GAS  C:\Users\vangelis\AppData\Local\Temp\cc5Dwgce.s 			page 2


  33:.\main.c      **** * significant injury to the user. The inclusion of Cypress' product in a life-
  34:.\main.c      **** * support systems application implies that the manufacturer assumes all risk of 
  35:.\main.c      **** * such use and in doing so indemnifies Cypress against all charges. 
  36:.\main.c      **** *
  37:.\main.c      **** * Use of this Software may be limited by and subject to the applicable Cypress
  38:.\main.c      **** * software license agreement. 
  39:.\main.c      **** *******************************************************************************/
  40:.\main.c      **** 
  41:.\main.c      **** /******************************************************************************
  42:.\main.c      **** *                           THEORY OF OPERATION
  43:.\main.c      **** * This is a blinking LED project. A PWM component drives the pin to blink the 
  44:.\main.c      **** * LED at regular intervals. This project contains a bootloadable component so 
  45:.\main.c      **** * that it can be bootloaded into PSoC 4 which has a bootloader already programmed 
  46:.\main.c      **** * into it.
  47:.\main.c      **** * Default UART Port Configuration for bootloading the PSoC 4 in CY8CKIT-049-42xx
  48:.\main.c      **** * Baud Rate : 115200 bps
  49:.\main.c      **** * Data Bits : 8
  50:.\main.c      **** * Stop Bits : 1
  51:.\main.c      **** * Parity    : None
  52:.\main.c      **** ******************************************************************************/
  53:.\main.c      **** #include <project.h>
  54:.\main.c      **** #include <stdlib.h>
  55:.\main.c      **** 
  56:.\main.c      **** extern const uint32 StripLights_CLUT[];
  57:.\main.c      **** 
  58:.\main.c      **** int main()
  59:.\main.c      **** {
  26              		.loc 1 59 0
  27              		.cfi_startproc
  28 0000 80B5     		push	{r7, lr}
  29              		.cfi_def_cfa_offset 8
  30              		.cfi_offset 7, -8
  31              		.cfi_offset 14, -4
  32 0002 82B0     		sub	sp, sp, #8
  33              		.cfi_def_cfa_offset 16
  34 0004 00AF     		add	r7, sp, #0
  35              		.cfi_def_cfa_register 7
  60:.\main.c      ****     int i, j;
  61:.\main.c      **** 	StripLights_Start();
  36              		.loc 1 61 0
  37 0006 FFF7FEFF 		bl	StripLights_Start
  62:.\main.c      ****     ESP_Start();
  38              		.loc 1 62 0
  39 000a FFF7FEFF 		bl	ESP_Start
  63:.\main.c      ****     
  64:.\main.c      ****     // Set dim level 0 = full power, 4 = lowest power
  65:.\main.c      ****     StripLights_Dim(0); 
  40              		.loc 1 65 0
  41 000e 0020     		mov	r0, #0
  42 0010 FFF7FEFF 		bl	StripLights_Dim
  66:.\main.c      **** 	
  67:.\main.c      **** 	// Clear all memory to black
  68:.\main.c      **** 	StripLights_MemClear(StripLights_BLACK);
  43              		.loc 1 68 0
  44 0014 194B     		ldr	r3, .L8
  45 0016 1B6E     		ldr	r3, [r3, #96]
  46 0018 181C     		mov	r0, r3
ARM GAS  C:\Users\vangelis\AppData\Local\Temp\cc5Dwgce.s 			page 3


  47 001a FFF7FEFF 		bl	StripLights_MemClear
  69:.\main.c      ****     // Enable global interrupts, required for StripLights
  70:.\main.c      ****     CyGlobalIntEnable; 
  48              		.loc 1 70 0
  49              	@ 70 ".\main.c" 1
  50 001e 62B6     		CPSIE   i
  51              	@ 0 "" 2
  52              		.code	16
  53              	.L7:
  71:.\main.c      ****     
  72:.\main.c      ****       
  73:.\main.c      **** 	for(;;) {
  74:.\main.c      ****         for (j = 0; j < StripLights_ROWS; j++) {
  54              		.loc 1 74 0
  55 0020 0023     		mov	r3, #0
  56 0022 3B60     		str	r3, [r7]
  57 0024 26E0     		b	.L2
  58              	.L6:
  75:.\main.c      ****             // Wait for last update to finish
  76:.\main.c      ****             for (i = 0; i < StripLights_COLUMNS; i++) {
  59              		.loc 1 76 0
  60 0026 0023     		mov	r3, #0
  61 0028 7B60     		str	r3, [r7, #4]
  62 002a 1DE0     		b	.L3
  63              	.L5:
  77:.\main.c      **** 
  78:.\main.c      ****     		// Wait for last update to finish
  79:.\main.c      ****     	             while( StripLights_Ready() == 0);  
  64              		.loc 1 79 0
  65 002c C046     		mov	r8, r8
  66              	.L4:
  67              		.loc 1 79 0 is_stmt 0 discriminator 1
  68 002e FFF7FEFF 		bl	StripLights_Ready
  69 0032 031E     		sub	r3, r0, #0
  70 0034 FBD0     		beq	.L4
  80:.\main.c      ****                 // Set the color of a single LED
  81:.\main.c      ****                 StripLights_MemClear(StripLights_BLACK);
  71              		.loc 1 81 0 is_stmt 1 discriminator 2
  72 0036 114B     		ldr	r3, .L8
  73 0038 1B6E     		ldr	r3, [r3, #96]
  74 003a 181C     		mov	r0, r3
  75 003c FFF7FEFF 		bl	StripLights_MemClear
  82:.\main.c      ****     	        StripLights_Pixel(i, j, StripLights_WHITE );
  76              		.loc 1 82 0 discriminator 2
  77 0040 0E4A     		ldr	r2, .L8
  78 0042 AE23     		mov	r3, #174
  79 0044 5B00     		lsl	r3, r3, #1
  80 0046 D358     		ldr	r3, [r2, r3]
  81 0048 7968     		ldr	r1, [r7, #4]
  82 004a 3A68     		ldr	r2, [r7]
  83 004c 081C     		mov	r0, r1
  84 004e 111C     		mov	r1, r2
  85 0050 1A1C     		mov	r2, r3
  86 0052 FFF7FEFF 		bl	StripLights_Pixel
  83:.\main.c      ****                 StripLights_Trigger(1); 
  87              		.loc 1 83 0 discriminator 2
  88 0056 0120     		mov	r0, #1
ARM GAS  C:\Users\vangelis\AppData\Local\Temp\cc5Dwgce.s 			page 4


  89 0058 FFF7FEFF 		bl	StripLights_Trigger
  84:.\main.c      ****                 CyDelay(50);
  90              		.loc 1 84 0 discriminator 2
  91 005c 3220     		mov	r0, #50
  92 005e FFF7FEFF 		bl	CyDelay
  76:.\main.c      **** 
  93              		.loc 1 76 0 discriminator 2
  94 0062 7B68     		ldr	r3, [r7, #4]
  95 0064 0133     		add	r3, r3, #1
  96 0066 7B60     		str	r3, [r7, #4]
  97              	.L3:
  76:.\main.c      **** 
  98              		.loc 1 76 0 is_stmt 0 discriminator 1
  99 0068 7B68     		ldr	r3, [r7, #4]
 100 006a 0B2B     		cmp	r3, #11
 101 006c DEDD     		ble	.L5
  74:.\main.c      ****             // Wait for last update to finish
 102              		.loc 1 74 0 is_stmt 1 discriminator 2
 103 006e 3B68     		ldr	r3, [r7]
 104 0070 0133     		add	r3, r3, #1
 105 0072 3B60     		str	r3, [r7]
 106              	.L2:
  74:.\main.c      ****             // Wait for last update to finish
 107              		.loc 1 74 0 is_stmt 0 discriminator 1
 108 0074 3B68     		ldr	r3, [r7]
 109 0076 0B2B     		cmp	r3, #11
 110 0078 D5DD     		ble	.L6
  85:.\main.c      ****             }
  86:.\main.c      ****         }
  87:.\main.c      ****     }
 111              		.loc 1 87 0 is_stmt 1
 112 007a D1E7     		b	.L7
 113              	.L9:
 114              		.align	2
 115              	.L8:
 116 007c 00000000 		.word	StripLights_CLUT
 117              		.cfi_endproc
 118              	.LFE33:
 119              		.size	main, .-main
 120              		.text
 121              	.Letext0:
 122              		.file 2 "Generated_Source\\PSoC4/cytypes.h"
 123              		.section	.debug_info,"",%progbits
 124              	.Ldebug_info0:
 125 0000 DC000000 		.4byte	0xdc
 126 0004 0400     		.2byte	0x4
 127 0006 00000000 		.4byte	.Ldebug_abbrev0
 128 000a 04       		.byte	0x4
 129 000b 01       		.uleb128 0x1
 130 000c 9D000000 		.4byte	.LASF13
 131 0010 01       		.byte	0x1
 132 0011 7D010000 		.4byte	.LASF14
 133 0015 61000000 		.4byte	.LASF15
 134 0019 00000000 		.4byte	.Ldebug_ranges0+0
 135 001d 00000000 		.4byte	0
 136 0021 00000000 		.4byte	.Ldebug_line0
 137 0025 02       		.uleb128 0x2
ARM GAS  C:\Users\vangelis\AppData\Local\Temp\cc5Dwgce.s 			page 5


 138 0026 01       		.byte	0x1
 139 0027 06       		.byte	0x6
 140 0028 6B010000 		.4byte	.LASF0
 141 002c 02       		.uleb128 0x2
 142 002d 01       		.byte	0x1
 143 002e 08       		.byte	0x8
 144 002f 2B010000 		.4byte	.LASF1
 145 0033 02       		.uleb128 0x2
 146 0034 02       		.byte	0x2
 147 0035 05       		.byte	0x5
 148 0036 47010000 		.4byte	.LASF2
 149 003a 02       		.uleb128 0x2
 150 003b 02       		.byte	0x2
 151 003c 07       		.byte	0x7
 152 003d 58010000 		.4byte	.LASF3
 153 0041 02       		.uleb128 0x2
 154 0042 04       		.byte	0x4
 155 0043 05       		.byte	0x5
 156 0044 3E010000 		.4byte	.LASF4
 157 0048 02       		.uleb128 0x2
 158 0049 04       		.byte	0x4
 159 004a 07       		.byte	0x7
 160 004b 38000000 		.4byte	.LASF5
 161 004f 02       		.uleb128 0x2
 162 0050 08       		.byte	0x8
 163 0051 05       		.byte	0x5
 164 0052 00000000 		.4byte	.LASF6
 165 0056 02       		.uleb128 0x2
 166 0057 08       		.byte	0x8
 167 0058 07       		.byte	0x7
 168 0059 4A000000 		.4byte	.LASF7
 169 005d 03       		.uleb128 0x3
 170 005e 04       		.byte	0x4
 171 005f 05       		.byte	0x5
 172 0060 696E7400 		.ascii	"int\000"
 173 0064 02       		.uleb128 0x2
 174 0065 04       		.byte	0x4
 175 0066 07       		.byte	0x7
 176 0067 15000000 		.4byte	.LASF8
 177 006b 04       		.uleb128 0x4
 178 006c 0E000000 		.4byte	.LASF16
 179 0070 02       		.byte	0x2
 180 0071 A3       		.byte	0xa3
 181 0072 48000000 		.4byte	0x48
 182 0076 02       		.uleb128 0x2
 183 0077 04       		.byte	0x4
 184 0078 04       		.byte	0x4
 185 0079 77010000 		.4byte	.LASF9
 186 007d 02       		.uleb128 0x2
 187 007e 08       		.byte	0x8
 188 007f 04       		.byte	0x4
 189 0080 51010000 		.4byte	.LASF10
 190 0084 02       		.uleb128 0x2
 191 0085 01       		.byte	0x1
 192 0086 08       		.byte	0x8
 193 0087 39010000 		.4byte	.LASF11
 194 008b 02       		.uleb128 0x2
ARM GAS  C:\Users\vangelis\AppData\Local\Temp\cc5Dwgce.s 			page 6


 195 008c 04       		.byte	0x4
 196 008d 07       		.byte	0x7
 197 008e 86010000 		.4byte	.LASF12
 198 0092 05       		.uleb128 0x5
 199 0093 33000000 		.4byte	.LASF17
 200 0097 01       		.byte	0x1
 201 0098 3A       		.byte	0x3a
 202 0099 5D000000 		.4byte	0x5d
 203 009d 00000000 		.4byte	.LFB33
 204 00a1 80000000 		.4byte	.LFE33-.LFB33
 205 00a5 01       		.uleb128 0x1
 206 00a6 9C       		.byte	0x9c
 207 00a7 C4000000 		.4byte	0xc4
 208 00ab 06       		.uleb128 0x6
 209 00ac 6900     		.ascii	"i\000"
 210 00ae 01       		.byte	0x1
 211 00af 3C       		.byte	0x3c
 212 00b0 5D000000 		.4byte	0x5d
 213 00b4 02       		.uleb128 0x2
 214 00b5 91       		.byte	0x91
 215 00b6 74       		.sleb128 -12
 216 00b7 06       		.uleb128 0x6
 217 00b8 6A00     		.ascii	"j\000"
 218 00ba 01       		.byte	0x1
 219 00bb 3C       		.byte	0x3c
 220 00bc 5D000000 		.4byte	0x5d
 221 00c0 02       		.uleb128 0x2
 222 00c1 91       		.byte	0x91
 223 00c2 70       		.sleb128 -16
 224 00c3 00       		.byte	0
 225 00c4 07       		.uleb128 0x7
 226 00c5 6B000000 		.4byte	0x6b
 227 00c9 CF000000 		.4byte	0xcf
 228 00cd 08       		.uleb128 0x8
 229 00ce 00       		.byte	0
 230 00cf 09       		.uleb128 0x9
 231 00d0 22000000 		.4byte	.LASF18
 232 00d4 01       		.byte	0x1
 233 00d5 38       		.byte	0x38
 234 00d6 DA000000 		.4byte	0xda
 235 00da 0A       		.uleb128 0xa
 236 00db C4000000 		.4byte	0xc4
 237 00df 00       		.byte	0
 238              		.section	.debug_abbrev,"",%progbits
 239              	.Ldebug_abbrev0:
 240 0000 01       		.uleb128 0x1
 241 0001 11       		.uleb128 0x11
 242 0002 01       		.byte	0x1
 243 0003 25       		.uleb128 0x25
 244 0004 0E       		.uleb128 0xe
 245 0005 13       		.uleb128 0x13
 246 0006 0B       		.uleb128 0xb
 247 0007 03       		.uleb128 0x3
 248 0008 0E       		.uleb128 0xe
 249 0009 1B       		.uleb128 0x1b
 250 000a 0E       		.uleb128 0xe
 251 000b 55       		.uleb128 0x55
ARM GAS  C:\Users\vangelis\AppData\Local\Temp\cc5Dwgce.s 			page 7


 252 000c 17       		.uleb128 0x17
 253 000d 11       		.uleb128 0x11
 254 000e 01       		.uleb128 0x1
 255 000f 10       		.uleb128 0x10
 256 0010 17       		.uleb128 0x17
 257 0011 00       		.byte	0
 258 0012 00       		.byte	0
 259 0013 02       		.uleb128 0x2
 260 0014 24       		.uleb128 0x24
 261 0015 00       		.byte	0
 262 0016 0B       		.uleb128 0xb
 263 0017 0B       		.uleb128 0xb
 264 0018 3E       		.uleb128 0x3e
 265 0019 0B       		.uleb128 0xb
 266 001a 03       		.uleb128 0x3
 267 001b 0E       		.uleb128 0xe
 268 001c 00       		.byte	0
 269 001d 00       		.byte	0
 270 001e 03       		.uleb128 0x3
 271 001f 24       		.uleb128 0x24
 272 0020 00       		.byte	0
 273 0021 0B       		.uleb128 0xb
 274 0022 0B       		.uleb128 0xb
 275 0023 3E       		.uleb128 0x3e
 276 0024 0B       		.uleb128 0xb
 277 0025 03       		.uleb128 0x3
 278 0026 08       		.uleb128 0x8
 279 0027 00       		.byte	0
 280 0028 00       		.byte	0
 281 0029 04       		.uleb128 0x4
 282 002a 16       		.uleb128 0x16
 283 002b 00       		.byte	0
 284 002c 03       		.uleb128 0x3
 285 002d 0E       		.uleb128 0xe
 286 002e 3A       		.uleb128 0x3a
 287 002f 0B       		.uleb128 0xb
 288 0030 3B       		.uleb128 0x3b
 289 0031 0B       		.uleb128 0xb
 290 0032 49       		.uleb128 0x49
 291 0033 13       		.uleb128 0x13
 292 0034 00       		.byte	0
 293 0035 00       		.byte	0
 294 0036 05       		.uleb128 0x5
 295 0037 2E       		.uleb128 0x2e
 296 0038 01       		.byte	0x1
 297 0039 3F       		.uleb128 0x3f
 298 003a 19       		.uleb128 0x19
 299 003b 03       		.uleb128 0x3
 300 003c 0E       		.uleb128 0xe
 301 003d 3A       		.uleb128 0x3a
 302 003e 0B       		.uleb128 0xb
 303 003f 3B       		.uleb128 0x3b
 304 0040 0B       		.uleb128 0xb
 305 0041 49       		.uleb128 0x49
 306 0042 13       		.uleb128 0x13
 307 0043 11       		.uleb128 0x11
 308 0044 01       		.uleb128 0x1
ARM GAS  C:\Users\vangelis\AppData\Local\Temp\cc5Dwgce.s 			page 8


 309 0045 12       		.uleb128 0x12
 310 0046 06       		.uleb128 0x6
 311 0047 40       		.uleb128 0x40
 312 0048 18       		.uleb128 0x18
 313 0049 9642     		.uleb128 0x2116
 314 004b 19       		.uleb128 0x19
 315 004c 01       		.uleb128 0x1
 316 004d 13       		.uleb128 0x13
 317 004e 00       		.byte	0
 318 004f 00       		.byte	0
 319 0050 06       		.uleb128 0x6
 320 0051 34       		.uleb128 0x34
 321 0052 00       		.byte	0
 322 0053 03       		.uleb128 0x3
 323 0054 08       		.uleb128 0x8
 324 0055 3A       		.uleb128 0x3a
 325 0056 0B       		.uleb128 0xb
 326 0057 3B       		.uleb128 0x3b
 327 0058 0B       		.uleb128 0xb
 328 0059 49       		.uleb128 0x49
 329 005a 13       		.uleb128 0x13
 330 005b 02       		.uleb128 0x2
 331 005c 18       		.uleb128 0x18
 332 005d 00       		.byte	0
 333 005e 00       		.byte	0
 334 005f 07       		.uleb128 0x7
 335 0060 01       		.uleb128 0x1
 336 0061 01       		.byte	0x1
 337 0062 49       		.uleb128 0x49
 338 0063 13       		.uleb128 0x13
 339 0064 01       		.uleb128 0x1
 340 0065 13       		.uleb128 0x13
 341 0066 00       		.byte	0
 342 0067 00       		.byte	0
 343 0068 08       		.uleb128 0x8
 344 0069 21       		.uleb128 0x21
 345 006a 00       		.byte	0
 346 006b 00       		.byte	0
 347 006c 00       		.byte	0
 348 006d 09       		.uleb128 0x9
 349 006e 34       		.uleb128 0x34
 350 006f 00       		.byte	0
 351 0070 03       		.uleb128 0x3
 352 0071 0E       		.uleb128 0xe
 353 0072 3A       		.uleb128 0x3a
 354 0073 0B       		.uleb128 0xb
 355 0074 3B       		.uleb128 0x3b
 356 0075 0B       		.uleb128 0xb
 357 0076 49       		.uleb128 0x49
 358 0077 13       		.uleb128 0x13
 359 0078 3F       		.uleb128 0x3f
 360 0079 19       		.uleb128 0x19
 361 007a 3C       		.uleb128 0x3c
 362 007b 19       		.uleb128 0x19
 363 007c 00       		.byte	0
 364 007d 00       		.byte	0
 365 007e 0A       		.uleb128 0xa
ARM GAS  C:\Users\vangelis\AppData\Local\Temp\cc5Dwgce.s 			page 9


 366 007f 26       		.uleb128 0x26
 367 0080 00       		.byte	0
 368 0081 49       		.uleb128 0x49
 369 0082 13       		.uleb128 0x13
 370 0083 00       		.byte	0
 371 0084 00       		.byte	0
 372 0085 00       		.byte	0
 373              		.section	.debug_aranges,"",%progbits
 374 0000 1C000000 		.4byte	0x1c
 375 0004 0200     		.2byte	0x2
 376 0006 00000000 		.4byte	.Ldebug_info0
 377 000a 04       		.byte	0x4
 378 000b 00       		.byte	0
 379 000c 0000     		.2byte	0
 380 000e 0000     		.2byte	0
 381 0010 00000000 		.4byte	.LFB33
 382 0014 80000000 		.4byte	.LFE33-.LFB33
 383 0018 00000000 		.4byte	0
 384 001c 00000000 		.4byte	0
 385              		.section	.debug_ranges,"",%progbits
 386              	.Ldebug_ranges0:
 387 0000 00000000 		.4byte	.LFB33
 388 0004 80000000 		.4byte	.LFE33
 389 0008 00000000 		.4byte	0
 390 000c 00000000 		.4byte	0
 391              		.section	.debug_line,"",%progbits
 392              	.Ldebug_line0:
 393 0000 98000000 		.section	.debug_str,"MS",%progbits,1
 393      02004300 
 393      00000201 
 393      FB0E0D00 
 393      01010101 
 394              	.LASF6:
 395 0000 6C6F6E67 		.ascii	"long long int\000"
 395      206C6F6E 
 395      6720696E 
 395      7400
 396              	.LASF16:
 397 000e 75696E74 		.ascii	"uint32\000"
 397      333200
 398              	.LASF8:
 399 0015 756E7369 		.ascii	"unsigned int\000"
 399      676E6564 
 399      20696E74 
 399      00
 400              	.LASF18:
 401 0022 53747269 		.ascii	"StripLights_CLUT\000"
 401      704C6967 
 401      6874735F 
 401      434C5554 
 401      00
 402              	.LASF17:
 403 0033 6D61696E 		.ascii	"main\000"
 403      00
 404              	.LASF5:
 405 0038 6C6F6E67 		.ascii	"long unsigned int\000"
 405      20756E73 
ARM GAS  C:\Users\vangelis\AppData\Local\Temp\cc5Dwgce.s 			page 10


 405      69676E65 
 405      6420696E 
 405      7400
 406              	.LASF7:
 407 004a 6C6F6E67 		.ascii	"long long unsigned int\000"
 407      206C6F6E 
 407      6720756E 
 407      7369676E 
 407      65642069 
 408              	.LASF15:
 409 0061 433A5C55 		.ascii	"C:\\Users\\vangelis\\Striplights\\Striplight_bootlo"
 409      73657273 
 409      5C76616E 
 409      67656C69 
 409      735C5374 
 410 0090 61646162 		.ascii	"adable.cydsn\000"
 410      6C652E63 
 410      7964736E 
 410      00
 411              	.LASF13:
 412 009d 474E5520 		.ascii	"GNU C 4.9.3 20150303 (release) [ARM/embedded-4_9-br"
 412      4320342E 
 412      392E3320 
 412      32303135 
 412      30333033 
 413 00d0 616E6368 		.ascii	"anch revision 221220] -mcpu=cortex-m0 -mthumb -g -O"
 413      20726576 
 413      6973696F 
 413      6E203232 
 413      31323230 
 414 0103 30202D66 		.ascii	"0 -ffunction-sections -ffat-lto-objects\000"
 414      66756E63 
 414      74696F6E 
 414      2D736563 
 414      74696F6E 
 415              	.LASF1:
 416 012b 756E7369 		.ascii	"unsigned char\000"
 416      676E6564 
 416      20636861 
 416      7200
 417              	.LASF11:
 418 0139 63686172 		.ascii	"char\000"
 418      00
 419              	.LASF4:
 420 013e 6C6F6E67 		.ascii	"long int\000"
 420      20696E74 
 420      00
 421              	.LASF2:
 422 0147 73686F72 		.ascii	"short int\000"
 422      7420696E 
 422      7400
 423              	.LASF10:
 424 0151 646F7562 		.ascii	"double\000"
 424      6C6500
 425              	.LASF3:
 426 0158 73686F72 		.ascii	"short unsigned int\000"
 426      7420756E 
ARM GAS  C:\Users\vangelis\AppData\Local\Temp\cc5Dwgce.s 			page 11


 426      7369676E 
 426      65642069 
 426      6E7400
 427              	.LASF0:
 428 016b 7369676E 		.ascii	"signed char\000"
 428      65642063 
 428      68617200 
 429              	.LASF9:
 430 0177 666C6F61 		.ascii	"float\000"
 430      7400
 431              	.LASF14:
 432 017d 2E5C6D61 		.ascii	".\\main.c\000"
 432      696E2E63 
 432      00
 433              	.LASF12:
 434 0186 73697A65 		.ascii	"sizetype\000"
 434      74797065 
 434      00
 435              		.ident	"GCC: (GNU Tools for ARM Embedded Processors) 4.9.3 20150303 (release) [ARM/embedded-4_9-br
