ARM GAS  C:\Users\vangelis\AppData\Local\Temp\ccSgKgfm.s 			page 1


   1              		.cpu cortex-m0
   2              		.fpu softvfp
   3              		.eabi_attribute 20, 1
   4              		.eabi_attribute 21, 1
   5              		.eabi_attribute 23, 3
   6              		.eabi_attribute 24, 1
   7              		.eabi_attribute 25, 1
   8              		.eabi_attribute 26, 1
   9              		.eabi_attribute 30, 6
  10              		.eabi_attribute 34, 0
  11              		.eabi_attribute 18, 4
  12              		.code	16
  13              		.file	"StripLights_cisr.c"
  14              		.text
  15              	.Ltext0:
  16              		.cfi_sections	.debug_frame
  17              		.section	.text.StripLights_cisr_Start,"ax",%progbits
  18              		.align	2
  19              		.global	StripLights_cisr_Start
  20              		.code	16
  21              		.thumb_func
  22              		.type	StripLights_cisr_Start, %function
  23              	StripLights_cisr_Start:
  24              	.LFB0:
  25              		.file 1 ".\\Generated_Source\\PSoC4\\StripLights_cisr.c"
   1:.\Generated_Source\PSoC4/StripLights_cisr.c **** /*******************************************************************************
   2:.\Generated_Source\PSoC4/StripLights_cisr.c **** * File Name: StripLights_cisr.c  
   3:.\Generated_Source\PSoC4/StripLights_cisr.c **** * Version 1.70
   4:.\Generated_Source\PSoC4/StripLights_cisr.c **** *
   5:.\Generated_Source\PSoC4/StripLights_cisr.c **** *  Description:
   6:.\Generated_Source\PSoC4/StripLights_cisr.c **** *   API for controlling the state of an interrupt.
   7:.\Generated_Source\PSoC4/StripLights_cisr.c **** *
   8:.\Generated_Source\PSoC4/StripLights_cisr.c **** *
   9:.\Generated_Source\PSoC4/StripLights_cisr.c **** *  Note:
  10:.\Generated_Source\PSoC4/StripLights_cisr.c **** *
  11:.\Generated_Source\PSoC4/StripLights_cisr.c **** ********************************************************************************
  12:.\Generated_Source\PSoC4/StripLights_cisr.c **** * Copyright 2008-2015, Cypress Semiconductor Corporation.  All rights reserved.
  13:.\Generated_Source\PSoC4/StripLights_cisr.c **** * You may use this file only in accordance with the license, terms, conditions, 
  14:.\Generated_Source\PSoC4/StripLights_cisr.c **** * disclaimers, and limitations in the end user license agreement accompanying 
  15:.\Generated_Source\PSoC4/StripLights_cisr.c **** * the software package with which this file was provided.
  16:.\Generated_Source\PSoC4/StripLights_cisr.c **** *******************************************************************************/
  17:.\Generated_Source\PSoC4/StripLights_cisr.c **** 
  18:.\Generated_Source\PSoC4/StripLights_cisr.c **** 
  19:.\Generated_Source\PSoC4/StripLights_cisr.c **** #include <cydevice_trm.h>
  20:.\Generated_Source\PSoC4/StripLights_cisr.c **** #include <CyLib.h>
  21:.\Generated_Source\PSoC4/StripLights_cisr.c **** #include <StripLights_cisr.h>
  22:.\Generated_Source\PSoC4/StripLights_cisr.c **** 
  23:.\Generated_Source\PSoC4/StripLights_cisr.c **** 
  24:.\Generated_Source\PSoC4/StripLights_cisr.c **** #if !defined(StripLights_cisr__REMOVED) /* Check for removal by optimization */
  25:.\Generated_Source\PSoC4/StripLights_cisr.c **** 
  26:.\Generated_Source\PSoC4/StripLights_cisr.c **** /*******************************************************************************
  27:.\Generated_Source\PSoC4/StripLights_cisr.c **** *  Place your includes, defines and code here 
  28:.\Generated_Source\PSoC4/StripLights_cisr.c **** ********************************************************************************/
  29:.\Generated_Source\PSoC4/StripLights_cisr.c **** /* `#START StripLights_cisr_intc` */
  30:.\Generated_Source\PSoC4/StripLights_cisr.c **** 
  31:.\Generated_Source\PSoC4/StripLights_cisr.c **** /* `#END` */
  32:.\Generated_Source\PSoC4/StripLights_cisr.c **** 
ARM GAS  C:\Users\vangelis\AppData\Local\Temp\ccSgKgfm.s 			page 2


  33:.\Generated_Source\PSoC4/StripLights_cisr.c **** extern cyisraddress CyRamVectors[CYINT_IRQ_BASE + CY_NUM_INTERRUPTS];
  34:.\Generated_Source\PSoC4/StripLights_cisr.c **** 
  35:.\Generated_Source\PSoC4/StripLights_cisr.c **** /* Declared in startup, used to set unused interrupts to. */
  36:.\Generated_Source\PSoC4/StripLights_cisr.c **** CY_ISR_PROTO(IntDefaultHandler);
  37:.\Generated_Source\PSoC4/StripLights_cisr.c **** 
  38:.\Generated_Source\PSoC4/StripLights_cisr.c **** 
  39:.\Generated_Source\PSoC4/StripLights_cisr.c **** /*******************************************************************************
  40:.\Generated_Source\PSoC4/StripLights_cisr.c **** * Function Name: StripLights_cisr_Start
  41:.\Generated_Source\PSoC4/StripLights_cisr.c **** ********************************************************************************
  42:.\Generated_Source\PSoC4/StripLights_cisr.c **** *
  43:.\Generated_Source\PSoC4/StripLights_cisr.c **** * Summary:
  44:.\Generated_Source\PSoC4/StripLights_cisr.c **** *  Set up the interrupt and enable it. This function disables the interrupt, 
  45:.\Generated_Source\PSoC4/StripLights_cisr.c **** *  sets the default interrupt vector, sets the priority from the value in the
  46:.\Generated_Source\PSoC4/StripLights_cisr.c **** *  Design Wide Resources Interrupt Editor, then enables the interrupt to the 
  47:.\Generated_Source\PSoC4/StripLights_cisr.c **** *  interrupt controller.
  48:.\Generated_Source\PSoC4/StripLights_cisr.c **** *
  49:.\Generated_Source\PSoC4/StripLights_cisr.c **** * Parameters:  
  50:.\Generated_Source\PSoC4/StripLights_cisr.c **** *   None
  51:.\Generated_Source\PSoC4/StripLights_cisr.c **** *
  52:.\Generated_Source\PSoC4/StripLights_cisr.c **** * Return:
  53:.\Generated_Source\PSoC4/StripLights_cisr.c **** *   None
  54:.\Generated_Source\PSoC4/StripLights_cisr.c **** *
  55:.\Generated_Source\PSoC4/StripLights_cisr.c **** *******************************************************************************/
  56:.\Generated_Source\PSoC4/StripLights_cisr.c **** void StripLights_cisr_Start(void)
  57:.\Generated_Source\PSoC4/StripLights_cisr.c **** {
  26              		.loc 1 57 0
  27              		.cfi_startproc
  28 0000 80B5     		push	{r7, lr}
  29              		.cfi_def_cfa_offset 8
  30              		.cfi_offset 7, -8
  31              		.cfi_offset 14, -4
  32 0002 00AF     		add	r7, sp, #0
  33              		.cfi_def_cfa_register 7
  58:.\Generated_Source\PSoC4/StripLights_cisr.c ****     /* For all we know the interrupt is active. */
  59:.\Generated_Source\PSoC4/StripLights_cisr.c ****     StripLights_cisr_Disable();
  34              		.loc 1 59 0
  35 0004 FFF7FEFF 		bl	StripLights_cisr_Disable
  60:.\Generated_Source\PSoC4/StripLights_cisr.c **** 
  61:.\Generated_Source\PSoC4/StripLights_cisr.c ****     /* Set the ISR to point to the StripLights_cisr Interrupt. */
  62:.\Generated_Source\PSoC4/StripLights_cisr.c ****     StripLights_cisr_SetVector(&StripLights_cisr_Interrupt);
  36              		.loc 1 62 0
  37 0008 054B     		ldr	r3, .L2
  38 000a 181C     		mov	r0, r3
  39 000c FFF7FEFF 		bl	StripLights_cisr_SetVector
  63:.\Generated_Source\PSoC4/StripLights_cisr.c **** 
  64:.\Generated_Source\PSoC4/StripLights_cisr.c ****     /* Set the priority. */
  65:.\Generated_Source\PSoC4/StripLights_cisr.c ****     StripLights_cisr_SetPriority((uint8)StripLights_cisr_INTC_PRIOR_NUMBER);
  40              		.loc 1 65 0
  41 0010 0320     		mov	r0, #3
  42 0012 FFF7FEFF 		bl	StripLights_cisr_SetPriority
  66:.\Generated_Source\PSoC4/StripLights_cisr.c **** 
  67:.\Generated_Source\PSoC4/StripLights_cisr.c ****     /* Enable it. */
  68:.\Generated_Source\PSoC4/StripLights_cisr.c ****     StripLights_cisr_Enable();
  43              		.loc 1 68 0
  44 0016 FFF7FEFF 		bl	StripLights_cisr_Enable
  69:.\Generated_Source\PSoC4/StripLights_cisr.c **** }
  45              		.loc 1 69 0
ARM GAS  C:\Users\vangelis\AppData\Local\Temp\ccSgKgfm.s 			page 3


  46 001a BD46     		mov	sp, r7
  47              		@ sp needed
  48 001c 80BD     		pop	{r7, pc}
  49              	.L3:
  50 001e C046     		.align	2
  51              	.L2:
  52 0020 00000000 		.word	StripLights_cisr_Interrupt
  53              		.cfi_endproc
  54              	.LFE0:
  55              		.size	StripLights_cisr_Start, .-StripLights_cisr_Start
  56              		.section	.text.StripLights_cisr_StartEx,"ax",%progbits
  57              		.align	2
  58              		.global	StripLights_cisr_StartEx
  59              		.code	16
  60              		.thumb_func
  61              		.type	StripLights_cisr_StartEx, %function
  62              	StripLights_cisr_StartEx:
  63              	.LFB1:
  70:.\Generated_Source\PSoC4/StripLights_cisr.c **** 
  71:.\Generated_Source\PSoC4/StripLights_cisr.c **** 
  72:.\Generated_Source\PSoC4/StripLights_cisr.c **** /*******************************************************************************
  73:.\Generated_Source\PSoC4/StripLights_cisr.c **** * Function Name: StripLights_cisr_StartEx
  74:.\Generated_Source\PSoC4/StripLights_cisr.c **** ********************************************************************************
  75:.\Generated_Source\PSoC4/StripLights_cisr.c **** *
  76:.\Generated_Source\PSoC4/StripLights_cisr.c **** * Summary:
  77:.\Generated_Source\PSoC4/StripLights_cisr.c **** *  Sets up the interrupt and enables it. This function disables the interrupt,
  78:.\Generated_Source\PSoC4/StripLights_cisr.c **** *  sets the interrupt vector based on the address passed in, sets the priority 
  79:.\Generated_Source\PSoC4/StripLights_cisr.c **** *  from the value in the Design Wide Resources Interrupt Editor, then enables 
  80:.\Generated_Source\PSoC4/StripLights_cisr.c **** *  the interrupt to the interrupt controller.
  81:.\Generated_Source\PSoC4/StripLights_cisr.c **** *  
  82:.\Generated_Source\PSoC4/StripLights_cisr.c **** *  When defining ISR functions, the CY_ISR and CY_ISR_PROTO macros should be 
  83:.\Generated_Source\PSoC4/StripLights_cisr.c **** *  used to provide consistent definition across compilers:
  84:.\Generated_Source\PSoC4/StripLights_cisr.c **** *  
  85:.\Generated_Source\PSoC4/StripLights_cisr.c **** *  Function definition example:
  86:.\Generated_Source\PSoC4/StripLights_cisr.c **** *   CY_ISR(MyISR)
  87:.\Generated_Source\PSoC4/StripLights_cisr.c **** *   {
  88:.\Generated_Source\PSoC4/StripLights_cisr.c **** *   }
  89:.\Generated_Source\PSoC4/StripLights_cisr.c **** *   Function prototype example:
  90:.\Generated_Source\PSoC4/StripLights_cisr.c **** *   CY_ISR_PROTO(MyISR);
  91:.\Generated_Source\PSoC4/StripLights_cisr.c **** *
  92:.\Generated_Source\PSoC4/StripLights_cisr.c **** * Parameters:  
  93:.\Generated_Source\PSoC4/StripLights_cisr.c **** *   address: Address of the ISR to set in the interrupt vector table.
  94:.\Generated_Source\PSoC4/StripLights_cisr.c **** *
  95:.\Generated_Source\PSoC4/StripLights_cisr.c **** * Return:
  96:.\Generated_Source\PSoC4/StripLights_cisr.c **** *   None
  97:.\Generated_Source\PSoC4/StripLights_cisr.c **** *
  98:.\Generated_Source\PSoC4/StripLights_cisr.c **** *******************************************************************************/
  99:.\Generated_Source\PSoC4/StripLights_cisr.c **** void StripLights_cisr_StartEx(cyisraddress address)
 100:.\Generated_Source\PSoC4/StripLights_cisr.c **** {
  64              		.loc 1 100 0
  65              		.cfi_startproc
  66 0000 80B5     		push	{r7, lr}
  67              		.cfi_def_cfa_offset 8
  68              		.cfi_offset 7, -8
  69              		.cfi_offset 14, -4
  70 0002 82B0     		sub	sp, sp, #8
  71              		.cfi_def_cfa_offset 16
ARM GAS  C:\Users\vangelis\AppData\Local\Temp\ccSgKgfm.s 			page 4


  72 0004 00AF     		add	r7, sp, #0
  73              		.cfi_def_cfa_register 7
  74 0006 7860     		str	r0, [r7, #4]
 101:.\Generated_Source\PSoC4/StripLights_cisr.c ****     /* For all we know the interrupt is active. */
 102:.\Generated_Source\PSoC4/StripLights_cisr.c ****     StripLights_cisr_Disable();
  75              		.loc 1 102 0
  76 0008 FFF7FEFF 		bl	StripLights_cisr_Disable
 103:.\Generated_Source\PSoC4/StripLights_cisr.c **** 
 104:.\Generated_Source\PSoC4/StripLights_cisr.c ****     /* Set the ISR to point to the StripLights_cisr Interrupt. */
 105:.\Generated_Source\PSoC4/StripLights_cisr.c ****     StripLights_cisr_SetVector(address);
  77              		.loc 1 105 0
  78 000c 7B68     		ldr	r3, [r7, #4]
  79 000e 181C     		mov	r0, r3
  80 0010 FFF7FEFF 		bl	StripLights_cisr_SetVector
 106:.\Generated_Source\PSoC4/StripLights_cisr.c **** 
 107:.\Generated_Source\PSoC4/StripLights_cisr.c ****     /* Set the priority. */
 108:.\Generated_Source\PSoC4/StripLights_cisr.c ****     StripLights_cisr_SetPriority((uint8)StripLights_cisr_INTC_PRIOR_NUMBER);
  81              		.loc 1 108 0
  82 0014 0320     		mov	r0, #3
  83 0016 FFF7FEFF 		bl	StripLights_cisr_SetPriority
 109:.\Generated_Source\PSoC4/StripLights_cisr.c **** 
 110:.\Generated_Source\PSoC4/StripLights_cisr.c ****     /* Enable it. */
 111:.\Generated_Source\PSoC4/StripLights_cisr.c ****     StripLights_cisr_Enable();
  84              		.loc 1 111 0
  85 001a FFF7FEFF 		bl	StripLights_cisr_Enable
 112:.\Generated_Source\PSoC4/StripLights_cisr.c **** }
  86              		.loc 1 112 0
  87 001e BD46     		mov	sp, r7
  88 0020 02B0     		add	sp, sp, #8
  89              		@ sp needed
  90 0022 80BD     		pop	{r7, pc}
  91              		.cfi_endproc
  92              	.LFE1:
  93              		.size	StripLights_cisr_StartEx, .-StripLights_cisr_StartEx
  94              		.section	.text.StripLights_cisr_Stop,"ax",%progbits
  95              		.align	2
  96              		.global	StripLights_cisr_Stop
  97              		.code	16
  98              		.thumb_func
  99              		.type	StripLights_cisr_Stop, %function
 100              	StripLights_cisr_Stop:
 101              	.LFB2:
 113:.\Generated_Source\PSoC4/StripLights_cisr.c **** 
 114:.\Generated_Source\PSoC4/StripLights_cisr.c **** 
 115:.\Generated_Source\PSoC4/StripLights_cisr.c **** /*******************************************************************************
 116:.\Generated_Source\PSoC4/StripLights_cisr.c **** * Function Name: StripLights_cisr_Stop
 117:.\Generated_Source\PSoC4/StripLights_cisr.c **** ********************************************************************************
 118:.\Generated_Source\PSoC4/StripLights_cisr.c **** *
 119:.\Generated_Source\PSoC4/StripLights_cisr.c **** * Summary:
 120:.\Generated_Source\PSoC4/StripLights_cisr.c **** *   Disables and removes the interrupt.
 121:.\Generated_Source\PSoC4/StripLights_cisr.c **** *
 122:.\Generated_Source\PSoC4/StripLights_cisr.c **** * Parameters:  
 123:.\Generated_Source\PSoC4/StripLights_cisr.c **** *   None
 124:.\Generated_Source\PSoC4/StripLights_cisr.c **** *
 125:.\Generated_Source\PSoC4/StripLights_cisr.c **** * Return:
 126:.\Generated_Source\PSoC4/StripLights_cisr.c **** *   None
 127:.\Generated_Source\PSoC4/StripLights_cisr.c **** *
ARM GAS  C:\Users\vangelis\AppData\Local\Temp\ccSgKgfm.s 			page 5


 128:.\Generated_Source\PSoC4/StripLights_cisr.c **** *******************************************************************************/
 129:.\Generated_Source\PSoC4/StripLights_cisr.c **** void StripLights_cisr_Stop(void)
 130:.\Generated_Source\PSoC4/StripLights_cisr.c **** {
 102              		.loc 1 130 0
 103              		.cfi_startproc
 104 0000 80B5     		push	{r7, lr}
 105              		.cfi_def_cfa_offset 8
 106              		.cfi_offset 7, -8
 107              		.cfi_offset 14, -4
 108 0002 00AF     		add	r7, sp, #0
 109              		.cfi_def_cfa_register 7
 131:.\Generated_Source\PSoC4/StripLights_cisr.c ****     /* Disable this interrupt. */
 132:.\Generated_Source\PSoC4/StripLights_cisr.c ****     StripLights_cisr_Disable();
 110              		.loc 1 132 0
 111 0004 FFF7FEFF 		bl	StripLights_cisr_Disable
 133:.\Generated_Source\PSoC4/StripLights_cisr.c **** 
 134:.\Generated_Source\PSoC4/StripLights_cisr.c ****     /* Set the ISR to point to the passive one. */
 135:.\Generated_Source\PSoC4/StripLights_cisr.c ****     StripLights_cisr_SetVector(&IntDefaultHandler);
 112              		.loc 1 135 0
 113 0008 024B     		ldr	r3, .L6
 114 000a 181C     		mov	r0, r3
 115 000c FFF7FEFF 		bl	StripLights_cisr_SetVector
 136:.\Generated_Source\PSoC4/StripLights_cisr.c **** }
 116              		.loc 1 136 0
 117 0010 BD46     		mov	sp, r7
 118              		@ sp needed
 119 0012 80BD     		pop	{r7, pc}
 120              	.L7:
 121              		.align	2
 122              	.L6:
 123 0014 00000000 		.word	IntDefaultHandler
 124              		.cfi_endproc
 125              	.LFE2:
 126              		.size	StripLights_cisr_Stop, .-StripLights_cisr_Stop
 127              		.section	.text.StripLights_cisr_Interrupt,"ax",%progbits
 128              		.align	2
 129              		.global	StripLights_cisr_Interrupt
 130              		.code	16
 131              		.thumb_func
 132              		.type	StripLights_cisr_Interrupt, %function
 133              	StripLights_cisr_Interrupt:
 134              	.LFB3:
 137:.\Generated_Source\PSoC4/StripLights_cisr.c **** 
 138:.\Generated_Source\PSoC4/StripLights_cisr.c **** 
 139:.\Generated_Source\PSoC4/StripLights_cisr.c **** /*******************************************************************************
 140:.\Generated_Source\PSoC4/StripLights_cisr.c **** * Function Name: StripLights_cisr_Interrupt
 141:.\Generated_Source\PSoC4/StripLights_cisr.c **** ********************************************************************************
 142:.\Generated_Source\PSoC4/StripLights_cisr.c **** *
 143:.\Generated_Source\PSoC4/StripLights_cisr.c **** * Summary:
 144:.\Generated_Source\PSoC4/StripLights_cisr.c **** *   The default Interrupt Service Routine for StripLights_cisr.
 145:.\Generated_Source\PSoC4/StripLights_cisr.c **** *
 146:.\Generated_Source\PSoC4/StripLights_cisr.c **** *   Add custom code between the START and END comments to keep the next version
 147:.\Generated_Source\PSoC4/StripLights_cisr.c **** *   of this file from over-writing your code.
 148:.\Generated_Source\PSoC4/StripLights_cisr.c **** *
 149:.\Generated_Source\PSoC4/StripLights_cisr.c **** *   Note You may use either the default ISR by using this API, or you may define
 150:.\Generated_Source\PSoC4/StripLights_cisr.c **** *   your own separate ISR through ISR_StartEx().
 151:.\Generated_Source\PSoC4/StripLights_cisr.c **** *
ARM GAS  C:\Users\vangelis\AppData\Local\Temp\ccSgKgfm.s 			page 6


 152:.\Generated_Source\PSoC4/StripLights_cisr.c **** * Parameters:  
 153:.\Generated_Source\PSoC4/StripLights_cisr.c **** *   None
 154:.\Generated_Source\PSoC4/StripLights_cisr.c **** *
 155:.\Generated_Source\PSoC4/StripLights_cisr.c **** * Return:
 156:.\Generated_Source\PSoC4/StripLights_cisr.c **** *   None
 157:.\Generated_Source\PSoC4/StripLights_cisr.c **** *
 158:.\Generated_Source\PSoC4/StripLights_cisr.c **** *******************************************************************************/
 159:.\Generated_Source\PSoC4/StripLights_cisr.c **** CY_ISR(StripLights_cisr_Interrupt)
 160:.\Generated_Source\PSoC4/StripLights_cisr.c **** {
 135              		.loc 1 160 0
 136              		.cfi_startproc
 137 0000 80B5     		push	{r7, lr}
 138              		.cfi_def_cfa_offset 8
 139              		.cfi_offset 7, -8
 140              		.cfi_offset 14, -4
 141 0002 00AF     		add	r7, sp, #0
 142              		.cfi_def_cfa_register 7
 161:.\Generated_Source\PSoC4/StripLights_cisr.c ****     #ifdef StripLights_cisr_INTERRUPT_INTERRUPT_CALLBACK
 162:.\Generated_Source\PSoC4/StripLights_cisr.c ****         StripLights_cisr_Interrupt_InterruptCallback();
 163:.\Generated_Source\PSoC4/StripLights_cisr.c ****     #endif /* StripLights_cisr_INTERRUPT_INTERRUPT_CALLBACK */ 
 164:.\Generated_Source\PSoC4/StripLights_cisr.c **** 
 165:.\Generated_Source\PSoC4/StripLights_cisr.c ****     /*  Place your Interrupt code here. */
 166:.\Generated_Source\PSoC4/StripLights_cisr.c ****     /* `#START StripLights_cisr_Interrupt` */
 167:.\Generated_Source\PSoC4/StripLights_cisr.c **** 
 168:.\Generated_Source\PSoC4/StripLights_cisr.c ****     /* `#END` */
 169:.\Generated_Source\PSoC4/StripLights_cisr.c **** }
 143              		.loc 1 169 0
 144 0004 BD46     		mov	sp, r7
 145              		@ sp needed
 146 0006 80BD     		pop	{r7, pc}
 147              		.cfi_endproc
 148              	.LFE3:
 149              		.size	StripLights_cisr_Interrupt, .-StripLights_cisr_Interrupt
 150              		.section	.text.StripLights_cisr_SetVector,"ax",%progbits
 151              		.align	2
 152              		.global	StripLights_cisr_SetVector
 153              		.code	16
 154              		.thumb_func
 155              		.type	StripLights_cisr_SetVector, %function
 156              	StripLights_cisr_SetVector:
 157              	.LFB4:
 170:.\Generated_Source\PSoC4/StripLights_cisr.c **** 
 171:.\Generated_Source\PSoC4/StripLights_cisr.c **** 
 172:.\Generated_Source\PSoC4/StripLights_cisr.c **** /*******************************************************************************
 173:.\Generated_Source\PSoC4/StripLights_cisr.c **** * Function Name: StripLights_cisr_SetVector
 174:.\Generated_Source\PSoC4/StripLights_cisr.c **** ********************************************************************************
 175:.\Generated_Source\PSoC4/StripLights_cisr.c **** *
 176:.\Generated_Source\PSoC4/StripLights_cisr.c **** * Summary:
 177:.\Generated_Source\PSoC4/StripLights_cisr.c **** *   Change the ISR vector for the Interrupt. Note calling StripLights_cisr_Start
 178:.\Generated_Source\PSoC4/StripLights_cisr.c **** *   will override any effect this method would have had. To set the vector 
 179:.\Generated_Source\PSoC4/StripLights_cisr.c **** *   before the component has been started use StripLights_cisr_StartEx instead.
 180:.\Generated_Source\PSoC4/StripLights_cisr.c **** * 
 181:.\Generated_Source\PSoC4/StripLights_cisr.c **** *   When defining ISR functions, the CY_ISR and CY_ISR_PROTO macros should be 
 182:.\Generated_Source\PSoC4/StripLights_cisr.c **** *   used to provide consistent definition across compilers:
 183:.\Generated_Source\PSoC4/StripLights_cisr.c **** *
 184:.\Generated_Source\PSoC4/StripLights_cisr.c **** *   Function definition example:
 185:.\Generated_Source\PSoC4/StripLights_cisr.c **** *   CY_ISR(MyISR)
ARM GAS  C:\Users\vangelis\AppData\Local\Temp\ccSgKgfm.s 			page 7


 186:.\Generated_Source\PSoC4/StripLights_cisr.c **** *   {
 187:.\Generated_Source\PSoC4/StripLights_cisr.c **** *   }
 188:.\Generated_Source\PSoC4/StripLights_cisr.c **** *
 189:.\Generated_Source\PSoC4/StripLights_cisr.c **** *   Function prototype example:
 190:.\Generated_Source\PSoC4/StripLights_cisr.c **** *     CY_ISR_PROTO(MyISR);
 191:.\Generated_Source\PSoC4/StripLights_cisr.c **** *
 192:.\Generated_Source\PSoC4/StripLights_cisr.c **** * Parameters:
 193:.\Generated_Source\PSoC4/StripLights_cisr.c **** *   address: Address of the ISR to set in the interrupt vector table.
 194:.\Generated_Source\PSoC4/StripLights_cisr.c **** *
 195:.\Generated_Source\PSoC4/StripLights_cisr.c **** * Return:
 196:.\Generated_Source\PSoC4/StripLights_cisr.c **** *   None
 197:.\Generated_Source\PSoC4/StripLights_cisr.c **** *
 198:.\Generated_Source\PSoC4/StripLights_cisr.c **** *******************************************************************************/
 199:.\Generated_Source\PSoC4/StripLights_cisr.c **** void StripLights_cisr_SetVector(cyisraddress address)
 200:.\Generated_Source\PSoC4/StripLights_cisr.c **** {
 158              		.loc 1 200 0
 159              		.cfi_startproc
 160 0000 80B5     		push	{r7, lr}
 161              		.cfi_def_cfa_offset 8
 162              		.cfi_offset 7, -8
 163              		.cfi_offset 14, -4
 164 0002 82B0     		sub	sp, sp, #8
 165              		.cfi_def_cfa_offset 16
 166 0004 00AF     		add	r7, sp, #0
 167              		.cfi_def_cfa_register 7
 168 0006 7860     		str	r0, [r7, #4]
 201:.\Generated_Source\PSoC4/StripLights_cisr.c ****     CyRamVectors[CYINT_IRQ_BASE + StripLights_cisr__INTC_NUMBER] = address;
 169              		.loc 1 201 0
 170 0008 024B     		ldr	r3, .L10
 171 000a 7A68     		ldr	r2, [r7, #4]
 172 000c 1A64     		str	r2, [r3, #64]
 202:.\Generated_Source\PSoC4/StripLights_cisr.c **** }
 173              		.loc 1 202 0
 174 000e BD46     		mov	sp, r7
 175 0010 02B0     		add	sp, sp, #8
 176              		@ sp needed
 177 0012 80BD     		pop	{r7, pc}
 178              	.L11:
 179              		.align	2
 180              	.L10:
 181 0014 00000000 		.word	CyRamVectors
 182              		.cfi_endproc
 183              	.LFE4:
 184              		.size	StripLights_cisr_SetVector, .-StripLights_cisr_SetVector
 185              		.section	.text.StripLights_cisr_GetVector,"ax",%progbits
 186              		.align	2
 187              		.global	StripLights_cisr_GetVector
 188              		.code	16
 189              		.thumb_func
 190              		.type	StripLights_cisr_GetVector, %function
 191              	StripLights_cisr_GetVector:
 192              	.LFB5:
 203:.\Generated_Source\PSoC4/StripLights_cisr.c **** 
 204:.\Generated_Source\PSoC4/StripLights_cisr.c **** 
 205:.\Generated_Source\PSoC4/StripLights_cisr.c **** /*******************************************************************************
 206:.\Generated_Source\PSoC4/StripLights_cisr.c **** * Function Name: StripLights_cisr_GetVector
 207:.\Generated_Source\PSoC4/StripLights_cisr.c **** ********************************************************************************
ARM GAS  C:\Users\vangelis\AppData\Local\Temp\ccSgKgfm.s 			page 8


 208:.\Generated_Source\PSoC4/StripLights_cisr.c **** *
 209:.\Generated_Source\PSoC4/StripLights_cisr.c **** * Summary:
 210:.\Generated_Source\PSoC4/StripLights_cisr.c **** *   Gets the "address" of the current ISR vector for the Interrupt.
 211:.\Generated_Source\PSoC4/StripLights_cisr.c **** *
 212:.\Generated_Source\PSoC4/StripLights_cisr.c **** * Parameters:
 213:.\Generated_Source\PSoC4/StripLights_cisr.c **** *   None
 214:.\Generated_Source\PSoC4/StripLights_cisr.c **** *
 215:.\Generated_Source\PSoC4/StripLights_cisr.c **** * Return:
 216:.\Generated_Source\PSoC4/StripLights_cisr.c **** *   Address of the ISR in the interrupt vector table.
 217:.\Generated_Source\PSoC4/StripLights_cisr.c **** *
 218:.\Generated_Source\PSoC4/StripLights_cisr.c **** *******************************************************************************/
 219:.\Generated_Source\PSoC4/StripLights_cisr.c **** cyisraddress StripLights_cisr_GetVector(void)
 220:.\Generated_Source\PSoC4/StripLights_cisr.c **** {
 193              		.loc 1 220 0
 194              		.cfi_startproc
 195 0000 80B5     		push	{r7, lr}
 196              		.cfi_def_cfa_offset 8
 197              		.cfi_offset 7, -8
 198              		.cfi_offset 14, -4
 199 0002 00AF     		add	r7, sp, #0
 200              		.cfi_def_cfa_register 7
 221:.\Generated_Source\PSoC4/StripLights_cisr.c ****     return CyRamVectors[CYINT_IRQ_BASE + StripLights_cisr__INTC_NUMBER];
 201              		.loc 1 221 0
 202 0004 024B     		ldr	r3, .L14
 203 0006 1B6C     		ldr	r3, [r3, #64]
 222:.\Generated_Source\PSoC4/StripLights_cisr.c **** }
 204              		.loc 1 222 0
 205 0008 181C     		mov	r0, r3
 206 000a BD46     		mov	sp, r7
 207              		@ sp needed
 208 000c 80BD     		pop	{r7, pc}
 209              	.L15:
 210 000e C046     		.align	2
 211              	.L14:
 212 0010 00000000 		.word	CyRamVectors
 213              		.cfi_endproc
 214              	.LFE5:
 215              		.size	StripLights_cisr_GetVector, .-StripLights_cisr_GetVector
 216              		.section	.text.StripLights_cisr_SetPriority,"ax",%progbits
 217              		.align	2
 218              		.global	StripLights_cisr_SetPriority
 219              		.code	16
 220              		.thumb_func
 221              		.type	StripLights_cisr_SetPriority, %function
 222              	StripLights_cisr_SetPriority:
 223              	.LFB6:
 223:.\Generated_Source\PSoC4/StripLights_cisr.c **** 
 224:.\Generated_Source\PSoC4/StripLights_cisr.c **** 
 225:.\Generated_Source\PSoC4/StripLights_cisr.c **** /*******************************************************************************
 226:.\Generated_Source\PSoC4/StripLights_cisr.c **** * Function Name: StripLights_cisr_SetPriority
 227:.\Generated_Source\PSoC4/StripLights_cisr.c **** ********************************************************************************
 228:.\Generated_Source\PSoC4/StripLights_cisr.c **** *
 229:.\Generated_Source\PSoC4/StripLights_cisr.c **** * Summary:
 230:.\Generated_Source\PSoC4/StripLights_cisr.c **** *   Sets the Priority of the Interrupt. 
 231:.\Generated_Source\PSoC4/StripLights_cisr.c **** *
 232:.\Generated_Source\PSoC4/StripLights_cisr.c **** *   Note calling StripLights_cisr_Start or StripLights_cisr_StartEx will 
 233:.\Generated_Source\PSoC4/StripLights_cisr.c **** *   override any effect this API would have had. This API should only be called
ARM GAS  C:\Users\vangelis\AppData\Local\Temp\ccSgKgfm.s 			page 9


 234:.\Generated_Source\PSoC4/StripLights_cisr.c **** *   after StripLights_cisr_Start or StripLights_cisr_StartEx has been called. 
 235:.\Generated_Source\PSoC4/StripLights_cisr.c **** *   To set the initial priority for the component, use the Design-Wide Resources
 236:.\Generated_Source\PSoC4/StripLights_cisr.c **** *   Interrupt Editor.
 237:.\Generated_Source\PSoC4/StripLights_cisr.c **** *
 238:.\Generated_Source\PSoC4/StripLights_cisr.c **** *   Note This API has no effect on Non-maskable interrupt NMI).
 239:.\Generated_Source\PSoC4/StripLights_cisr.c **** *
 240:.\Generated_Source\PSoC4/StripLights_cisr.c **** * Parameters:
 241:.\Generated_Source\PSoC4/StripLights_cisr.c **** *   priority: Priority of the interrupt, 0 being the highest priority
 242:.\Generated_Source\PSoC4/StripLights_cisr.c **** *             PSoC 3 and PSoC 5LP: Priority is from 0 to 7.
 243:.\Generated_Source\PSoC4/StripLights_cisr.c **** *             PSoC 4: Priority is from 0 to 3.
 244:.\Generated_Source\PSoC4/StripLights_cisr.c **** *
 245:.\Generated_Source\PSoC4/StripLights_cisr.c **** * Return:
 246:.\Generated_Source\PSoC4/StripLights_cisr.c **** *   None
 247:.\Generated_Source\PSoC4/StripLights_cisr.c **** *
 248:.\Generated_Source\PSoC4/StripLights_cisr.c **** *******************************************************************************/
 249:.\Generated_Source\PSoC4/StripLights_cisr.c **** void StripLights_cisr_SetPriority(uint8 priority)
 250:.\Generated_Source\PSoC4/StripLights_cisr.c **** {
 224              		.loc 1 250 0
 225              		.cfi_startproc
 226 0000 90B5     		push	{r4, r7, lr}
 227              		.cfi_def_cfa_offset 12
 228              		.cfi_offset 4, -12
 229              		.cfi_offset 7, -8
 230              		.cfi_offset 14, -4
 231 0002 85B0     		sub	sp, sp, #20
 232              		.cfi_def_cfa_offset 32
 233 0004 00AF     		add	r7, sp, #0
 234              		.cfi_def_cfa_register 7
 235 0006 021C     		mov	r2, r0
 236 0008 FB1D     		add	r3, r7, #7
 237 000a 1A70     		strb	r2, [r3]
 251:.\Generated_Source\PSoC4/StripLights_cisr.c **** 	uint8 interruptState;
 252:.\Generated_Source\PSoC4/StripLights_cisr.c ****     uint32 priorityOffset = ((StripLights_cisr__INTC_NUMBER % 4u) * 8u) + 6u;
 238              		.loc 1 252 0
 239 000c 0623     		mov	r3, #6
 240 000e FB60     		str	r3, [r7, #12]
 253:.\Generated_Source\PSoC4/StripLights_cisr.c ****     
 254:.\Generated_Source\PSoC4/StripLights_cisr.c **** 	interruptState = CyEnterCriticalSection();
 241              		.loc 1 254 0
 242 0010 0B23     		mov	r3, #11
 243 0012 FC18     		add	r4, r7, r3
 244 0014 FFF7FEFF 		bl	CyEnterCriticalSection
 245 0018 031C     		mov	r3, r0
 246 001a 2370     		strb	r3, [r4]
 255:.\Generated_Source\PSoC4/StripLights_cisr.c ****     *StripLights_cisr_INTC_PRIOR = (*StripLights_cisr_INTC_PRIOR & (uint32)(~StripLights_cisr__INTC
 247              		.loc 1 255 0
 248 001c 0A4B     		ldr	r3, .L17
 249 001e 0A4A     		ldr	r2, .L17
 250 0020 1268     		ldr	r2, [r2]
 251 0022 C021     		mov	r1, #192
 252 0024 8A43     		bic	r2, r1
 253 0026 111C     		mov	r1, r2
 256:.\Generated_Source\PSoC4/StripLights_cisr.c ****                                     ((uint32)priority << priorityOffset);
 254              		.loc 1 256 0
 255 0028 FA1D     		add	r2, r7, #7
 256 002a 1078     		ldrb	r0, [r2]
 257 002c FA68     		ldr	r2, [r7, #12]
ARM GAS  C:\Users\vangelis\AppData\Local\Temp\ccSgKgfm.s 			page 10


 258 002e 9040     		lsl	r0, r0, r2
 259 0030 021C     		mov	r2, r0
 255:.\Generated_Source\PSoC4/StripLights_cisr.c ****     *StripLights_cisr_INTC_PRIOR = (*StripLights_cisr_INTC_PRIOR & (uint32)(~StripLights_cisr__INTC
 260              		.loc 1 255 0
 261 0032 0A43     		orr	r2, r1
 262 0034 1A60     		str	r2, [r3]
 257:.\Generated_Source\PSoC4/StripLights_cisr.c **** 	CyExitCriticalSection(interruptState);
 263              		.loc 1 257 0
 264 0036 0B23     		mov	r3, #11
 265 0038 FB18     		add	r3, r7, r3
 266 003a 1B78     		ldrb	r3, [r3]
 267 003c 181C     		mov	r0, r3
 268 003e FFF7FEFF 		bl	CyExitCriticalSection
 258:.\Generated_Source\PSoC4/StripLights_cisr.c **** }
 269              		.loc 1 258 0
 270 0042 BD46     		mov	sp, r7
 271 0044 05B0     		add	sp, sp, #20
 272              		@ sp needed
 273 0046 90BD     		pop	{r4, r7, pc}
 274              	.L18:
 275              		.align	2
 276              	.L17:
 277 0048 00E400E0 		.word	-536812544
 278              		.cfi_endproc
 279              	.LFE6:
 280              		.size	StripLights_cisr_SetPriority, .-StripLights_cisr_SetPriority
 281              		.section	.text.StripLights_cisr_GetPriority,"ax",%progbits
 282              		.align	2
 283              		.global	StripLights_cisr_GetPriority
 284              		.code	16
 285              		.thumb_func
 286              		.type	StripLights_cisr_GetPriority, %function
 287              	StripLights_cisr_GetPriority:
 288              	.LFB7:
 259:.\Generated_Source\PSoC4/StripLights_cisr.c **** 
 260:.\Generated_Source\PSoC4/StripLights_cisr.c **** 
 261:.\Generated_Source\PSoC4/StripLights_cisr.c **** /*******************************************************************************
 262:.\Generated_Source\PSoC4/StripLights_cisr.c **** * Function Name: StripLights_cisr_GetPriority
 263:.\Generated_Source\PSoC4/StripLights_cisr.c **** ********************************************************************************
 264:.\Generated_Source\PSoC4/StripLights_cisr.c **** *
 265:.\Generated_Source\PSoC4/StripLights_cisr.c **** * Summary:
 266:.\Generated_Source\PSoC4/StripLights_cisr.c **** *   Gets the Priority of the Interrupt.
 267:.\Generated_Source\PSoC4/StripLights_cisr.c **** *
 268:.\Generated_Source\PSoC4/StripLights_cisr.c **** * Parameters:
 269:.\Generated_Source\PSoC4/StripLights_cisr.c **** *   None
 270:.\Generated_Source\PSoC4/StripLights_cisr.c **** *
 271:.\Generated_Source\PSoC4/StripLights_cisr.c **** * Return:
 272:.\Generated_Source\PSoC4/StripLights_cisr.c **** *   Priority of the interrupt, 0 being the highest priority
 273:.\Generated_Source\PSoC4/StripLights_cisr.c **** *    PSoC 3 and PSoC 5LP: Priority is from 0 to 7.
 274:.\Generated_Source\PSoC4/StripLights_cisr.c **** *    PSoC 4: Priority is from 0 to 3.
 275:.\Generated_Source\PSoC4/StripLights_cisr.c **** *
 276:.\Generated_Source\PSoC4/StripLights_cisr.c **** *******************************************************************************/
 277:.\Generated_Source\PSoC4/StripLights_cisr.c **** uint8 StripLights_cisr_GetPriority(void)
 278:.\Generated_Source\PSoC4/StripLights_cisr.c **** {
 289              		.loc 1 278 0
 290              		.cfi_startproc
 291 0000 80B5     		push	{r7, lr}
ARM GAS  C:\Users\vangelis\AppData\Local\Temp\ccSgKgfm.s 			page 11


 292              		.cfi_def_cfa_offset 8
 293              		.cfi_offset 7, -8
 294              		.cfi_offset 14, -4
 295 0002 82B0     		sub	sp, sp, #8
 296              		.cfi_def_cfa_offset 16
 297 0004 00AF     		add	r7, sp, #0
 298              		.cfi_def_cfa_register 7
 279:.\Generated_Source\PSoC4/StripLights_cisr.c ****     uint32 priority;
 280:.\Generated_Source\PSoC4/StripLights_cisr.c **** 	uint32 priorityOffset = ((StripLights_cisr__INTC_NUMBER % 4u) * 8u) + 6u;
 299              		.loc 1 280 0
 300 0006 0623     		mov	r3, #6
 301 0008 7B60     		str	r3, [r7, #4]
 281:.\Generated_Source\PSoC4/StripLights_cisr.c **** 
 282:.\Generated_Source\PSoC4/StripLights_cisr.c ****     priority = (*StripLights_cisr_INTC_PRIOR & StripLights_cisr__INTC_PRIOR_MASK) >> priorityOffset
 302              		.loc 1 282 0
 303 000a 074B     		ldr	r3, .L21
 304 000c 1B68     		ldr	r3, [r3]
 305 000e C022     		mov	r2, #192
 306 0010 1A40     		and	r2, r3
 307 0012 7B68     		ldr	r3, [r7, #4]
 308 0014 DA40     		lsr	r2, r2, r3
 309 0016 131C     		mov	r3, r2
 310 0018 3B60     		str	r3, [r7]
 283:.\Generated_Source\PSoC4/StripLights_cisr.c **** 
 284:.\Generated_Source\PSoC4/StripLights_cisr.c ****     return (uint8)priority;
 311              		.loc 1 284 0
 312 001a 3B68     		ldr	r3, [r7]
 313 001c DBB2     		uxtb	r3, r3
 285:.\Generated_Source\PSoC4/StripLights_cisr.c **** }
 314              		.loc 1 285 0
 315 001e 181C     		mov	r0, r3
 316 0020 BD46     		mov	sp, r7
 317 0022 02B0     		add	sp, sp, #8
 318              		@ sp needed
 319 0024 80BD     		pop	{r7, pc}
 320              	.L22:
 321 0026 C046     		.align	2
 322              	.L21:
 323 0028 00E400E0 		.word	-536812544
 324              		.cfi_endproc
 325              	.LFE7:
 326              		.size	StripLights_cisr_GetPriority, .-StripLights_cisr_GetPriority
 327              		.section	.text.StripLights_cisr_Enable,"ax",%progbits
 328              		.align	2
 329              		.global	StripLights_cisr_Enable
 330              		.code	16
 331              		.thumb_func
 332              		.type	StripLights_cisr_Enable, %function
 333              	StripLights_cisr_Enable:
 334              	.LFB8:
 286:.\Generated_Source\PSoC4/StripLights_cisr.c **** 
 287:.\Generated_Source\PSoC4/StripLights_cisr.c **** 
 288:.\Generated_Source\PSoC4/StripLights_cisr.c **** /*******************************************************************************
 289:.\Generated_Source\PSoC4/StripLights_cisr.c **** * Function Name: StripLights_cisr_Enable
 290:.\Generated_Source\PSoC4/StripLights_cisr.c **** ********************************************************************************
 291:.\Generated_Source\PSoC4/StripLights_cisr.c **** *
 292:.\Generated_Source\PSoC4/StripLights_cisr.c **** * Summary:
ARM GAS  C:\Users\vangelis\AppData\Local\Temp\ccSgKgfm.s 			page 12


 293:.\Generated_Source\PSoC4/StripLights_cisr.c **** *   Enables the interrupt to the interrupt controller. Do not call this function
 294:.\Generated_Source\PSoC4/StripLights_cisr.c **** *   unless ISR_Start() has been called or the functionality of the ISR_Start() 
 295:.\Generated_Source\PSoC4/StripLights_cisr.c **** *   function, which sets the vector and the priority, has been called.
 296:.\Generated_Source\PSoC4/StripLights_cisr.c **** *
 297:.\Generated_Source\PSoC4/StripLights_cisr.c **** * Parameters:
 298:.\Generated_Source\PSoC4/StripLights_cisr.c **** *   None
 299:.\Generated_Source\PSoC4/StripLights_cisr.c **** *
 300:.\Generated_Source\PSoC4/StripLights_cisr.c **** * Return:
 301:.\Generated_Source\PSoC4/StripLights_cisr.c **** *   None
 302:.\Generated_Source\PSoC4/StripLights_cisr.c **** *
 303:.\Generated_Source\PSoC4/StripLights_cisr.c **** *******************************************************************************/
 304:.\Generated_Source\PSoC4/StripLights_cisr.c **** void StripLights_cisr_Enable(void)
 305:.\Generated_Source\PSoC4/StripLights_cisr.c **** {
 335              		.loc 1 305 0
 336              		.cfi_startproc
 337 0000 80B5     		push	{r7, lr}
 338              		.cfi_def_cfa_offset 8
 339              		.cfi_offset 7, -8
 340              		.cfi_offset 14, -4
 341 0002 00AF     		add	r7, sp, #0
 342              		.cfi_def_cfa_register 7
 306:.\Generated_Source\PSoC4/StripLights_cisr.c ****     /* Enable the general interrupt. */
 307:.\Generated_Source\PSoC4/StripLights_cisr.c ****     *StripLights_cisr_INTC_SET_EN = StripLights_cisr__INTC_MASK;
 343              		.loc 1 307 0
 344 0004 024B     		ldr	r3, .L24
 345 0006 0122     		mov	r2, #1
 346 0008 1A60     		str	r2, [r3]
 308:.\Generated_Source\PSoC4/StripLights_cisr.c **** }
 347              		.loc 1 308 0
 348 000a BD46     		mov	sp, r7
 349              		@ sp needed
 350 000c 80BD     		pop	{r7, pc}
 351              	.L25:
 352 000e C046     		.align	2
 353              	.L24:
 354 0010 00E100E0 		.word	-536813312
 355              		.cfi_endproc
 356              	.LFE8:
 357              		.size	StripLights_cisr_Enable, .-StripLights_cisr_Enable
 358              		.section	.text.StripLights_cisr_GetState,"ax",%progbits
 359              		.align	2
 360              		.global	StripLights_cisr_GetState
 361              		.code	16
 362              		.thumb_func
 363              		.type	StripLights_cisr_GetState, %function
 364              	StripLights_cisr_GetState:
 365              	.LFB9:
 309:.\Generated_Source\PSoC4/StripLights_cisr.c **** 
 310:.\Generated_Source\PSoC4/StripLights_cisr.c **** 
 311:.\Generated_Source\PSoC4/StripLights_cisr.c **** /*******************************************************************************
 312:.\Generated_Source\PSoC4/StripLights_cisr.c **** * Function Name: StripLights_cisr_GetState
 313:.\Generated_Source\PSoC4/StripLights_cisr.c **** ********************************************************************************
 314:.\Generated_Source\PSoC4/StripLights_cisr.c **** *
 315:.\Generated_Source\PSoC4/StripLights_cisr.c **** * Summary:
 316:.\Generated_Source\PSoC4/StripLights_cisr.c **** *   Gets the state (enabled, disabled) of the Interrupt.
 317:.\Generated_Source\PSoC4/StripLights_cisr.c **** *
 318:.\Generated_Source\PSoC4/StripLights_cisr.c **** * Parameters:
ARM GAS  C:\Users\vangelis\AppData\Local\Temp\ccSgKgfm.s 			page 13


 319:.\Generated_Source\PSoC4/StripLights_cisr.c **** *   None
 320:.\Generated_Source\PSoC4/StripLights_cisr.c **** *
 321:.\Generated_Source\PSoC4/StripLights_cisr.c **** * Return:
 322:.\Generated_Source\PSoC4/StripLights_cisr.c **** *   1 if enabled, 0 if disabled.
 323:.\Generated_Source\PSoC4/StripLights_cisr.c **** *
 324:.\Generated_Source\PSoC4/StripLights_cisr.c **** *******************************************************************************/
 325:.\Generated_Source\PSoC4/StripLights_cisr.c **** uint8 StripLights_cisr_GetState(void)
 326:.\Generated_Source\PSoC4/StripLights_cisr.c **** {
 366              		.loc 1 326 0
 367              		.cfi_startproc
 368 0000 80B5     		push	{r7, lr}
 369              		.cfi_def_cfa_offset 8
 370              		.cfi_offset 7, -8
 371              		.cfi_offset 14, -4
 372 0002 00AF     		add	r7, sp, #0
 373              		.cfi_def_cfa_register 7
 327:.\Generated_Source\PSoC4/StripLights_cisr.c ****     /* Get the state of the general interrupt. */
 328:.\Generated_Source\PSoC4/StripLights_cisr.c ****     return ((*StripLights_cisr_INTC_SET_EN & (uint32)StripLights_cisr__INTC_MASK) != 0u) ? 1u:0u;
 374              		.loc 1 328 0
 375 0004 044B     		ldr	r3, .L28
 376 0006 1B68     		ldr	r3, [r3]
 377 0008 DBB2     		uxtb	r3, r3
 378 000a 0122     		mov	r2, #1
 379 000c 1340     		and	r3, r2
 380 000e DBB2     		uxtb	r3, r3
 329:.\Generated_Source\PSoC4/StripLights_cisr.c **** }
 381              		.loc 1 329 0
 382 0010 181C     		mov	r0, r3
 383 0012 BD46     		mov	sp, r7
 384              		@ sp needed
 385 0014 80BD     		pop	{r7, pc}
 386              	.L29:
 387 0016 C046     		.align	2
 388              	.L28:
 389 0018 00E100E0 		.word	-536813312
 390              		.cfi_endproc
 391              	.LFE9:
 392              		.size	StripLights_cisr_GetState, .-StripLights_cisr_GetState
 393              		.section	.text.StripLights_cisr_Disable,"ax",%progbits
 394              		.align	2
 395              		.global	StripLights_cisr_Disable
 396              		.code	16
 397              		.thumb_func
 398              		.type	StripLights_cisr_Disable, %function
 399              	StripLights_cisr_Disable:
 400              	.LFB10:
 330:.\Generated_Source\PSoC4/StripLights_cisr.c **** 
 331:.\Generated_Source\PSoC4/StripLights_cisr.c **** 
 332:.\Generated_Source\PSoC4/StripLights_cisr.c **** /*******************************************************************************
 333:.\Generated_Source\PSoC4/StripLights_cisr.c **** * Function Name: StripLights_cisr_Disable
 334:.\Generated_Source\PSoC4/StripLights_cisr.c **** ********************************************************************************
 335:.\Generated_Source\PSoC4/StripLights_cisr.c **** *
 336:.\Generated_Source\PSoC4/StripLights_cisr.c **** * Summary:
 337:.\Generated_Source\PSoC4/StripLights_cisr.c **** *   Disables the Interrupt in the interrupt controller.
 338:.\Generated_Source\PSoC4/StripLights_cisr.c **** *
 339:.\Generated_Source\PSoC4/StripLights_cisr.c **** * Parameters:
 340:.\Generated_Source\PSoC4/StripLights_cisr.c **** *   None
ARM GAS  C:\Users\vangelis\AppData\Local\Temp\ccSgKgfm.s 			page 14


 341:.\Generated_Source\PSoC4/StripLights_cisr.c **** *
 342:.\Generated_Source\PSoC4/StripLights_cisr.c **** * Return:
 343:.\Generated_Source\PSoC4/StripLights_cisr.c **** *   None
 344:.\Generated_Source\PSoC4/StripLights_cisr.c **** *
 345:.\Generated_Source\PSoC4/StripLights_cisr.c **** *******************************************************************************/
 346:.\Generated_Source\PSoC4/StripLights_cisr.c **** void StripLights_cisr_Disable(void)
 347:.\Generated_Source\PSoC4/StripLights_cisr.c **** {
 401              		.loc 1 347 0
 402              		.cfi_startproc
 403 0000 80B5     		push	{r7, lr}
 404              		.cfi_def_cfa_offset 8
 405              		.cfi_offset 7, -8
 406              		.cfi_offset 14, -4
 407 0002 00AF     		add	r7, sp, #0
 408              		.cfi_def_cfa_register 7
 348:.\Generated_Source\PSoC4/StripLights_cisr.c ****     /* Disable the general interrupt. */
 349:.\Generated_Source\PSoC4/StripLights_cisr.c ****     *StripLights_cisr_INTC_CLR_EN = StripLights_cisr__INTC_MASK;
 409              		.loc 1 349 0
 410 0004 024B     		ldr	r3, .L31
 411 0006 0122     		mov	r2, #1
 412 0008 1A60     		str	r2, [r3]
 350:.\Generated_Source\PSoC4/StripLights_cisr.c **** }
 413              		.loc 1 350 0
 414 000a BD46     		mov	sp, r7
 415              		@ sp needed
 416 000c 80BD     		pop	{r7, pc}
 417              	.L32:
 418 000e C046     		.align	2
 419              	.L31:
 420 0010 80E100E0 		.word	-536813184
 421              		.cfi_endproc
 422              	.LFE10:
 423              		.size	StripLights_cisr_Disable, .-StripLights_cisr_Disable
 424              		.section	.text.StripLights_cisr_SetPending,"ax",%progbits
 425              		.align	2
 426              		.global	StripLights_cisr_SetPending
 427              		.code	16
 428              		.thumb_func
 429              		.type	StripLights_cisr_SetPending, %function
 430              	StripLights_cisr_SetPending:
 431              	.LFB11:
 351:.\Generated_Source\PSoC4/StripLights_cisr.c **** 
 352:.\Generated_Source\PSoC4/StripLights_cisr.c **** 
 353:.\Generated_Source\PSoC4/StripLights_cisr.c **** /*******************************************************************************
 354:.\Generated_Source\PSoC4/StripLights_cisr.c **** * Function Name: StripLights_cisr_SetPending
 355:.\Generated_Source\PSoC4/StripLights_cisr.c **** ********************************************************************************
 356:.\Generated_Source\PSoC4/StripLights_cisr.c **** *
 357:.\Generated_Source\PSoC4/StripLights_cisr.c **** * Summary:
 358:.\Generated_Source\PSoC4/StripLights_cisr.c **** *   Causes the Interrupt to enter the pending state, a software method of
 359:.\Generated_Source\PSoC4/StripLights_cisr.c **** *   generating the interrupt.
 360:.\Generated_Source\PSoC4/StripLights_cisr.c **** *
 361:.\Generated_Source\PSoC4/StripLights_cisr.c **** * Parameters:
 362:.\Generated_Source\PSoC4/StripLights_cisr.c **** *   None
 363:.\Generated_Source\PSoC4/StripLights_cisr.c **** *
 364:.\Generated_Source\PSoC4/StripLights_cisr.c **** * Return:
 365:.\Generated_Source\PSoC4/StripLights_cisr.c **** *   None
 366:.\Generated_Source\PSoC4/StripLights_cisr.c **** *
ARM GAS  C:\Users\vangelis\AppData\Local\Temp\ccSgKgfm.s 			page 15


 367:.\Generated_Source\PSoC4/StripLights_cisr.c **** * Side Effects:
 368:.\Generated_Source\PSoC4/StripLights_cisr.c **** *   If interrupts are enabled and the interrupt is set up properly, the ISR is
 369:.\Generated_Source\PSoC4/StripLights_cisr.c **** *   entered (depending on the priority of this interrupt and other pending 
 370:.\Generated_Source\PSoC4/StripLights_cisr.c **** *   interrupts).
 371:.\Generated_Source\PSoC4/StripLights_cisr.c **** *
 372:.\Generated_Source\PSoC4/StripLights_cisr.c **** *******************************************************************************/
 373:.\Generated_Source\PSoC4/StripLights_cisr.c **** void StripLights_cisr_SetPending(void)
 374:.\Generated_Source\PSoC4/StripLights_cisr.c **** {
 432              		.loc 1 374 0
 433              		.cfi_startproc
 434 0000 80B5     		push	{r7, lr}
 435              		.cfi_def_cfa_offset 8
 436              		.cfi_offset 7, -8
 437              		.cfi_offset 14, -4
 438 0002 00AF     		add	r7, sp, #0
 439              		.cfi_def_cfa_register 7
 375:.\Generated_Source\PSoC4/StripLights_cisr.c ****     *StripLights_cisr_INTC_SET_PD = StripLights_cisr__INTC_MASK;
 440              		.loc 1 375 0
 441 0004 024B     		ldr	r3, .L34
 442 0006 0122     		mov	r2, #1
 443 0008 1A60     		str	r2, [r3]
 376:.\Generated_Source\PSoC4/StripLights_cisr.c **** }
 444              		.loc 1 376 0
 445 000a BD46     		mov	sp, r7
 446              		@ sp needed
 447 000c 80BD     		pop	{r7, pc}
 448              	.L35:
 449 000e C046     		.align	2
 450              	.L34:
 451 0010 00E200E0 		.word	-536813056
 452              		.cfi_endproc
 453              	.LFE11:
 454              		.size	StripLights_cisr_SetPending, .-StripLights_cisr_SetPending
 455              		.section	.text.StripLights_cisr_ClearPending,"ax",%progbits
 456              		.align	2
 457              		.global	StripLights_cisr_ClearPending
 458              		.code	16
 459              		.thumb_func
 460              		.type	StripLights_cisr_ClearPending, %function
 461              	StripLights_cisr_ClearPending:
 462              	.LFB12:
 377:.\Generated_Source\PSoC4/StripLights_cisr.c **** 
 378:.\Generated_Source\PSoC4/StripLights_cisr.c **** 
 379:.\Generated_Source\PSoC4/StripLights_cisr.c **** /*******************************************************************************
 380:.\Generated_Source\PSoC4/StripLights_cisr.c **** * Function Name: StripLights_cisr_ClearPending
 381:.\Generated_Source\PSoC4/StripLights_cisr.c **** ********************************************************************************
 382:.\Generated_Source\PSoC4/StripLights_cisr.c **** *
 383:.\Generated_Source\PSoC4/StripLights_cisr.c **** * Summary:
 384:.\Generated_Source\PSoC4/StripLights_cisr.c **** *   Clears a pending interrupt in the interrupt controller.
 385:.\Generated_Source\PSoC4/StripLights_cisr.c **** *
 386:.\Generated_Source\PSoC4/StripLights_cisr.c **** *   Note Some interrupt sources are clear-on-read and require the block 
 387:.\Generated_Source\PSoC4/StripLights_cisr.c **** *   interrupt/status register to be read/cleared with the appropriate block API 
 388:.\Generated_Source\PSoC4/StripLights_cisr.c **** *   (GPIO, UART, and so on). Otherwise the ISR will continue to remain in 
 389:.\Generated_Source\PSoC4/StripLights_cisr.c **** *   pending state even though the interrupt itself is cleared using this API.
 390:.\Generated_Source\PSoC4/StripLights_cisr.c **** *
 391:.\Generated_Source\PSoC4/StripLights_cisr.c **** * Parameters:
 392:.\Generated_Source\PSoC4/StripLights_cisr.c **** *   None
ARM GAS  C:\Users\vangelis\AppData\Local\Temp\ccSgKgfm.s 			page 16


 393:.\Generated_Source\PSoC4/StripLights_cisr.c **** *
 394:.\Generated_Source\PSoC4/StripLights_cisr.c **** * Return:
 395:.\Generated_Source\PSoC4/StripLights_cisr.c **** *   None
 396:.\Generated_Source\PSoC4/StripLights_cisr.c **** *
 397:.\Generated_Source\PSoC4/StripLights_cisr.c **** *******************************************************************************/
 398:.\Generated_Source\PSoC4/StripLights_cisr.c **** void StripLights_cisr_ClearPending(void)
 399:.\Generated_Source\PSoC4/StripLights_cisr.c **** {
 463              		.loc 1 399 0
 464              		.cfi_startproc
 465 0000 80B5     		push	{r7, lr}
 466              		.cfi_def_cfa_offset 8
 467              		.cfi_offset 7, -8
 468              		.cfi_offset 14, -4
 469 0002 00AF     		add	r7, sp, #0
 470              		.cfi_def_cfa_register 7
 400:.\Generated_Source\PSoC4/StripLights_cisr.c ****     *StripLights_cisr_INTC_CLR_PD = StripLights_cisr__INTC_MASK;
 471              		.loc 1 400 0
 472 0004 024B     		ldr	r3, .L37
 473 0006 0122     		mov	r2, #1
 474 0008 1A60     		str	r2, [r3]
 401:.\Generated_Source\PSoC4/StripLights_cisr.c **** }
 475              		.loc 1 401 0
 476 000a BD46     		mov	sp, r7
 477              		@ sp needed
 478 000c 80BD     		pop	{r7, pc}
 479              	.L38:
 480 000e C046     		.align	2
 481              	.L37:
 482 0010 80E200E0 		.word	-536812928
 483              		.cfi_endproc
 484              	.LFE12:
 485              		.size	StripLights_cisr_ClearPending, .-StripLights_cisr_ClearPending
 486              		.text
 487              	.Letext0:
 488              		.file 2 "Generated_Source\\PSoC4/cytypes.h"
 489              		.section	.debug_info,"",%progbits
 490              	.Ldebug_info0:
 491 0000 40020000 		.4byte	0x240
 492 0004 0400     		.2byte	0x4
 493 0006 00000000 		.4byte	.Ldebug_abbrev0
 494 000a 04       		.byte	0x4
 495 000b 01       		.uleb128 0x1
 496 000c 0C010000 		.4byte	.LASF33
 497 0010 01       		.byte	0x1
 498 0011 D6010000 		.4byte	.LASF34
 499 0015 9A010000 		.4byte	.LASF35
 500 0019 00000000 		.4byte	.Ldebug_ranges0+0
 501 001d 00000000 		.4byte	0
 502 0021 00000000 		.4byte	.Ldebug_line0
 503 0025 02       		.uleb128 0x2
 504 0026 01       		.byte	0x1
 505 0027 06       		.byte	0x6
 506 0028 0A030000 		.4byte	.LASF0
 507 002c 02       		.uleb128 0x2
 508 002d 01       		.byte	0x1
 509 002e 08       		.byte	0x8
 510 002f 9E000000 		.4byte	.LASF1
ARM GAS  C:\Users\vangelis\AppData\Local\Temp\ccSgKgfm.s 			page 17


 511 0033 02       		.uleb128 0x2
 512 0034 02       		.byte	0x2
 513 0035 05       		.byte	0x5
 514 0036 C7020000 		.4byte	.LASF2
 515 003a 02       		.uleb128 0x2
 516 003b 02       		.byte	0x2
 517 003c 07       		.byte	0x7
 518 003d 53000000 		.4byte	.LASF3
 519 0041 02       		.uleb128 0x2
 520 0042 04       		.byte	0x4
 521 0043 05       		.byte	0x5
 522 0044 FC020000 		.4byte	.LASF4
 523 0048 02       		.uleb128 0x2
 524 0049 04       		.byte	0x4
 525 004a 07       		.byte	0x7
 526 004b E4000000 		.4byte	.LASF5
 527 004f 02       		.uleb128 0x2
 528 0050 08       		.byte	0x8
 529 0051 05       		.byte	0x5
 530 0052 78020000 		.4byte	.LASF6
 531 0056 02       		.uleb128 0x2
 532 0057 08       		.byte	0x8
 533 0058 07       		.byte	0x7
 534 0059 1E020000 		.4byte	.LASF7
 535 005d 03       		.uleb128 0x3
 536 005e 04       		.byte	0x4
 537 005f 05       		.byte	0x5
 538 0060 696E7400 		.ascii	"int\000"
 539 0064 02       		.uleb128 0x2
 540 0065 04       		.byte	0x4
 541 0066 07       		.byte	0x7
 542 0067 09020000 		.4byte	.LASF8
 543 006b 04       		.uleb128 0x4
 544 006c F6000000 		.4byte	.LASF9
 545 0070 02       		.byte	0x2
 546 0071 A1       		.byte	0xa1
 547 0072 2C000000 		.4byte	0x2c
 548 0076 04       		.uleb128 0x4
 549 0077 02020000 		.4byte	.LASF10
 550 007b 02       		.byte	0x2
 551 007c A3       		.byte	0xa3
 552 007d 48000000 		.4byte	0x48
 553 0081 02       		.uleb128 0x2
 554 0082 04       		.byte	0x4
 555 0083 04       		.byte	0x4
 556 0084 98000000 		.4byte	.LASF11
 557 0088 02       		.uleb128 0x2
 558 0089 08       		.byte	0x8
 559 008a 04       		.byte	0x4
 560 008b 05010000 		.4byte	.LASF12
 561 008f 02       		.uleb128 0x2
 562 0090 01       		.byte	0x1
 563 0091 08       		.byte	0x8
 564 0092 05030000 		.4byte	.LASF13
 565 0096 05       		.uleb128 0x5
 566 0097 00000000 		.4byte	.LASF14
 567 009b 02       		.byte	0x2
ARM GAS  C:\Users\vangelis\AppData\Local\Temp\ccSgKgfm.s 			page 18


 568 009c 4D01     		.2byte	0x14d
 569 009e A2000000 		.4byte	0xa2
 570 00a2 06       		.uleb128 0x6
 571 00a3 76000000 		.4byte	0x76
 572 00a7 05       		.uleb128 0x5
 573 00a8 35020000 		.4byte	.LASF15
 574 00ac 02       		.byte	0x2
 575 00ad 5D01     		.2byte	0x15d
 576 00af B3000000 		.4byte	0xb3
 577 00b3 07       		.uleb128 0x7
 578 00b4 04       		.byte	0x4
 579 00b5 B9000000 		.4byte	0xb9
 580 00b9 08       		.uleb128 0x8
 581 00ba 02       		.uleb128 0x2
 582 00bb 04       		.byte	0x4
 583 00bc 07       		.byte	0x7
 584 00bd 6F020000 		.4byte	.LASF16
 585 00c1 09       		.uleb128 0x9
 586 00c2 06000000 		.4byte	.LASF17
 587 00c6 01       		.byte	0x1
 588 00c7 38       		.byte	0x38
 589 00c8 00000000 		.4byte	.LFB0
 590 00cc 24000000 		.4byte	.LFE0-.LFB0
 591 00d0 01       		.uleb128 0x1
 592 00d1 9C       		.byte	0x9c
 593 00d2 0A       		.uleb128 0xa
 594 00d3 AE020000 		.4byte	.LASF20
 595 00d7 01       		.byte	0x1
 596 00d8 63       		.byte	0x63
 597 00d9 00000000 		.4byte	.LFB1
 598 00dd 24000000 		.4byte	.LFE1-.LFB1
 599 00e1 01       		.uleb128 0x1
 600 00e2 9C       		.byte	0x9c
 601 00e3 F6000000 		.4byte	0xf6
 602 00e7 0B       		.uleb128 0xb
 603 00e8 16020000 		.4byte	.LASF22
 604 00ec 01       		.byte	0x1
 605 00ed 63       		.byte	0x63
 606 00ee A7000000 		.4byte	0xa7
 607 00f2 02       		.uleb128 0x2
 608 00f3 91       		.byte	0x91
 609 00f4 74       		.sleb128 -12
 610 00f5 00       		.byte	0
 611 00f6 09       		.uleb128 0x9
 612 00f7 16030000 		.4byte	.LASF18
 613 00fb 01       		.byte	0x1
 614 00fc 81       		.byte	0x81
 615 00fd 00000000 		.4byte	.LFB2
 616 0101 18000000 		.4byte	.LFE2-.LFB2
 617 0105 01       		.uleb128 0x1
 618 0106 9C       		.byte	0x9c
 619 0107 0C       		.uleb128 0xc
 620 0108 86020000 		.4byte	.LASF19
 621 010c 01       		.byte	0x1
 622 010d 9F       		.byte	0x9f
 623 010e 00000000 		.4byte	.LFB3
 624 0112 08000000 		.4byte	.LFE3-.LFB3
ARM GAS  C:\Users\vangelis\AppData\Local\Temp\ccSgKgfm.s 			page 19


 625 0116 01       		.uleb128 0x1
 626 0117 9C       		.byte	0x9c
 627 0118 0D       		.uleb128 0xd
 628 0119 C9000000 		.4byte	.LASF21
 629 011d 01       		.byte	0x1
 630 011e C7       		.byte	0xc7
 631 011f 00000000 		.4byte	.LFB4
 632 0123 18000000 		.4byte	.LFE4-.LFB4
 633 0127 01       		.uleb128 0x1
 634 0128 9C       		.byte	0x9c
 635 0129 3C010000 		.4byte	0x13c
 636 012d 0B       		.uleb128 0xb
 637 012e 16020000 		.4byte	.LASF22
 638 0132 01       		.byte	0x1
 639 0133 C7       		.byte	0xc7
 640 0134 A7000000 		.4byte	0xa7
 641 0138 02       		.uleb128 0x2
 642 0139 91       		.byte	0x91
 643 013a 74       		.sleb128 -12
 644 013b 00       		.byte	0
 645 013c 0E       		.uleb128 0xe
 646 013d 2C030000 		.4byte	.LASF28
 647 0141 01       		.byte	0x1
 648 0142 DB       		.byte	0xdb
 649 0143 A7000000 		.4byte	0xa7
 650 0147 00000000 		.4byte	.LFB5
 651 014b 14000000 		.4byte	.LFE5-.LFB5
 652 014f 01       		.uleb128 0x1
 653 0150 9C       		.byte	0x9c
 654 0151 0A       		.uleb128 0xa
 655 0152 AC000000 		.4byte	.LASF23
 656 0156 01       		.byte	0x1
 657 0157 F9       		.byte	0xf9
 658 0158 00000000 		.4byte	.LFB6
 659 015c 4C000000 		.4byte	.LFE6-.LFB6
 660 0160 01       		.uleb128 0x1
 661 0161 9C       		.byte	0x9c
 662 0162 91010000 		.4byte	0x191
 663 0166 0B       		.uleb128 0xb
 664 0167 FC000000 		.4byte	.LASF24
 665 016b 01       		.byte	0x1
 666 016c F9       		.byte	0xf9
 667 016d 6B000000 		.4byte	0x6b
 668 0171 02       		.uleb128 0x2
 669 0172 91       		.byte	0x91
 670 0173 67       		.sleb128 -25
 671 0174 0F       		.uleb128 0xf
 672 0175 60020000 		.4byte	.LASF25
 673 0179 01       		.byte	0x1
 674 017a FB       		.byte	0xfb
 675 017b 6B000000 		.4byte	0x6b
 676 017f 02       		.uleb128 0x2
 677 0180 91       		.byte	0x91
 678 0181 6B       		.sleb128 -21
 679 0182 0F       		.uleb128 0xf
 680 0183 ED020000 		.4byte	.LASF26
 681 0187 01       		.byte	0x1
ARM GAS  C:\Users\vangelis\AppData\Local\Temp\ccSgKgfm.s 			page 20


 682 0188 FC       		.byte	0xfc
 683 0189 76000000 		.4byte	0x76
 684 018d 02       		.uleb128 0x2
 685 018e 91       		.byte	0x91
 686 018f 6C       		.sleb128 -20
 687 0190 00       		.byte	0
 688 0191 10       		.uleb128 0x10
 689 0192 36000000 		.4byte	.LASF36
 690 0196 01       		.byte	0x1
 691 0197 1501     		.2byte	0x115
 692 0199 6B000000 		.4byte	0x6b
 693 019d 00000000 		.4byte	.LFB7
 694 01a1 2C000000 		.4byte	.LFE7-.LFB7
 695 01a5 01       		.uleb128 0x1
 696 01a6 9C       		.byte	0x9c
 697 01a7 CA010000 		.4byte	0x1ca
 698 01ab 11       		.uleb128 0x11
 699 01ac FC000000 		.4byte	.LASF24
 700 01b0 01       		.byte	0x1
 701 01b1 1701     		.2byte	0x117
 702 01b3 76000000 		.4byte	0x76
 703 01b7 02       		.uleb128 0x2
 704 01b8 91       		.byte	0x91
 705 01b9 70       		.sleb128 -16
 706 01ba 11       		.uleb128 0x11
 707 01bb ED020000 		.4byte	.LASF26
 708 01bf 01       		.byte	0x1
 709 01c0 1801     		.2byte	0x118
 710 01c2 76000000 		.4byte	0x76
 711 01c6 02       		.uleb128 0x2
 712 01c7 91       		.byte	0x91
 713 01c8 74       		.sleb128 -12
 714 01c9 00       		.byte	0
 715 01ca 12       		.uleb128 0x12
 716 01cb 66000000 		.4byte	.LASF27
 717 01cf 01       		.byte	0x1
 718 01d0 3001     		.2byte	0x130
 719 01d2 00000000 		.4byte	.LFB8
 720 01d6 14000000 		.4byte	.LFE8-.LFB8
 721 01da 01       		.uleb128 0x1
 722 01db 9C       		.byte	0x9c
 723 01dc 13       		.uleb128 0x13
 724 01dd 7E000000 		.4byte	.LASF29
 725 01e1 01       		.byte	0x1
 726 01e2 4501     		.2byte	0x145
 727 01e4 6B000000 		.4byte	0x6b
 728 01e8 00000000 		.4byte	.LFB9
 729 01ec 1C000000 		.4byte	.LFE9-.LFB9
 730 01f0 01       		.uleb128 0x1
 731 01f1 9C       		.byte	0x9c
 732 01f2 12       		.uleb128 0x12
 733 01f3 1D000000 		.4byte	.LASF30
 734 01f7 01       		.byte	0x1
 735 01f8 5A01     		.2byte	0x15a
 736 01fa 00000000 		.4byte	.LFB10
 737 01fe 14000000 		.4byte	.LFE10-.LFB10
 738 0202 01       		.uleb128 0x1
ARM GAS  C:\Users\vangelis\AppData\Local\Temp\ccSgKgfm.s 			page 21


 739 0203 9C       		.byte	0x9c
 740 0204 12       		.uleb128 0x12
 741 0205 D1020000 		.4byte	.LASF31
 742 0209 01       		.byte	0x1
 743 020a 7501     		.2byte	0x175
 744 020c 00000000 		.4byte	.LFB11
 745 0210 14000000 		.4byte	.LFE11-.LFB11
 746 0214 01       		.uleb128 0x1
 747 0215 9C       		.byte	0x9c
 748 0216 12       		.uleb128 0x12
 749 0217 42020000 		.4byte	.LASF32
 750 021b 01       		.byte	0x1
 751 021c 8E01     		.2byte	0x18e
 752 021e 00000000 		.4byte	.LFB12
 753 0222 14000000 		.4byte	.LFE12-.LFB12
 754 0226 01       		.uleb128 0x1
 755 0227 9C       		.byte	0x9c
 756 0228 14       		.uleb128 0x14
 757 0229 A7000000 		.4byte	0xa7
 758 022d 38020000 		.4byte	0x238
 759 0231 15       		.uleb128 0x15
 760 0232 BA000000 		.4byte	0xba
 761 0236 2F       		.byte	0x2f
 762 0237 00       		.byte	0
 763 0238 16       		.uleb128 0x16
 764 0239 A1020000 		.4byte	.LASF37
 765 023d 01       		.byte	0x1
 766 023e 21       		.byte	0x21
 767 023f 28020000 		.4byte	0x228
 768 0243 00       		.byte	0
 769              		.section	.debug_abbrev,"",%progbits
 770              	.Ldebug_abbrev0:
 771 0000 01       		.uleb128 0x1
 772 0001 11       		.uleb128 0x11
 773 0002 01       		.byte	0x1
 774 0003 25       		.uleb128 0x25
 775 0004 0E       		.uleb128 0xe
 776 0005 13       		.uleb128 0x13
 777 0006 0B       		.uleb128 0xb
 778 0007 03       		.uleb128 0x3
 779 0008 0E       		.uleb128 0xe
 780 0009 1B       		.uleb128 0x1b
 781 000a 0E       		.uleb128 0xe
 782 000b 55       		.uleb128 0x55
 783 000c 17       		.uleb128 0x17
 784 000d 11       		.uleb128 0x11
 785 000e 01       		.uleb128 0x1
 786 000f 10       		.uleb128 0x10
 787 0010 17       		.uleb128 0x17
 788 0011 00       		.byte	0
 789 0012 00       		.byte	0
 790 0013 02       		.uleb128 0x2
 791 0014 24       		.uleb128 0x24
 792 0015 00       		.byte	0
 793 0016 0B       		.uleb128 0xb
 794 0017 0B       		.uleb128 0xb
 795 0018 3E       		.uleb128 0x3e
ARM GAS  C:\Users\vangelis\AppData\Local\Temp\ccSgKgfm.s 			page 22


 796 0019 0B       		.uleb128 0xb
 797 001a 03       		.uleb128 0x3
 798 001b 0E       		.uleb128 0xe
 799 001c 00       		.byte	0
 800 001d 00       		.byte	0
 801 001e 03       		.uleb128 0x3
 802 001f 24       		.uleb128 0x24
 803 0020 00       		.byte	0
 804 0021 0B       		.uleb128 0xb
 805 0022 0B       		.uleb128 0xb
 806 0023 3E       		.uleb128 0x3e
 807 0024 0B       		.uleb128 0xb
 808 0025 03       		.uleb128 0x3
 809 0026 08       		.uleb128 0x8
 810 0027 00       		.byte	0
 811 0028 00       		.byte	0
 812 0029 04       		.uleb128 0x4
 813 002a 16       		.uleb128 0x16
 814 002b 00       		.byte	0
 815 002c 03       		.uleb128 0x3
 816 002d 0E       		.uleb128 0xe
 817 002e 3A       		.uleb128 0x3a
 818 002f 0B       		.uleb128 0xb
 819 0030 3B       		.uleb128 0x3b
 820 0031 0B       		.uleb128 0xb
 821 0032 49       		.uleb128 0x49
 822 0033 13       		.uleb128 0x13
 823 0034 00       		.byte	0
 824 0035 00       		.byte	0
 825 0036 05       		.uleb128 0x5
 826 0037 16       		.uleb128 0x16
 827 0038 00       		.byte	0
 828 0039 03       		.uleb128 0x3
 829 003a 0E       		.uleb128 0xe
 830 003b 3A       		.uleb128 0x3a
 831 003c 0B       		.uleb128 0xb
 832 003d 3B       		.uleb128 0x3b
 833 003e 05       		.uleb128 0x5
 834 003f 49       		.uleb128 0x49
 835 0040 13       		.uleb128 0x13
 836 0041 00       		.byte	0
 837 0042 00       		.byte	0
 838 0043 06       		.uleb128 0x6
 839 0044 35       		.uleb128 0x35
 840 0045 00       		.byte	0
 841 0046 49       		.uleb128 0x49
 842 0047 13       		.uleb128 0x13
 843 0048 00       		.byte	0
 844 0049 00       		.byte	0
 845 004a 07       		.uleb128 0x7
 846 004b 0F       		.uleb128 0xf
 847 004c 00       		.byte	0
 848 004d 0B       		.uleb128 0xb
 849 004e 0B       		.uleb128 0xb
 850 004f 49       		.uleb128 0x49
 851 0050 13       		.uleb128 0x13
 852 0051 00       		.byte	0
ARM GAS  C:\Users\vangelis\AppData\Local\Temp\ccSgKgfm.s 			page 23


 853 0052 00       		.byte	0
 854 0053 08       		.uleb128 0x8
 855 0054 15       		.uleb128 0x15
 856 0055 00       		.byte	0
 857 0056 27       		.uleb128 0x27
 858 0057 19       		.uleb128 0x19
 859 0058 00       		.byte	0
 860 0059 00       		.byte	0
 861 005a 09       		.uleb128 0x9
 862 005b 2E       		.uleb128 0x2e
 863 005c 00       		.byte	0
 864 005d 3F       		.uleb128 0x3f
 865 005e 19       		.uleb128 0x19
 866 005f 03       		.uleb128 0x3
 867 0060 0E       		.uleb128 0xe
 868 0061 3A       		.uleb128 0x3a
 869 0062 0B       		.uleb128 0xb
 870 0063 3B       		.uleb128 0x3b
 871 0064 0B       		.uleb128 0xb
 872 0065 27       		.uleb128 0x27
 873 0066 19       		.uleb128 0x19
 874 0067 11       		.uleb128 0x11
 875 0068 01       		.uleb128 0x1
 876 0069 12       		.uleb128 0x12
 877 006a 06       		.uleb128 0x6
 878 006b 40       		.uleb128 0x40
 879 006c 18       		.uleb128 0x18
 880 006d 9642     		.uleb128 0x2116
 881 006f 19       		.uleb128 0x19
 882 0070 00       		.byte	0
 883 0071 00       		.byte	0
 884 0072 0A       		.uleb128 0xa
 885 0073 2E       		.uleb128 0x2e
 886 0074 01       		.byte	0x1
 887 0075 3F       		.uleb128 0x3f
 888 0076 19       		.uleb128 0x19
 889 0077 03       		.uleb128 0x3
 890 0078 0E       		.uleb128 0xe
 891 0079 3A       		.uleb128 0x3a
 892 007a 0B       		.uleb128 0xb
 893 007b 3B       		.uleb128 0x3b
 894 007c 0B       		.uleb128 0xb
 895 007d 27       		.uleb128 0x27
 896 007e 19       		.uleb128 0x19
 897 007f 11       		.uleb128 0x11
 898 0080 01       		.uleb128 0x1
 899 0081 12       		.uleb128 0x12
 900 0082 06       		.uleb128 0x6
 901 0083 40       		.uleb128 0x40
 902 0084 18       		.uleb128 0x18
 903 0085 9642     		.uleb128 0x2116
 904 0087 19       		.uleb128 0x19
 905 0088 01       		.uleb128 0x1
 906 0089 13       		.uleb128 0x13
 907 008a 00       		.byte	0
 908 008b 00       		.byte	0
 909 008c 0B       		.uleb128 0xb
ARM GAS  C:\Users\vangelis\AppData\Local\Temp\ccSgKgfm.s 			page 24


 910 008d 05       		.uleb128 0x5
 911 008e 00       		.byte	0
 912 008f 03       		.uleb128 0x3
 913 0090 0E       		.uleb128 0xe
 914 0091 3A       		.uleb128 0x3a
 915 0092 0B       		.uleb128 0xb
 916 0093 3B       		.uleb128 0x3b
 917 0094 0B       		.uleb128 0xb
 918 0095 49       		.uleb128 0x49
 919 0096 13       		.uleb128 0x13
 920 0097 02       		.uleb128 0x2
 921 0098 18       		.uleb128 0x18
 922 0099 00       		.byte	0
 923 009a 00       		.byte	0
 924 009b 0C       		.uleb128 0xc
 925 009c 2E       		.uleb128 0x2e
 926 009d 00       		.byte	0
 927 009e 3F       		.uleb128 0x3f
 928 009f 19       		.uleb128 0x19
 929 00a0 03       		.uleb128 0x3
 930 00a1 0E       		.uleb128 0xe
 931 00a2 3A       		.uleb128 0x3a
 932 00a3 0B       		.uleb128 0xb
 933 00a4 3B       		.uleb128 0x3b
 934 00a5 0B       		.uleb128 0xb
 935 00a6 27       		.uleb128 0x27
 936 00a7 19       		.uleb128 0x19
 937 00a8 11       		.uleb128 0x11
 938 00a9 01       		.uleb128 0x1
 939 00aa 12       		.uleb128 0x12
 940 00ab 06       		.uleb128 0x6
 941 00ac 40       		.uleb128 0x40
 942 00ad 18       		.uleb128 0x18
 943 00ae 9742     		.uleb128 0x2117
 944 00b0 19       		.uleb128 0x19
 945 00b1 00       		.byte	0
 946 00b2 00       		.byte	0
 947 00b3 0D       		.uleb128 0xd
 948 00b4 2E       		.uleb128 0x2e
 949 00b5 01       		.byte	0x1
 950 00b6 3F       		.uleb128 0x3f
 951 00b7 19       		.uleb128 0x19
 952 00b8 03       		.uleb128 0x3
 953 00b9 0E       		.uleb128 0xe
 954 00ba 3A       		.uleb128 0x3a
 955 00bb 0B       		.uleb128 0xb
 956 00bc 3B       		.uleb128 0x3b
 957 00bd 0B       		.uleb128 0xb
 958 00be 27       		.uleb128 0x27
 959 00bf 19       		.uleb128 0x19
 960 00c0 11       		.uleb128 0x11
 961 00c1 01       		.uleb128 0x1
 962 00c2 12       		.uleb128 0x12
 963 00c3 06       		.uleb128 0x6
 964 00c4 40       		.uleb128 0x40
 965 00c5 18       		.uleb128 0x18
 966 00c6 9742     		.uleb128 0x2117
ARM GAS  C:\Users\vangelis\AppData\Local\Temp\ccSgKgfm.s 			page 25


 967 00c8 19       		.uleb128 0x19
 968 00c9 01       		.uleb128 0x1
 969 00ca 13       		.uleb128 0x13
 970 00cb 00       		.byte	0
 971 00cc 00       		.byte	0
 972 00cd 0E       		.uleb128 0xe
 973 00ce 2E       		.uleb128 0x2e
 974 00cf 00       		.byte	0
 975 00d0 3F       		.uleb128 0x3f
 976 00d1 19       		.uleb128 0x19
 977 00d2 03       		.uleb128 0x3
 978 00d3 0E       		.uleb128 0xe
 979 00d4 3A       		.uleb128 0x3a
 980 00d5 0B       		.uleb128 0xb
 981 00d6 3B       		.uleb128 0x3b
 982 00d7 0B       		.uleb128 0xb
 983 00d8 27       		.uleb128 0x27
 984 00d9 19       		.uleb128 0x19
 985 00da 49       		.uleb128 0x49
 986 00db 13       		.uleb128 0x13
 987 00dc 11       		.uleb128 0x11
 988 00dd 01       		.uleb128 0x1
 989 00de 12       		.uleb128 0x12
 990 00df 06       		.uleb128 0x6
 991 00e0 40       		.uleb128 0x40
 992 00e1 18       		.uleb128 0x18
 993 00e2 9742     		.uleb128 0x2117
 994 00e4 19       		.uleb128 0x19
 995 00e5 00       		.byte	0
 996 00e6 00       		.byte	0
 997 00e7 0F       		.uleb128 0xf
 998 00e8 34       		.uleb128 0x34
 999 00e9 00       		.byte	0
 1000 00ea 03       		.uleb128 0x3
 1001 00eb 0E       		.uleb128 0xe
 1002 00ec 3A       		.uleb128 0x3a
 1003 00ed 0B       		.uleb128 0xb
 1004 00ee 3B       		.uleb128 0x3b
 1005 00ef 0B       		.uleb128 0xb
 1006 00f0 49       		.uleb128 0x49
 1007 00f1 13       		.uleb128 0x13
 1008 00f2 02       		.uleb128 0x2
 1009 00f3 18       		.uleb128 0x18
 1010 00f4 00       		.byte	0
 1011 00f5 00       		.byte	0
 1012 00f6 10       		.uleb128 0x10
 1013 00f7 2E       		.uleb128 0x2e
 1014 00f8 01       		.byte	0x1
 1015 00f9 3F       		.uleb128 0x3f
 1016 00fa 19       		.uleb128 0x19
 1017 00fb 03       		.uleb128 0x3
 1018 00fc 0E       		.uleb128 0xe
 1019 00fd 3A       		.uleb128 0x3a
 1020 00fe 0B       		.uleb128 0xb
 1021 00ff 3B       		.uleb128 0x3b
 1022 0100 05       		.uleb128 0x5
 1023 0101 27       		.uleb128 0x27
ARM GAS  C:\Users\vangelis\AppData\Local\Temp\ccSgKgfm.s 			page 26


 1024 0102 19       		.uleb128 0x19
 1025 0103 49       		.uleb128 0x49
 1026 0104 13       		.uleb128 0x13
 1027 0105 11       		.uleb128 0x11
 1028 0106 01       		.uleb128 0x1
 1029 0107 12       		.uleb128 0x12
 1030 0108 06       		.uleb128 0x6
 1031 0109 40       		.uleb128 0x40
 1032 010a 18       		.uleb128 0x18
 1033 010b 9742     		.uleb128 0x2117
 1034 010d 19       		.uleb128 0x19
 1035 010e 01       		.uleb128 0x1
 1036 010f 13       		.uleb128 0x13
 1037 0110 00       		.byte	0
 1038 0111 00       		.byte	0
 1039 0112 11       		.uleb128 0x11
 1040 0113 34       		.uleb128 0x34
 1041 0114 00       		.byte	0
 1042 0115 03       		.uleb128 0x3
 1043 0116 0E       		.uleb128 0xe
 1044 0117 3A       		.uleb128 0x3a
 1045 0118 0B       		.uleb128 0xb
 1046 0119 3B       		.uleb128 0x3b
 1047 011a 05       		.uleb128 0x5
 1048 011b 49       		.uleb128 0x49
 1049 011c 13       		.uleb128 0x13
 1050 011d 02       		.uleb128 0x2
 1051 011e 18       		.uleb128 0x18
 1052 011f 00       		.byte	0
 1053 0120 00       		.byte	0
 1054 0121 12       		.uleb128 0x12
 1055 0122 2E       		.uleb128 0x2e
 1056 0123 00       		.byte	0
 1057 0124 3F       		.uleb128 0x3f
 1058 0125 19       		.uleb128 0x19
 1059 0126 03       		.uleb128 0x3
 1060 0127 0E       		.uleb128 0xe
 1061 0128 3A       		.uleb128 0x3a
 1062 0129 0B       		.uleb128 0xb
 1063 012a 3B       		.uleb128 0x3b
 1064 012b 05       		.uleb128 0x5
 1065 012c 27       		.uleb128 0x27
 1066 012d 19       		.uleb128 0x19
 1067 012e 11       		.uleb128 0x11
 1068 012f 01       		.uleb128 0x1
 1069 0130 12       		.uleb128 0x12
 1070 0131 06       		.uleb128 0x6
 1071 0132 40       		.uleb128 0x40
 1072 0133 18       		.uleb128 0x18
 1073 0134 9742     		.uleb128 0x2117
 1074 0136 19       		.uleb128 0x19
 1075 0137 00       		.byte	0
 1076 0138 00       		.byte	0
 1077 0139 13       		.uleb128 0x13
 1078 013a 2E       		.uleb128 0x2e
 1079 013b 00       		.byte	0
 1080 013c 3F       		.uleb128 0x3f
ARM GAS  C:\Users\vangelis\AppData\Local\Temp\ccSgKgfm.s 			page 27


 1081 013d 19       		.uleb128 0x19
 1082 013e 03       		.uleb128 0x3
 1083 013f 0E       		.uleb128 0xe
 1084 0140 3A       		.uleb128 0x3a
 1085 0141 0B       		.uleb128 0xb
 1086 0142 3B       		.uleb128 0x3b
 1087 0143 05       		.uleb128 0x5
 1088 0144 27       		.uleb128 0x27
 1089 0145 19       		.uleb128 0x19
 1090 0146 49       		.uleb128 0x49
 1091 0147 13       		.uleb128 0x13
 1092 0148 11       		.uleb128 0x11
 1093 0149 01       		.uleb128 0x1
 1094 014a 12       		.uleb128 0x12
 1095 014b 06       		.uleb128 0x6
 1096 014c 40       		.uleb128 0x40
 1097 014d 18       		.uleb128 0x18
 1098 014e 9742     		.uleb128 0x2117
 1099 0150 19       		.uleb128 0x19
 1100 0151 00       		.byte	0
 1101 0152 00       		.byte	0
 1102 0153 14       		.uleb128 0x14
 1103 0154 01       		.uleb128 0x1
 1104 0155 01       		.byte	0x1
 1105 0156 49       		.uleb128 0x49
 1106 0157 13       		.uleb128 0x13
 1107 0158 01       		.uleb128 0x1
 1108 0159 13       		.uleb128 0x13
 1109 015a 00       		.byte	0
 1110 015b 00       		.byte	0
 1111 015c 15       		.uleb128 0x15
 1112 015d 21       		.uleb128 0x21
 1113 015e 00       		.byte	0
 1114 015f 49       		.uleb128 0x49
 1115 0160 13       		.uleb128 0x13
 1116 0161 2F       		.uleb128 0x2f
 1117 0162 0B       		.uleb128 0xb
 1118 0163 00       		.byte	0
 1119 0164 00       		.byte	0
 1120 0165 16       		.uleb128 0x16
 1121 0166 34       		.uleb128 0x34
 1122 0167 00       		.byte	0
 1123 0168 03       		.uleb128 0x3
 1124 0169 0E       		.uleb128 0xe
 1125 016a 3A       		.uleb128 0x3a
 1126 016b 0B       		.uleb128 0xb
 1127 016c 3B       		.uleb128 0x3b
 1128 016d 0B       		.uleb128 0xb
 1129 016e 49       		.uleb128 0x49
 1130 016f 13       		.uleb128 0x13
 1131 0170 3F       		.uleb128 0x3f
 1132 0171 19       		.uleb128 0x19
 1133 0172 3C       		.uleb128 0x3c
 1134 0173 19       		.uleb128 0x19
 1135 0174 00       		.byte	0
 1136 0175 00       		.byte	0
 1137 0176 00       		.byte	0
ARM GAS  C:\Users\vangelis\AppData\Local\Temp\ccSgKgfm.s 			page 28


 1138              		.section	.debug_aranges,"",%progbits
 1139 0000 7C000000 		.4byte	0x7c
 1140 0004 0200     		.2byte	0x2
 1141 0006 00000000 		.4byte	.Ldebug_info0
 1142 000a 04       		.byte	0x4
 1143 000b 00       		.byte	0
 1144 000c 0000     		.2byte	0
 1145 000e 0000     		.2byte	0
 1146 0010 00000000 		.4byte	.LFB0
 1147 0014 24000000 		.4byte	.LFE0-.LFB0
 1148 0018 00000000 		.4byte	.LFB1
 1149 001c 24000000 		.4byte	.LFE1-.LFB1
 1150 0020 00000000 		.4byte	.LFB2
 1151 0024 18000000 		.4byte	.LFE2-.LFB2
 1152 0028 00000000 		.4byte	.LFB3
 1153 002c 08000000 		.4byte	.LFE3-.LFB3
 1154 0030 00000000 		.4byte	.LFB4
 1155 0034 18000000 		.4byte	.LFE4-.LFB4
 1156 0038 00000000 		.4byte	.LFB5
 1157 003c 14000000 		.4byte	.LFE5-.LFB5
 1158 0040 00000000 		.4byte	.LFB6
 1159 0044 4C000000 		.4byte	.LFE6-.LFB6
 1160 0048 00000000 		.4byte	.LFB7
 1161 004c 2C000000 		.4byte	.LFE7-.LFB7
 1162 0050 00000000 		.4byte	.LFB8
 1163 0054 14000000 		.4byte	.LFE8-.LFB8
 1164 0058 00000000 		.4byte	.LFB9
 1165 005c 1C000000 		.4byte	.LFE9-.LFB9
 1166 0060 00000000 		.4byte	.LFB10
 1167 0064 14000000 		.4byte	.LFE10-.LFB10
 1168 0068 00000000 		.4byte	.LFB11
 1169 006c 14000000 		.4byte	.LFE11-.LFB11
 1170 0070 00000000 		.4byte	.LFB12
 1171 0074 14000000 		.4byte	.LFE12-.LFB12
 1172 0078 00000000 		.4byte	0
 1173 007c 00000000 		.4byte	0
 1174              		.section	.debug_ranges,"",%progbits
 1175              	.Ldebug_ranges0:
 1176 0000 00000000 		.4byte	.LFB0
 1177 0004 24000000 		.4byte	.LFE0
 1178 0008 00000000 		.4byte	.LFB1
 1179 000c 24000000 		.4byte	.LFE1
 1180 0010 00000000 		.4byte	.LFB2
 1181 0014 18000000 		.4byte	.LFE2
 1182 0018 00000000 		.4byte	.LFB3
 1183 001c 08000000 		.4byte	.LFE3
 1184 0020 00000000 		.4byte	.LFB4
 1185 0024 18000000 		.4byte	.LFE4
 1186 0028 00000000 		.4byte	.LFB5
 1187 002c 14000000 		.4byte	.LFE5
 1188 0030 00000000 		.4byte	.LFB6
 1189 0034 4C000000 		.4byte	.LFE6
 1190 0038 00000000 		.4byte	.LFB7
 1191 003c 2C000000 		.4byte	.LFE7
 1192 0040 00000000 		.4byte	.LFB8
 1193 0044 14000000 		.4byte	.LFE8
 1194 0048 00000000 		.4byte	.LFB9
ARM GAS  C:\Users\vangelis\AppData\Local\Temp\ccSgKgfm.s 			page 29


 1195 004c 1C000000 		.4byte	.LFE9
 1196 0050 00000000 		.4byte	.LFB10
 1197 0054 14000000 		.4byte	.LFE10
 1198 0058 00000000 		.4byte	.LFB11
 1199 005c 14000000 		.4byte	.LFE11
 1200 0060 00000000 		.4byte	.LFB12
 1201 0064 14000000 		.4byte	.LFE12
 1202 0068 00000000 		.4byte	0
 1203 006c 00000000 		.4byte	0
 1204              		.section	.debug_line,"",%progbits
 1205              	.Ldebug_line0:
 1206 0000 64010000 		.section	.debug_str,"MS",%progbits,1
 1206      02006600 
 1206      00000201 
 1206      FB0E0D00 
 1206      01010101 
 1207              	.LASF14:
 1208 0000 72656733 		.ascii	"reg32\000"
 1208      3200
 1209              	.LASF17:
 1210 0006 53747269 		.ascii	"StripLights_cisr_Start\000"
 1210      704C6967 
 1210      6874735F 
 1210      63697372 
 1210      5F537461 
 1211              	.LASF30:
 1212 001d 53747269 		.ascii	"StripLights_cisr_Disable\000"
 1212      704C6967 
 1212      6874735F 
 1212      63697372 
 1212      5F446973 
 1213              	.LASF36:
 1214 0036 53747269 		.ascii	"StripLights_cisr_GetPriority\000"
 1214      704C6967 
 1214      6874735F 
 1214      63697372 
 1214      5F476574 
 1215              	.LASF3:
 1216 0053 73686F72 		.ascii	"short unsigned int\000"
 1216      7420756E 
 1216      7369676E 
 1216      65642069 
 1216      6E7400
 1217              	.LASF27:
 1218 0066 53747269 		.ascii	"StripLights_cisr_Enable\000"
 1218      704C6967 
 1218      6874735F 
 1218      63697372 
 1218      5F456E61 
 1219              	.LASF29:
 1220 007e 53747269 		.ascii	"StripLights_cisr_GetState\000"
 1220      704C6967 
 1220      6874735F 
 1220      63697372 
 1220      5F476574 
 1221              	.LASF11:
 1222 0098 666C6F61 		.ascii	"float\000"
ARM GAS  C:\Users\vangelis\AppData\Local\Temp\ccSgKgfm.s 			page 30


 1222      7400
 1223              	.LASF1:
 1224 009e 756E7369 		.ascii	"unsigned char\000"
 1224      676E6564 
 1224      20636861 
 1224      7200
 1225              	.LASF23:
 1226 00ac 53747269 		.ascii	"StripLights_cisr_SetPriority\000"
 1226      704C6967 
 1226      6874735F 
 1226      63697372 
 1226      5F536574 
 1227              	.LASF21:
 1228 00c9 53747269 		.ascii	"StripLights_cisr_SetVector\000"
 1228      704C6967 
 1228      6874735F 
 1228      63697372 
 1228      5F536574 
 1229              	.LASF5:
 1230 00e4 6C6F6E67 		.ascii	"long unsigned int\000"
 1230      20756E73 
 1230      69676E65 
 1230      6420696E 
 1230      7400
 1231              	.LASF9:
 1232 00f6 75696E74 		.ascii	"uint8\000"
 1232      3800
 1233              	.LASF24:
 1234 00fc 7072696F 		.ascii	"priority\000"
 1234      72697479 
 1234      00
 1235              	.LASF12:
 1236 0105 646F7562 		.ascii	"double\000"
 1236      6C6500
 1237              	.LASF33:
 1238 010c 474E5520 		.ascii	"GNU C 4.9.3 20150303 (release) [ARM/embedded-4_9-br"
 1238      4320342E 
 1238      392E3320 
 1238      32303135 
 1238      30333033 
 1239 013f 616E6368 		.ascii	"anch revision 221220] -mcpu=cortex-m0 -mthumb -g -O"
 1239      20726576 
 1239      6973696F 
 1239      6E203232 
 1239      31323230 
 1240 0172 30202D66 		.ascii	"0 -ffunction-sections -ffat-lto-objects\000"
 1240      66756E63 
 1240      74696F6E 
 1240      2D736563 
 1240      74696F6E 
 1241              	.LASF35:
 1242 019a 433A5C55 		.ascii	"C:\\Users\\vangelis\\Striplights\\Striplight_bootlo"
 1242      73657273 
 1242      5C76616E 
 1242      67656C69 
 1242      735C5374 
 1243 01c9 61646162 		.ascii	"adable.cydsn\000"
ARM GAS  C:\Users\vangelis\AppData\Local\Temp\ccSgKgfm.s 			page 31


 1243      6C652E63 
 1243      7964736E 
 1243      00
 1244              	.LASF34:
 1245 01d6 2E5C4765 		.ascii	".\\Generated_Source\\PSoC4\\StripLights_cisr.c\000"
 1245      6E657261 
 1245      7465645F 
 1245      536F7572 
 1245      63655C50 
 1246              	.LASF10:
 1247 0202 75696E74 		.ascii	"uint32\000"
 1247      333200
 1248              	.LASF8:
 1249 0209 756E7369 		.ascii	"unsigned int\000"
 1249      676E6564 
 1249      20696E74 
 1249      00
 1250              	.LASF22:
 1251 0216 61646472 		.ascii	"address\000"
 1251      65737300 
 1252              	.LASF7:
 1253 021e 6C6F6E67 		.ascii	"long long unsigned int\000"
 1253      206C6F6E 
 1253      6720756E 
 1253      7369676E 
 1253      65642069 
 1254              	.LASF15:
 1255 0235 63796973 		.ascii	"cyisraddress\000"
 1255      72616464 
 1255      72657373 
 1255      00
 1256              	.LASF32:
 1257 0242 53747269 		.ascii	"StripLights_cisr_ClearPending\000"
 1257      704C6967 
 1257      6874735F 
 1257      63697372 
 1257      5F436C65 
 1258              	.LASF25:
 1259 0260 696E7465 		.ascii	"interruptState\000"
 1259      72727570 
 1259      74537461 
 1259      746500
 1260              	.LASF16:
 1261 026f 73697A65 		.ascii	"sizetype\000"
 1261      74797065 
 1261      00
 1262              	.LASF6:
 1263 0278 6C6F6E67 		.ascii	"long long int\000"
 1263      206C6F6E 
 1263      6720696E 
 1263      7400
 1264              	.LASF19:
 1265 0286 53747269 		.ascii	"StripLights_cisr_Interrupt\000"
 1265      704C6967 
 1265      6874735F 
 1265      63697372 
 1265      5F496E74 
ARM GAS  C:\Users\vangelis\AppData\Local\Temp\ccSgKgfm.s 			page 32


 1266              	.LASF37:
 1267 02a1 43795261 		.ascii	"CyRamVectors\000"
 1267      6D566563 
 1267      746F7273 
 1267      00
 1268              	.LASF20:
 1269 02ae 53747269 		.ascii	"StripLights_cisr_StartEx\000"
 1269      704C6967 
 1269      6874735F 
 1269      63697372 
 1269      5F537461 
 1270              	.LASF2:
 1271 02c7 73686F72 		.ascii	"short int\000"
 1271      7420696E 
 1271      7400
 1272              	.LASF31:
 1273 02d1 53747269 		.ascii	"StripLights_cisr_SetPending\000"
 1273      704C6967 
 1273      6874735F 
 1273      63697372 
 1273      5F536574 
 1274              	.LASF26:
 1275 02ed 7072696F 		.ascii	"priorityOffset\000"
 1275      72697479 
 1275      4F666673 
 1275      657400
 1276              	.LASF4:
 1277 02fc 6C6F6E67 		.ascii	"long int\000"
 1277      20696E74 
 1277      00
 1278              	.LASF13:
 1279 0305 63686172 		.ascii	"char\000"
 1279      00
 1280              	.LASF0:
 1281 030a 7369676E 		.ascii	"signed char\000"
 1281      65642063 
 1281      68617200 
 1282              	.LASF18:
 1283 0316 53747269 		.ascii	"StripLights_cisr_Stop\000"
 1283      704C6967 
 1283      6874735F 
 1283      63697372 
 1283      5F53746F 
 1284              	.LASF28:
 1285 032c 53747269 		.ascii	"StripLights_cisr_GetVector\000"
 1285      704C6967 
 1285      6874735F 
 1285      63697372 
 1285      5F476574 
 1286              		.ident	"GCC: (GNU Tools for ARM Embedded Processors) 4.9.3 20150303 (release) [ARM/embedded-4_9-br
