Archive member included because of file (symbol)

.\CortexM0\ARM_GCC_493\Debug\Striplight_bootloadable.a(cyfitter_cfg.o)
                              .\CortexM0\ARM_GCC_493\Debug\Cm0Start.o (cyfitter_cfg)
.\CortexM0\ARM_GCC_493\Debug\Striplight_bootloadable.a(CyLib.o)
                              .\CortexM0\ARM_GCC_493\Debug\Striplight_bootloadable.a(cyfitter_cfg.o) (CySysClkWriteImoFreq)
.\CortexM0\ARM_GCC_493\Debug\Striplight_bootloadable.a(StripLights.o)
                              .\CortexM0\ARM_GCC_493\Debug\main.o (StripLights_CLUT)
.\CortexM0\ARM_GCC_493\Debug\Striplight_bootloadable.a(StripLights_fonts.o)
                              .\CortexM0\ARM_GCC_493\Debug\Striplight_bootloadable.a(StripLights.o) (StripLights_SetFont)
.\CortexM0\ARM_GCC_493\Debug\Striplight_bootloadable.a(StripLights_cisr.o)
                              .\CortexM0\ARM_GCC_493\Debug\Striplight_bootloadable.a(StripLights.o) (StripLights_cisr_StartEx)
.\CortexM0\ARM_GCC_493\Debug\Striplight_bootloadable.a(StripLights_fisr.o)
                              .\CortexM0\ARM_GCC_493\Debug\Striplight_bootloadable.a(StripLights.o) (StripLights_fisr_StartEx)
.\CortexM0\ARM_GCC_493\Debug\Striplight_bootloadable.a(ESP.o)
                              .\CortexM0\ARM_GCC_493\Debug\main.o (ESP_Start)
.\CortexM0\ARM_GCC_493\Debug\Striplight_bootloadable.a(ESP_UART.o)
                              .\CortexM0\ARM_GCC_493\Debug\Striplight_bootloadable.a(ESP.o) (ESP_UartInit)
.\CortexM0\ARM_GCC_493\Debug\Striplight_bootloadable.a(CyBootAsmGnu.o)
                              .\CortexM0\ARM_GCC_493\Debug\Striplight_bootloadable.a(CyLib.o) (CyDelayCycles)
.\CortexM0\ARM_GCC_493\Debug\Striplight_bootloadable.a(ESP_SPI_UART.o)
                              .\CortexM0\ARM_GCC_493\Debug\Striplight_bootloadable.a(ESP_UART.o) (ESP_SpiUartReadRxData)
.\CortexM0\ARM_GCC_493\Debug\Striplight_bootloadable.a(ESP_SPI_UART_INT.o)
                              .\CortexM0\ARM_GCC_493\Debug\Striplight_bootloadable.a(ESP_UART.o) (ESP_SPI_UART_ISR)
c:/program files (x86)/cypress/psoc creator/3.3/psoc creator/import/gnu/arm/4.9.3/bin/../lib/gcc/arm-none-eabi/4.9.3/armv6-m\libgcc.a(_udivsi3.o)
                              .\CortexM0\ARM_GCC_493\Debug\Striplight_bootloadable.a(CyLib.o) (__aeabi_uidiv)
c:/program files (x86)/cypress/psoc creator/3.3/psoc creator/import/gnu/arm/4.9.3/bin/../lib/gcc/arm-none-eabi/4.9.3/armv6-m\libgcc.a(_divsi3.o)
                              .\CortexM0\ARM_GCC_493\Debug\Cm0Start.o (__aeabi_idiv)
c:/program files (x86)/cypress/psoc creator/3.3/psoc creator/import/gnu/arm/4.9.3/bin/../lib/gcc/arm-none-eabi/4.9.3/armv6-m\libgcc.a(_dvmd_tls.o)
                              c:/program files (x86)/cypress/psoc creator/3.3/psoc creator/import/gnu/arm/4.9.3/bin/../lib/gcc/arm-none-eabi/4.9.3/armv6-m\libgcc.a(_udivsi3.o) (__aeabi_idiv0)
c:/program files (x86)/cypress/psoc creator/3.3/psoc creator/import/gnu/arm/4.9.3/bin/../lib/gcc/arm-none-eabi/4.9.3/../../../../arm-none-eabi/lib/armv6-m\libg_nano.a(lib_a-errno.o)
                              .\CortexM0\ARM_GCC_493\Debug\Cm0Start.o (__errno)
c:/program files (x86)/cypress/psoc creator/3.3/psoc creator/import/gnu/arm/4.9.3/bin/../lib/gcc/arm-none-eabi/4.9.3/../../../../arm-none-eabi/lib/armv6-m\libg_nano.a(lib_a-exit.o)
                              c:/program files (x86)/cypress/psoc creator/3.3/psoc creator/import/gnu/arm/4.9.3/bin/../lib/gcc/arm-none-eabi/4.9.3/../../../../arm-none-eabi/lib/armv6-m/crt0.o (exit)
c:/program files (x86)/cypress/psoc creator/3.3/psoc creator/import/gnu/arm/4.9.3/bin/../lib/gcc/arm-none-eabi/4.9.3/../../../../arm-none-eabi/lib/armv6-m\libg_nano.a(lib_a-impure.o)
                              c:/program files (x86)/cypress/psoc creator/3.3/psoc creator/import/gnu/arm/4.9.3/bin/../lib/gcc/arm-none-eabi/4.9.3/../../../../arm-none-eabi/lib/armv6-m\libg_nano.a(lib_a-exit.o) (_global_impure_ptr)
c:/program files (x86)/cypress/psoc creator/3.3/psoc creator/import/gnu/arm/4.9.3/bin/../lib/gcc/arm-none-eabi/4.9.3/../../../../arm-none-eabi/lib/armv6-m\libg_nano.a(lib_a-init.o)
                              c:/program files (x86)/cypress/psoc creator/3.3/psoc creator/import/gnu/arm/4.9.3/bin/../lib/gcc/arm-none-eabi/4.9.3/../../../../arm-none-eabi/lib/armv6-m/crt0.o (__libc_init_array)
c:/program files (x86)/cypress/psoc creator/3.3/psoc creator/import/gnu/arm/4.9.3/bin/../lib/gcc/arm-none-eabi/4.9.3/../../../../arm-none-eabi/lib/armv6-m\libg_nano.a(lib_a-memcpy.o)
                              .\CortexM0\ARM_GCC_493\Debug\Striplight_bootloadable.a(cyfitter_cfg.o) (memcpy)
c:/program files (x86)/cypress/psoc creator/3.3/psoc creator/import/gnu/arm/4.9.3/bin/../lib/gcc/arm-none-eabi/4.9.3/../../../../arm-none-eabi/lib/armv6-m\libg_nano.a(lib_a-memset.o)
                              c:/program files (x86)/cypress/psoc creator/3.3/psoc creator/import/gnu/arm/4.9.3/bin/../lib/gcc/arm-none-eabi/4.9.3/../../../../arm-none-eabi/lib/armv6-m/crt0.o (memset)

Allocating common symbols
Common symbol       size              file

StripLights_ledArray
                    0x240             .\CortexM0\ARM_GCC_493\Debug\Striplight_bootloadable.a(StripLights.o)
StripLights_fontX   0x4               .\CortexM0\ARM_GCC_493\Debug\Striplight_bootloadable.a(StripLights_fonts.o)
StripLights_DimMask
                    0x4               .\CortexM0\ARM_GCC_493\Debug\Striplight_bootloadable.a(StripLights.o)
StripLights_DimShift
                    0x4               .\CortexM0\ARM_GCC_493\Debug\Striplight_bootloadable.a(StripLights.o)
StripLights_refreshComplete
                    0x4               .\CortexM0\ARM_GCC_493\Debug\Striplight_bootloadable.a(StripLights.o)
StripLights_fontOffset
                    0x4               .\CortexM0\ARM_GCC_493\Debug\Striplight_bootloadable.a(StripLights_fonts.o)
StripLights_fontPtr
                    0x4               .\CortexM0\ARM_GCC_493\Debug\Striplight_bootloadable.a(StripLights_fonts.o)
StripLights_fontY   0x4               .\CortexM0\ARM_GCC_493\Debug\Striplight_bootloadable.a(StripLights_fonts.o)

Discarded input sections

 .text          0x00000000        0x0 c:/program files (x86)/cypress/psoc creator/3.3/psoc creator/import/gnu/arm/4.9.3/bin/../lib/gcc/arm-none-eabi/4.9.3/armv6-m/crti.o
 .data          0x00000000        0x0 c:/program files (x86)/cypress/psoc creator/3.3/psoc creator/import/gnu/arm/4.9.3/bin/../lib/gcc/arm-none-eabi/4.9.3/armv6-m/crti.o
 .bss           0x00000000        0x0 c:/program files (x86)/cypress/psoc creator/3.3/psoc creator/import/gnu/arm/4.9.3/bin/../lib/gcc/arm-none-eabi/4.9.3/armv6-m/crti.o
 .data          0x00000000        0x4 c:/program files (x86)/cypress/psoc creator/3.3/psoc creator/import/gnu/arm/4.9.3/bin/../lib/gcc/arm-none-eabi/4.9.3/armv6-m/crtbegin.o
 .text          0x00000000       0x78 c:/program files (x86)/cypress/psoc creator/3.3/psoc creator/import/gnu/arm/4.9.3/bin/../lib/gcc/arm-none-eabi/4.9.3/../../../../arm-none-eabi/lib/armv6-m/crt0.o
 .data          0x00000000        0x0 c:/program files (x86)/cypress/psoc creator/3.3/psoc creator/import/gnu/arm/4.9.3/bin/../lib/gcc/arm-none-eabi/4.9.3/../../../../arm-none-eabi/lib/armv6-m/crt0.o
 .bss           0x00000000        0x0 c:/program files (x86)/cypress/psoc creator/3.3/psoc creator/import/gnu/arm/4.9.3/bin/../lib/gcc/arm-none-eabi/4.9.3/../../../../arm-none-eabi/lib/armv6-m/crt0.o
 .ARM.extab     0x00000000        0x0 c:/program files (x86)/cypress/psoc creator/3.3/psoc creator/import/gnu/arm/4.9.3/bin/../lib/gcc/arm-none-eabi/4.9.3/../../../../arm-none-eabi/lib/armv6-m/crt0.o
 .ARM.exidx     0x00000000        0x8 c:/program files (x86)/cypress/psoc creator/3.3/psoc creator/import/gnu/arm/4.9.3/bin/../lib/gcc/arm-none-eabi/4.9.3/../../../../arm-none-eabi/lib/armv6-m/crt0.o
 .text          0x00000000        0x0 .\CortexM0\ARM_GCC_493\Debug\main.o
 .data          0x00000000        0x0 .\CortexM0\ARM_GCC_493\Debug\main.o
 .bss           0x00000000        0x0 .\CortexM0\ARM_GCC_493\Debug\main.o
 .text          0x00000000        0x0 .\CortexM0\ARM_GCC_493\Debug\cybootloader.o
 .data          0x00000000        0x0 .\CortexM0\ARM_GCC_493\Debug\cybootloader.o
 .bss           0x00000000        0x0 .\CortexM0\ARM_GCC_493\Debug\cybootloader.o
 .text          0x00000000        0x0 .\CortexM0\ARM_GCC_493\Debug\cymetadata.o
 .data          0x00000000        0x0 .\CortexM0\ARM_GCC_493\Debug\cymetadata.o
 .bss           0x00000000        0x0 .\CortexM0\ARM_GCC_493\Debug\cymetadata.o
 .text          0x00000000        0x0 .\CortexM0\ARM_GCC_493\Debug\Cm0Start.o
 .data          0x00000000        0x4 .\CortexM0\ARM_GCC_493\Debug\Cm0Start.o
 .bss           0x00000000        0x0 .\CortexM0\ARM_GCC_493\Debug\Cm0Start.o
 .text._exit    0x00000000       0x28 .\CortexM0\ARM_GCC_493\Debug\Cm0Start.o
 .text._sbrk    0x00000000       0x54 .\CortexM0\ARM_GCC_493\Debug\Cm0Start.o
 .text          0x00000000        0x0 .\CortexM0\ARM_GCC_493\Debug\Striplight_bootloadable.a(cyfitter_cfg.o)
 .data          0x00000000        0x0 .\CortexM0\ARM_GCC_493\Debug\Striplight_bootloadable.a(cyfitter_cfg.o)
 .bss           0x00000000        0x0 .\CortexM0\ARM_GCC_493\Debug\Striplight_bootloadable.a(cyfitter_cfg.o)
 .text.CYCONFIGCPY
                0x00000000       0x24 .\CortexM0\ARM_GCC_493\Debug\Striplight_bootloadable.a(cyfitter_cfg.o)
 .text.CYCONFIGCPYCODE
                0x00000000       0x24 .\CortexM0\ARM_GCC_493\Debug\Striplight_bootloadable.a(cyfitter_cfg.o)
 .text          0x00000000        0x0 .\CortexM0\ARM_GCC_493\Debug\Striplight_bootloadable.a(CyLib.o)
 .bss           0x00000000       0x24 .\CortexM0\ARM_GCC_493\Debug\Striplight_bootloadable.a(CyLib.o)
 .text.CySysClkImoStart
                0x00000000       0x1c .\CortexM0\ARM_GCC_493\Debug\Striplight_bootloadable.a(CyLib.o)
 .text.CySysClkImoStop
                0x00000000       0x18 .\CortexM0\ARM_GCC_493\Debug\Striplight_bootloadable.a(CyLib.o)
 .text.CySysClkIloStart
                0x00000000       0x1c .\CortexM0\ARM_GCC_493\Debug\Striplight_bootloadable.a(CyLib.o)
 .text.CySysClkIloStop
                0x00000000       0x48 .\CortexM0\ARM_GCC_493\Debug\Striplight_bootloadable.a(CyLib.o)
 .text.CySysClkIloEnabled
                0x00000000       0x1c .\CortexM0\ARM_GCC_493\Debug\Striplight_bootloadable.a(CyLib.o)
 .text.CySysClkWriteHfclkDirect
                0x00000000       0x40 .\CortexM0\ARM_GCC_493\Debug\Striplight_bootloadable.a(CyLib.o)
 .text.CySysClkWriteSysclkDiv
                0x00000000       0x44 .\CortexM0\ARM_GCC_493\Debug\Striplight_bootloadable.a(CyLib.o)
 .text.CySysWdtLock
                0x00000000       0x34 .\CortexM0\ARM_GCC_493\Debug\Striplight_bootloadable.a(CyLib.o)
 .text.CySysWdtLocked
                0x00000000       0x20 .\CortexM0\ARM_GCC_493\Debug\Striplight_bootloadable.a(CyLib.o)
 .text.CySysWdtUnlock
                0x00000000       0x4c .\CortexM0\ARM_GCC_493\Debug\Striplight_bootloadable.a(CyLib.o)
 .text.CySysWdtReadEnabledStatus
                0x00000000       0x30 .\CortexM0\ARM_GCC_493\Debug\Striplight_bootloadable.a(CyLib.o)
 .text.CySysWdtWriteMode
                0x00000000       0x58 .\CortexM0\ARM_GCC_493\Debug\Striplight_bootloadable.a(CyLib.o)
 .text.CySysWdtReadMode
                0x00000000       0x24 .\CortexM0\ARM_GCC_493\Debug\Striplight_bootloadable.a(CyLib.o)
 .text.CySysWdtWriteClearOnMatch
                0x00000000       0x6c .\CortexM0\ARM_GCC_493\Debug\Striplight_bootloadable.a(CyLib.o)
 .text.CySysWdtReadClearOnMatch
                0x00000000       0x40 .\CortexM0\ARM_GCC_493\Debug\Striplight_bootloadable.a(CyLib.o)
 .text.CySysWdtEnable
                0x00000000       0x64 .\CortexM0\ARM_GCC_493\Debug\Striplight_bootloadable.a(CyLib.o)
 .text.CySysWdtDisable
                0x00000000       0x60 .\CortexM0\ARM_GCC_493\Debug\Striplight_bootloadable.a(CyLib.o)
 .text.CySysWdtWriteCascade
                0x00000000       0x58 .\CortexM0\ARM_GCC_493\Debug\Striplight_bootloadable.a(CyLib.o)
 .text.CySysWdtReadCascade
                0x00000000       0x1c .\CortexM0\ARM_GCC_493\Debug\Striplight_bootloadable.a(CyLib.o)
 .text.CySysWdtWriteMatch
                0x00000000       0x6c .\CortexM0\ARM_GCC_493\Debug\Striplight_bootloadable.a(CyLib.o)
 .text.CySysWdtWriteToggleBit
                0x00000000       0x44 .\CortexM0\ARM_GCC_493\Debug\Striplight_bootloadable.a(CyLib.o)
 .text.CySysWdtReadToggleBit
                0x00000000       0x18 .\CortexM0\ARM_GCC_493\Debug\Striplight_bootloadable.a(CyLib.o)
 .text.CySysWdtReadMatch
                0x00000000       0x40 .\CortexM0\ARM_GCC_493\Debug\Striplight_bootloadable.a(CyLib.o)
 .text.CySysWdtReadCount
                0x00000000       0x54 .\CortexM0\ARM_GCC_493\Debug\Striplight_bootloadable.a(CyLib.o)
 .text.CySysWdtGetInterruptSource
                0x00000000       0x1c .\CortexM0\ARM_GCC_493\Debug\Striplight_bootloadable.a(CyLib.o)
 .text.CySysWdtClearInterrupt
                0x00000000       0x6c .\CortexM0\ARM_GCC_493\Debug\Striplight_bootloadable.a(CyLib.o)
 .text.CySysWdtResetCounters
                0x00000000       0x28 .\CortexM0\ARM_GCC_493\Debug\Striplight_bootloadable.a(CyLib.o)
 .text.CySysClkLfclkPosedgeCatch
                0x00000000       0x98 .\CortexM0\ARM_GCC_493\Debug\Striplight_bootloadable.a(CyLib.o)
 .text.CySysClkLfclkPosedgeRestore
                0x00000000       0x3c .\CortexM0\ARM_GCC_493\Debug\Striplight_bootloadable.a(CyLib.o)
 .text.CySysLvdEnable
                0x00000000       0x48 .\CortexM0\ARM_GCC_493\Debug\Striplight_bootloadable.a(CyLib.o)
 .text.CySysLvdDisable
                0x00000000       0x28 .\CortexM0\ARM_GCC_493\Debug\Striplight_bootloadable.a(CyLib.o)
 .text.CySysLvdGetInterruptSource
                0x00000000       0x18 .\CortexM0\ARM_GCC_493\Debug\Striplight_bootloadable.a(CyLib.o)
 .text.CySysLvdClearInterrupt
                0x00000000       0x14 .\CortexM0\ARM_GCC_493\Debug\Striplight_bootloadable.a(CyLib.o)
 .text.CySysGetResetReason
                0x00000000       0x30 .\CortexM0\ARM_GCC_493\Debug\Striplight_bootloadable.a(CyLib.o)
 .text.CyDisableInts
                0x00000000       0x24 .\CortexM0\ARM_GCC_493\Debug\Striplight_bootloadable.a(CyLib.o)
 .text.CyEnableInts
                0x00000000       0x18 .\CortexM0\ARM_GCC_493\Debug\Striplight_bootloadable.a(CyLib.o)
 .text.CyIntSetSysVector
                0x00000000       0x48 .\CortexM0\ARM_GCC_493\Debug\Striplight_bootloadable.a(CyLib.o)
 .text.CyIntGetSysVector
                0x00000000       0x34 .\CortexM0\ARM_GCC_493\Debug\Striplight_bootloadable.a(CyLib.o)
 .text.CyIntGetVector
                0x00000000       0x38 .\CortexM0\ARM_GCC_493\Debug\Striplight_bootloadable.a(CyLib.o)
 .text.CyIntGetPriority
                0x00000000       0x5c .\CortexM0\ARM_GCC_493\Debug\Striplight_bootloadable.a(CyLib.o)
 .text.CyIntGetState
                0x00000000       0x30 .\CortexM0\ARM_GCC_493\Debug\Striplight_bootloadable.a(CyLib.o)
 .text.CyIntSetPending
                0x00000000       0x28 .\CortexM0\ARM_GCC_493\Debug\Striplight_bootloadable.a(CyLib.o)
 .text.CyIntClearPending
                0x00000000       0x28 .\CortexM0\ARM_GCC_493\Debug\Striplight_bootloadable.a(CyLib.o)
 .text.CySoftwareReset
                0x00000000       0x20 .\CortexM0\ARM_GCC_493\Debug\Striplight_bootloadable.a(CyLib.o)
 .text.CyDelayFreq
                0x00000000       0x84 .\CortexM0\ARM_GCC_493\Debug\Striplight_bootloadable.a(CyLib.o)
 .text.CySysTickStart
                0x00000000       0x24 .\CortexM0\ARM_GCC_493\Debug\Striplight_bootloadable.a(CyLib.o)
 .text.CySysTickInit
                0x00000000       0x60 .\CortexM0\ARM_GCC_493\Debug\Striplight_bootloadable.a(CyLib.o)
 .text.CySysTickEnable
                0x00000000       0x1c .\CortexM0\ARM_GCC_493\Debug\Striplight_bootloadable.a(CyLib.o)
 .text.CySysTickStop
                0x00000000       0x18 .\CortexM0\ARM_GCC_493\Debug\Striplight_bootloadable.a(CyLib.o)
 .text.CySysTickEnableInterrupt
                0x00000000       0x18 .\CortexM0\ARM_GCC_493\Debug\Striplight_bootloadable.a(CyLib.o)
 .text.CySysTickDisableInterrupt
                0x00000000       0x18 .\CortexM0\ARM_GCC_493\Debug\Striplight_bootloadable.a(CyLib.o)
 .text.CySysTickSetReload
                0x00000000       0x1c .\CortexM0\ARM_GCC_493\Debug\Striplight_bootloadable.a(CyLib.o)
 .text.CySysTickGetReload
                0x00000000       0x18 .\CortexM0\ARM_GCC_493\Debug\Striplight_bootloadable.a(CyLib.o)
 .text.CySysTickGetValue
                0x00000000       0x1c .\CortexM0\ARM_GCC_493\Debug\Striplight_bootloadable.a(CyLib.o)
 .text.CySysTickGetCountFlag
                0x00000000       0x18 .\CortexM0\ARM_GCC_493\Debug\Striplight_bootloadable.a(CyLib.o)
 .text.CySysTickClear
                0x00000000       0x14 .\CortexM0\ARM_GCC_493\Debug\Striplight_bootloadable.a(CyLib.o)
 .text.CySysTickSetCallback
                0x00000000       0x2c .\CortexM0\ARM_GCC_493\Debug\Striplight_bootloadable.a(CyLib.o)
 .text.CySysTickGetCallback
                0x00000000       0x1c .\CortexM0\ARM_GCC_493\Debug\Striplight_bootloadable.a(CyLib.o)
 .text.CySysTickServiceCallbacks
                0x00000000       0x44 .\CortexM0\ARM_GCC_493\Debug\Striplight_bootloadable.a(CyLib.o)
 .text          0x00000000        0x0 .\CortexM0\ARM_GCC_493\Debug\Striplight_bootloadable.a(StripLights.o)
 .data          0x00000000        0x0 .\CortexM0\ARM_GCC_493\Debug\Striplight_bootloadable.a(StripLights.o)
 .text.StripLights_Stop
                0x00000000       0x14 .\CortexM0\ARM_GCC_493\Debug\Striplight_bootloadable.a(StripLights.o)
 .text.StripLights_ColorInc
                0x00000000       0x48 .\CortexM0\ARM_GCC_493\Debug\Striplight_bootloadable.a(StripLights.o)
 .text.StripLights_DisplayClear
                0x00000000       0x1c .\CortexM0\ARM_GCC_493\Debug\Striplight_bootloadable.a(StripLights.o)
 .text.StripLights_WriteColor
                0x00000000       0x4c .\CortexM0\ARM_GCC_493\Debug\Striplight_bootloadable.a(StripLights.o)
 .text.StripLights_GetPixel
                0x00000000       0x48 .\CortexM0\ARM_GCC_493\Debug\Striplight_bootloadable.a(StripLights.o)
 .text.StripLights_DrawCircle
                0x00000000      0x180 .\CortexM0\ARM_GCC_493\Debug\Striplight_bootloadable.a(StripLights.o)
 .text.StripLights_DrawLine
                0x00000000      0x110 .\CortexM0\ARM_GCC_493\Debug\Striplight_bootloadable.a(StripLights.o)
 .text.StripLights_DrawRect
                0x00000000       0xb4 .\CortexM0\ARM_GCC_493\Debug\Striplight_bootloadable.a(StripLights.o)
 .text.StripLights_bplot
                0x00000000       0x98 .\CortexM0\ARM_GCC_493\Debug\Striplight_bootloadable.a(StripLights.o)
 .text          0x00000000        0x0 .\CortexM0\ARM_GCC_493\Debug\Striplight_bootloadable.a(StripLights_fonts.o)
 .data          0x00000000        0x0 .\CortexM0\ARM_GCC_493\Debug\Striplight_bootloadable.a(StripLights_fonts.o)
 .bss           0x00000000        0x0 .\CortexM0\ARM_GCC_493\Debug\Striplight_bootloadable.a(StripLights_fonts.o)
 .text.StripLights_PrintString
                0x00000000       0xfc .\CortexM0\ARM_GCC_493\Debug\Striplight_bootloadable.a(StripLights_fonts.o)
 .text.StripLights_PutChar
                0x00000000       0xf4 .\CortexM0\ARM_GCC_493\Debug\Striplight_bootloadable.a(StripLights_fonts.o)
 .text          0x00000000        0x0 .\CortexM0\ARM_GCC_493\Debug\Striplight_bootloadable.a(StripLights_cisr.o)
 .data          0x00000000        0x0 .\CortexM0\ARM_GCC_493\Debug\Striplight_bootloadable.a(StripLights_cisr.o)
 .bss           0x00000000        0x0 .\CortexM0\ARM_GCC_493\Debug\Striplight_bootloadable.a(StripLights_cisr.o)
 .text.StripLights_cisr_Start
                0x00000000       0x24 .\CortexM0\ARM_GCC_493\Debug\Striplight_bootloadable.a(StripLights_cisr.o)
 .text.StripLights_cisr_Stop
                0x00000000       0x18 .\CortexM0\ARM_GCC_493\Debug\Striplight_bootloadable.a(StripLights_cisr.o)
 .text.StripLights_cisr_Interrupt
                0x00000000        0x8 .\CortexM0\ARM_GCC_493\Debug\Striplight_bootloadable.a(StripLights_cisr.o)
 .text.StripLights_cisr_GetVector
                0x00000000       0x14 .\CortexM0\ARM_GCC_493\Debug\Striplight_bootloadable.a(StripLights_cisr.o)
 .text.StripLights_cisr_GetPriority
                0x00000000       0x2c .\CortexM0\ARM_GCC_493\Debug\Striplight_bootloadable.a(StripLights_cisr.o)
 .text.StripLights_cisr_GetState
                0x00000000       0x1c .\CortexM0\ARM_GCC_493\Debug\Striplight_bootloadable.a(StripLights_cisr.o)
 .text.StripLights_cisr_SetPending
                0x00000000       0x14 .\CortexM0\ARM_GCC_493\Debug\Striplight_bootloadable.a(StripLights_cisr.o)
 .text.StripLights_cisr_ClearPending
                0x00000000       0x14 .\CortexM0\ARM_GCC_493\Debug\Striplight_bootloadable.a(StripLights_cisr.o)
 .text          0x00000000        0x0 .\CortexM0\ARM_GCC_493\Debug\Striplight_bootloadable.a(StripLights_fisr.o)
 .data          0x00000000        0x0 .\CortexM0\ARM_GCC_493\Debug\Striplight_bootloadable.a(StripLights_fisr.o)
 .bss           0x00000000        0x0 .\CortexM0\ARM_GCC_493\Debug\Striplight_bootloadable.a(StripLights_fisr.o)
 .text.StripLights_fisr_Start
                0x00000000       0x24 .\CortexM0\ARM_GCC_493\Debug\Striplight_bootloadable.a(StripLights_fisr.o)
 .text.StripLights_fisr_Stop
                0x00000000       0x18 .\CortexM0\ARM_GCC_493\Debug\Striplight_bootloadable.a(StripLights_fisr.o)
 .text.StripLights_fisr_Interrupt
                0x00000000        0x8 .\CortexM0\ARM_GCC_493\Debug\Striplight_bootloadable.a(StripLights_fisr.o)
 .text.StripLights_fisr_GetVector
                0x00000000       0x14 .\CortexM0\ARM_GCC_493\Debug\Striplight_bootloadable.a(StripLights_fisr.o)
 .text.StripLights_fisr_GetPriority
                0x00000000       0x2c .\CortexM0\ARM_GCC_493\Debug\Striplight_bootloadable.a(StripLights_fisr.o)
 .text.StripLights_fisr_GetState
                0x00000000       0x20 .\CortexM0\ARM_GCC_493\Debug\Striplight_bootloadable.a(StripLights_fisr.o)
 .text.StripLights_fisr_SetPending
                0x00000000       0x14 .\CortexM0\ARM_GCC_493\Debug\Striplight_bootloadable.a(StripLights_fisr.o)
 .text.StripLights_fisr_ClearPending
                0x00000000       0x14 .\CortexM0\ARM_GCC_493\Debug\Striplight_bootloadable.a(StripLights_fisr.o)
 .text          0x00000000        0x0 .\CortexM0\ARM_GCC_493\Debug\Striplight_bootloadable.a(ESP.o)
 .data          0x00000000        0x0 .\CortexM0\ARM_GCC_493\Debug\Striplight_bootloadable.a(ESP.o)
 .text.ESP_Stop
                0x00000000       0x34 .\CortexM0\ARM_GCC_493\Debug\Striplight_bootloadable.a(ESP.o)
 .text.ESP_SetRxFifoLevel
                0x00000000       0x34 .\CortexM0\ARM_GCC_493\Debug\Striplight_bootloadable.a(ESP.o)
 .text.ESP_SetTxFifoLevel
                0x00000000       0x34 .\CortexM0\ARM_GCC_493\Debug\Striplight_bootloadable.a(ESP.o)
 .text.ESP_SetCustomInterruptHandler
                0x00000000       0x18 .\CortexM0\ARM_GCC_493\Debug\Striplight_bootloadable.a(ESP.o)
 .text.ESP_ScbModeStop
                0x00000000        0xc .\CortexM0\ARM_GCC_493\Debug\Striplight_bootloadable.a(ESP.o)
 .text.ESP_I2CSlaveNackGeneration
                0x00000000       0x50 .\CortexM0\ARM_GCC_493\Debug\Striplight_bootloadable.a(ESP.o)
 .text          0x00000000        0x0 .\CortexM0\ARM_GCC_493\Debug\Striplight_bootloadable.a(ESP_UART.o)
 .data          0x00000000        0x0 .\CortexM0\ARM_GCC_493\Debug\Striplight_bootloadable.a(ESP_UART.o)
 .bss           0x00000000        0x0 .\CortexM0\ARM_GCC_493\Debug\Striplight_bootloadable.a(ESP_UART.o)
 .text.ESP_UartStop
                0x00000000       0x1c .\CortexM0\ARM_GCC_493\Debug\Striplight_bootloadable.a(ESP_UART.o)
 .text.ESP_UartSetRxAddress
                0x00000000       0x34 .\CortexM0\ARM_GCC_493\Debug\Striplight_bootloadable.a(ESP_UART.o)
 .text.ESP_UartSetRxAddressMask
                0x00000000       0x34 .\CortexM0\ARM_GCC_493\Debug\Striplight_bootloadable.a(ESP_UART.o)
 .text.ESP_UartGetChar
                0x00000000       0x40 .\CortexM0\ARM_GCC_493\Debug\Striplight_bootloadable.a(ESP_UART.o)
 .text.ESP_UartGetByte
                0x00000000       0x50 .\CortexM0\ARM_GCC_493\Debug\Striplight_bootloadable.a(ESP_UART.o)
 .text.ESP_UartPutString
                0x00000000       0x34 .\CortexM0\ARM_GCC_493\Debug\Striplight_bootloadable.a(ESP_UART.o)
 .text.ESP_UartPutCRLF
                0x00000000       0x24 .\CortexM0\ARM_GCC_493\Debug\Striplight_bootloadable.a(ESP_UART.o)
 .data          0x00000000        0x0 .\CortexM0\ARM_GCC_493\Debug\Striplight_bootloadable.a(CyBootAsmGnu.o)
 .bss           0x00000000        0x0 .\CortexM0\ARM_GCC_493\Debug\Striplight_bootloadable.a(CyBootAsmGnu.o)
 .text          0x00000000        0x0 .\CortexM0\ARM_GCC_493\Debug\Striplight_bootloadable.a(ESP_SPI_UART.o)
 .data          0x00000000        0x0 .\CortexM0\ARM_GCC_493\Debug\Striplight_bootloadable.a(ESP_SPI_UART.o)
 .bss           0x00000000        0x0 .\CortexM0\ARM_GCC_493\Debug\Striplight_bootloadable.a(ESP_SPI_UART.o)
 .text.ESP_SpiUartReadRxData
                0x00000000       0x20 .\CortexM0\ARM_GCC_493\Debug\Striplight_bootloadable.a(ESP_SPI_UART.o)
 .text.ESP_SpiUartGetRxBufferSize
                0x00000000       0x20 .\CortexM0\ARM_GCC_493\Debug\Striplight_bootloadable.a(ESP_SPI_UART.o)
 .text.ESP_SpiUartClearRxBuffer
                0x00000000       0x2c .\CortexM0\ARM_GCC_493\Debug\Striplight_bootloadable.a(ESP_SPI_UART.o)
 .text.ESP_SpiUartWriteTxData
                0x00000000       0x2c .\CortexM0\ARM_GCC_493\Debug\Striplight_bootloadable.a(ESP_SPI_UART.o)
 .text.ESP_SpiUartPutArray
                0x00000000       0x34 .\CortexM0\ARM_GCC_493\Debug\Striplight_bootloadable.a(ESP_SPI_UART.o)
 .text.ESP_SpiUartGetTxBufferSize
                0x00000000       0x20 .\CortexM0\ARM_GCC_493\Debug\Striplight_bootloadable.a(ESP_SPI_UART.o)
 .text.ESP_SpiUartClearTxBuffer
                0x00000000       0x2c .\CortexM0\ARM_GCC_493\Debug\Striplight_bootloadable.a(ESP_SPI_UART.o)
 .text.ESP_SpiUartDisableIntRx
                0x00000000       0x20 .\CortexM0\ARM_GCC_493\Debug\Striplight_bootloadable.a(ESP_SPI_UART.o)
 .text.ESP_SpiUartDisableIntTx
                0x00000000       0x20 .\CortexM0\ARM_GCC_493\Debug\Striplight_bootloadable.a(ESP_SPI_UART.o)
 .text          0x00000000        0x0 .\CortexM0\ARM_GCC_493\Debug\Striplight_bootloadable.a(ESP_SPI_UART_INT.o)
 .data          0x00000000        0x0 .\CortexM0\ARM_GCC_493\Debug\Striplight_bootloadable.a(ESP_SPI_UART_INT.o)
 .bss           0x00000000        0x0 .\CortexM0\ARM_GCC_493\Debug\Striplight_bootloadable.a(ESP_SPI_UART_INT.o)
 .text          0x00000000      0x120 c:/program files (x86)/cypress/psoc creator/3.3/psoc creator/import/gnu/arm/4.9.3/bin/../lib/gcc/arm-none-eabi/4.9.3/armv6-m\libgcc.a(_udivsi3.o)
 .data          0x00000000        0x0 c:/program files (x86)/cypress/psoc creator/3.3/psoc creator/import/gnu/arm/4.9.3/bin/../lib/gcc/arm-none-eabi/4.9.3/armv6-m\libgcc.a(_udivsi3.o)
 .bss           0x00000000        0x0 c:/program files (x86)/cypress/psoc creator/3.3/psoc creator/import/gnu/arm/4.9.3/bin/../lib/gcc/arm-none-eabi/4.9.3/armv6-m\libgcc.a(_udivsi3.o)
 .text          0x00000000      0x1e0 c:/program files (x86)/cypress/psoc creator/3.3/psoc creator/import/gnu/arm/4.9.3/bin/../lib/gcc/arm-none-eabi/4.9.3/armv6-m\libgcc.a(_divsi3.o)
 .data          0x00000000        0x0 c:/program files (x86)/cypress/psoc creator/3.3/psoc creator/import/gnu/arm/4.9.3/bin/../lib/gcc/arm-none-eabi/4.9.3/armv6-m\libgcc.a(_divsi3.o)
 .bss           0x00000000        0x0 c:/program files (x86)/cypress/psoc creator/3.3/psoc creator/import/gnu/arm/4.9.3/bin/../lib/gcc/arm-none-eabi/4.9.3/armv6-m\libgcc.a(_divsi3.o)
 .text          0x00000000        0x4 c:/program files (x86)/cypress/psoc creator/3.3/psoc creator/import/gnu/arm/4.9.3/bin/../lib/gcc/arm-none-eabi/4.9.3/armv6-m\libgcc.a(_dvmd_tls.o)
 .data          0x00000000        0x0 c:/program files (x86)/cypress/psoc creator/3.3/psoc creator/import/gnu/arm/4.9.3/bin/../lib/gcc/arm-none-eabi/4.9.3/armv6-m\libgcc.a(_dvmd_tls.o)
 .bss           0x00000000        0x0 c:/program files (x86)/cypress/psoc creator/3.3/psoc creator/import/gnu/arm/4.9.3/bin/../lib/gcc/arm-none-eabi/4.9.3/armv6-m\libgcc.a(_dvmd_tls.o)
 .text          0x00000000        0x0 c:/program files (x86)/cypress/psoc creator/3.3/psoc creator/import/gnu/arm/4.9.3/bin/../lib/gcc/arm-none-eabi/4.9.3/../../../../arm-none-eabi/lib/armv6-m\libg_nano.a(lib_a-errno.o)
 .data          0x00000000        0x0 c:/program files (x86)/cypress/psoc creator/3.3/psoc creator/import/gnu/arm/4.9.3/bin/../lib/gcc/arm-none-eabi/4.9.3/../../../../arm-none-eabi/lib/armv6-m\libg_nano.a(lib_a-errno.o)
 .bss           0x00000000        0x0 c:/program files (x86)/cypress/psoc creator/3.3/psoc creator/import/gnu/arm/4.9.3/bin/../lib/gcc/arm-none-eabi/4.9.3/../../../../arm-none-eabi/lib/armv6-m\libg_nano.a(lib_a-errno.o)
 .text.__errno  0x00000000        0xc c:/program files (x86)/cypress/psoc creator/3.3/psoc creator/import/gnu/arm/4.9.3/bin/../lib/gcc/arm-none-eabi/4.9.3/../../../../arm-none-eabi/lib/armv6-m\libg_nano.a(lib_a-errno.o)
 .text          0x00000000        0x0 c:/program files (x86)/cypress/psoc creator/3.3/psoc creator/import/gnu/arm/4.9.3/bin/../lib/gcc/arm-none-eabi/4.9.3/../../../../arm-none-eabi/lib/armv6-m\libg_nano.a(lib_a-exit.o)
 .data          0x00000000        0x0 c:/program files (x86)/cypress/psoc creator/3.3/psoc creator/import/gnu/arm/4.9.3/bin/../lib/gcc/arm-none-eabi/4.9.3/../../../../arm-none-eabi/lib/armv6-m\libg_nano.a(lib_a-exit.o)
 .bss           0x00000000        0x0 c:/program files (x86)/cypress/psoc creator/3.3/psoc creator/import/gnu/arm/4.9.3/bin/../lib/gcc/arm-none-eabi/4.9.3/../../../../arm-none-eabi/lib/armv6-m\libg_nano.a(lib_a-exit.o)
 .text.exit     0x00000000       0x2c c:/program files (x86)/cypress/psoc creator/3.3/psoc creator/import/gnu/arm/4.9.3/bin/../lib/gcc/arm-none-eabi/4.9.3/../../../../arm-none-eabi/lib/armv6-m\libg_nano.a(lib_a-exit.o)
 .text          0x00000000        0x0 c:/program files (x86)/cypress/psoc creator/3.3/psoc creator/import/gnu/arm/4.9.3/bin/../lib/gcc/arm-none-eabi/4.9.3/../../../../arm-none-eabi/lib/armv6-m\libg_nano.a(lib_a-impure.o)
 .data          0x00000000        0x0 c:/program files (x86)/cypress/psoc creator/3.3/psoc creator/import/gnu/arm/4.9.3/bin/../lib/gcc/arm-none-eabi/4.9.3/../../../../arm-none-eabi/lib/armv6-m\libg_nano.a(lib_a-impure.o)
 .bss           0x00000000        0x0 c:/program files (x86)/cypress/psoc creator/3.3/psoc creator/import/gnu/arm/4.9.3/bin/../lib/gcc/arm-none-eabi/4.9.3/../../../../arm-none-eabi/lib/armv6-m\libg_nano.a(lib_a-impure.o)
 .data.impure_data
                0x00000000       0x60 c:/program files (x86)/cypress/psoc creator/3.3/psoc creator/import/gnu/arm/4.9.3/bin/../lib/gcc/arm-none-eabi/4.9.3/../../../../arm-none-eabi/lib/armv6-m\libg_nano.a(lib_a-impure.o)
 .data._impure_ptr
                0x00000000        0x4 c:/program files (x86)/cypress/psoc creator/3.3/psoc creator/import/gnu/arm/4.9.3/bin/../lib/gcc/arm-none-eabi/4.9.3/../../../../arm-none-eabi/lib/armv6-m\libg_nano.a(lib_a-impure.o)
 .rodata.str1.1
                0x00000000        0x2 c:/program files (x86)/cypress/psoc creator/3.3/psoc creator/import/gnu/arm/4.9.3/bin/../lib/gcc/arm-none-eabi/4.9.3/../../../../arm-none-eabi/lib/armv6-m\libg_nano.a(lib_a-impure.o)
 .rodata._global_impure_ptr
                0x00000000        0x4 c:/program files (x86)/cypress/psoc creator/3.3/psoc creator/import/gnu/arm/4.9.3/bin/../lib/gcc/arm-none-eabi/4.9.3/../../../../arm-none-eabi/lib/armv6-m\libg_nano.a(lib_a-impure.o)
 .text          0x00000000        0x0 c:/program files (x86)/cypress/psoc creator/3.3/psoc creator/import/gnu/arm/4.9.3/bin/../lib/gcc/arm-none-eabi/4.9.3/../../../../arm-none-eabi/lib/armv6-m\libg_nano.a(lib_a-init.o)
 .data          0x00000000        0x0 c:/program files (x86)/cypress/psoc creator/3.3/psoc creator/import/gnu/arm/4.9.3/bin/../lib/gcc/arm-none-eabi/4.9.3/../../../../arm-none-eabi/lib/armv6-m\libg_nano.a(lib_a-init.o)
 .bss           0x00000000        0x0 c:/program files (x86)/cypress/psoc creator/3.3/psoc creator/import/gnu/arm/4.9.3/bin/../lib/gcc/arm-none-eabi/4.9.3/../../../../arm-none-eabi/lib/armv6-m\libg_nano.a(lib_a-init.o)
 .text          0x00000000        0x0 c:/program files (x86)/cypress/psoc creator/3.3/psoc creator/import/gnu/arm/4.9.3/bin/../lib/gcc/arm-none-eabi/4.9.3/../../../../arm-none-eabi/lib/armv6-m\libg_nano.a(lib_a-memcpy.o)
 .data          0x00000000        0x0 c:/program files (x86)/cypress/psoc creator/3.3/psoc creator/import/gnu/arm/4.9.3/bin/../lib/gcc/arm-none-eabi/4.9.3/../../../../arm-none-eabi/lib/armv6-m\libg_nano.a(lib_a-memcpy.o)
 .bss           0x00000000        0x0 c:/program files (x86)/cypress/psoc creator/3.3/psoc creator/import/gnu/arm/4.9.3/bin/../lib/gcc/arm-none-eabi/4.9.3/../../../../arm-none-eabi/lib/armv6-m\libg_nano.a(lib_a-memcpy.o)
 .text.memcpy   0x00000000       0x12 c:/program files (x86)/cypress/psoc creator/3.3/psoc creator/import/gnu/arm/4.9.3/bin/../lib/gcc/arm-none-eabi/4.9.3/../../../../arm-none-eabi/lib/armv6-m\libg_nano.a(lib_a-memcpy.o)
 .text          0x00000000        0x0 c:/program files (x86)/cypress/psoc creator/3.3/psoc creator/import/gnu/arm/4.9.3/bin/../lib/gcc/arm-none-eabi/4.9.3/../../../../arm-none-eabi/lib/armv6-m\libg_nano.a(lib_a-memset.o)
 .data          0x00000000        0x0 c:/program files (x86)/cypress/psoc creator/3.3/psoc creator/import/gnu/arm/4.9.3/bin/../lib/gcc/arm-none-eabi/4.9.3/../../../../arm-none-eabi/lib/armv6-m\libg_nano.a(lib_a-memset.o)
 .bss           0x00000000        0x0 c:/program files (x86)/cypress/psoc creator/3.3/psoc creator/import/gnu/arm/4.9.3/bin/../lib/gcc/arm-none-eabi/4.9.3/../../../../arm-none-eabi/lib/armv6-m\libg_nano.a(lib_a-memset.o)
 .text          0x00000000        0x0 c:/program files (x86)/cypress/psoc creator/3.3/psoc creator/import/gnu/arm/4.9.3/bin/../lib/gcc/arm-none-eabi/4.9.3/armv6-m/crtend.o
 .data          0x00000000        0x0 c:/program files (x86)/cypress/psoc creator/3.3/psoc creator/import/gnu/arm/4.9.3/bin/../lib/gcc/arm-none-eabi/4.9.3/armv6-m/crtend.o
 .bss           0x00000000        0x0 c:/program files (x86)/cypress/psoc creator/3.3/psoc creator/import/gnu/arm/4.9.3/bin/../lib/gcc/arm-none-eabi/4.9.3/armv6-m/crtend.o
 .text          0x00000000        0x0 c:/program files (x86)/cypress/psoc creator/3.3/psoc creator/import/gnu/arm/4.9.3/bin/../lib/gcc/arm-none-eabi/4.9.3/armv6-m/crtn.o
 .data          0x00000000        0x0 c:/program files (x86)/cypress/psoc creator/3.3/psoc creator/import/gnu/arm/4.9.3/bin/../lib/gcc/arm-none-eabi/4.9.3/armv6-m/crtn.o
 .bss           0x00000000        0x0 c:/program files (x86)/cypress/psoc creator/3.3/psoc creator/import/gnu/arm/4.9.3/bin/../lib/gcc/arm-none-eabi/4.9.3/armv6-m/crtn.o

Memory Configuration

Name             Origin             Length             Attributes
rom              0x00000000         0x00008000         xr
ram              0x20000000         0x00001000         xrw
*default*        0x00000000         0xffffffff

Linker script and memory map

LOAD c:/program files (x86)/cypress/psoc creator/3.3/psoc creator/import/gnu/arm/4.9.3/bin/../lib/gcc/arm-none-eabi/4.9.3/armv6-m/crti.o
LOAD c:/program files (x86)/cypress/psoc creator/3.3/psoc creator/import/gnu/arm/4.9.3/bin/../lib/gcc/arm-none-eabi/4.9.3/armv6-m/crtbegin.o
LOAD c:/program files (x86)/cypress/psoc creator/3.3/psoc creator/import/gnu/arm/4.9.3/bin/../lib/gcc/arm-none-eabi/4.9.3/../../../../arm-none-eabi/lib/armv6-m/crt0.o
START GROUP
LOAD .\CortexM0\ARM_GCC_493\Debug\main.o
LOAD .\CortexM0\ARM_GCC_493\Debug\cybootloader.o
LOAD .\CortexM0\ARM_GCC_493\Debug\cymetadata.o
LOAD .\CortexM0\ARM_GCC_493\Debug\Cm0Start.o
LOAD .\CortexM0\ARM_GCC_493\Debug\Striplight_bootloadable.a
LOAD C:\Program Files (x86)\Cypress\PSoC Creator\3.3\PSoC Creator\psoc\content\cycomponentlibrary\CyComponentLibrary.cylib\CortexM0\ARM_GCC_493\Debug\CyComponentLibrary.a
END GROUP
START GROUP
LOAD c:/program files (x86)/cypress/psoc creator/3.3/psoc creator/import/gnu/arm/4.9.3/bin/../lib/gcc/arm-none-eabi/4.9.3/armv6-m\libgcc.a
LOAD c:/program files (x86)/cypress/psoc creator/3.3/psoc creator/import/gnu/arm/4.9.3/bin/../lib/gcc/arm-none-eabi/4.9.3/../../../../arm-none-eabi/lib/armv6-m\libg_nano.a
LOAD c:/program files (x86)/cypress/psoc creator/3.3/psoc creator/import/gnu/arm/4.9.3/bin/../lib/gcc/arm-none-eabi/4.9.3/../../../../arm-none-eabi/lib/armv6-m\libc_nano.a
END GROUP
START GROUP
LOAD c:/program files (x86)/cypress/psoc creator/3.3/psoc creator/import/gnu/arm/4.9.3/bin/../lib/gcc/arm-none-eabi/4.9.3/armv6-m\libgcc.a
LOAD c:/program files (x86)/cypress/psoc creator/3.3/psoc creator/import/gnu/arm/4.9.3/bin/../lib/gcc/arm-none-eabi/4.9.3/../../../../arm-none-eabi/lib/armv6-m\libc_nano.a
END GROUP
LOAD c:/program files (x86)/cypress/psoc creator/3.3/psoc creator/import/gnu/arm/4.9.3/bin/../lib/gcc/arm-none-eabi/4.9.3/armv6-m/crtend.o
LOAD c:/program files (x86)/cypress/psoc creator/3.3/psoc creator/import/gnu/arm/4.9.3/bin/../lib/gcc/arm-none-eabi/4.9.3/armv6-m/crtn.o
START GROUP
LOAD c:/program files (x86)/cypress/psoc creator/3.3/psoc creator/import/gnu/arm/4.9.3/bin/../lib/gcc/arm-none-eabi/4.9.3/armv6-m\libgcc.a
LOAD c:/program files (x86)/cypress/psoc creator/3.3/psoc creator/import/gnu/arm/4.9.3/bin/../lib/gcc/arm-none-eabi/4.9.3/../../../../arm-none-eabi/lib/armv6-m\libc.a
LOAD c:/program files (x86)/cypress/psoc creator/3.3/psoc creator/import/gnu/arm/4.9.3/bin/../lib/gcc/arm-none-eabi/4.9.3/../../../../arm-none-eabi/lib/armv6-m\libnosys.a
END GROUP
                0x00000000                CY_APPL_ORIGIN = 0x0
                0x00000080                CY_FLASH_ROW_SIZE = 0x80
                0x00000001                CY_APPL_NUM = 0x1
                0x00000040                CY_METADATA_SIZE = 0x40
                0x20000380                PROVIDE (__cy_heap_start, _end)
                0x00000001                PROVIDE (__cy_region_num, ((__cy_regions_end - __cy_regions) / 0x10))
                0x20001000                PROVIDE (__cy_stack, (ORIGIN (ram) + 0x1000))
                0x20000c00                PROVIDE (__cy_heap_end, (__cy_stack - 0x400))

.cybootloader   0x00000000     0x1100
 *(.cybootloader)
 .cybootloader  0x00000000     0x1100 .\CortexM0\ARM_GCC_493\Debug\cybootloader.o
                0x00000000                cy_bootloader
                0x00001100                appl1_start = CY_APPL_ORIGIN?CY_APPL_ORIGIN:ALIGN (CY_FLASH_ROW_SIZE)
                0x00004800                appl2_start = (appl1_start + ALIGN ((((0x8000 - appl1_start) - (0x2 * CY_FLASH_ROW_SIZE)) / 0x2), CY_FLASH_ROW_SIZE))
                0x00001100                appl_start = (CY_APPL_NUM == 0x1)?appl1_start:appl2_start

.text           0x00001100     0x1028
 CREATE_OBJECT_SYMBOLS
                0x00001100                PROVIDE (__cy_interrupt_vector, RomVectors)
 *(.romvectors)
 .romvectors    0x00001100       0x10 .\CortexM0\ARM_GCC_493\Debug\Cm0Start.o
                0x00001100                RomVectors
                0x00000001                ASSERT ((. != __cy_interrupt_vector), No interrupt vector)
                0x00000001                ASSERT (CY_APPL_ORIGIN?(SIZEOF (.cybootloader) <= CY_APPL_ORIGIN):0x1, Wrong image location)
                0x00001110                PROVIDE (__cy_reset, Reset)
 *(.text.Reset)
 .text.Reset    0x00001110       0x14 .\CortexM0\ARM_GCC_493\Debug\Cm0Start.o
                0x00001110                Reset
                0x00000001                ASSERT ((. != __cy_reset), No reset code)
 *(.psocinit)
 .psocinit      0x00001124      0x228 .\CortexM0\ARM_GCC_493\Debug\Striplight_bootloadable.a(cyfitter_cfg.o)
                0x00001190                cyfitter_cfg
                0x0000134c                . = MAX (., 0x100)
 *(.text .text.* .gnu.linkonce.t.*)
 .text          0x0000134c       0x60 c:/program files (x86)/cypress/psoc creator/3.3/psoc creator/import/gnu/arm/4.9.3/bin/../lib/gcc/arm-none-eabi/4.9.3/armv6-m/crtbegin.o
 .text.main     0x000013ac       0x80 .\CortexM0\ARM_GCC_493\Debug\main.o
                0x000013ac                main
 .text.IntDefaultHandler
                0x0000142c        0x8 .\CortexM0\ARM_GCC_493\Debug\Cm0Start.o
                0x0000142c                IntDefaultHandler
 .text.Start_c  0x00001434       0x98 .\CortexM0\ARM_GCC_493\Debug\Cm0Start.o
                0x00001434                Start_c
 .text.initialize_psoc
                0x000014cc       0x74 .\CortexM0\ARM_GCC_493\Debug\Cm0Start.o
                0x000014cc                initialize_psoc
 .text.CYMEMZERO
                0x00001540       0x20 .\CortexM0\ARM_GCC_493\Debug\Striplight_bootloadable.a(cyfitter_cfg.o)
 .text.cfg_write_bytes32
                0x00001560       0x80 .\CortexM0\ARM_GCC_493\Debug\Striplight_bootloadable.a(cyfitter_cfg.o)
 .text.AnalogSetDefault
                0x000015e0        0x8 .\CortexM0\ARM_GCC_493\Debug\Striplight_bootloadable.a(cyfitter_cfg.o)
 .text.CySysClkWriteImoFreq
                0x000015e8      0x1e0 .\CortexM0\ARM_GCC_493\Debug\Striplight_bootloadable.a(CyLib.o)
                0x000015e8                CySysClkWriteImoFreq
 .text.CyIntSetVector
                0x000017c8       0x4c .\CortexM0\ARM_GCC_493\Debug\Striplight_bootloadable.a(CyLib.o)
                0x000017c8                CyIntSetVector
 .text.CyIntSetPriority
                0x00001814       0xa8 .\CortexM0\ARM_GCC_493\Debug\Striplight_bootloadable.a(CyLib.o)
                0x00001814                CyIntSetPriority
 .text.CyIntEnable
                0x000018bc       0x28 .\CortexM0\ARM_GCC_493\Debug\Striplight_bootloadable.a(CyLib.o)
                0x000018bc                CyIntEnable
 .text.CyIntDisable
                0x000018e4       0x28 .\CortexM0\ARM_GCC_493\Debug\Striplight_bootloadable.a(CyLib.o)
                0x000018e4                CyIntDisable
 .text.CyHalt   0x0000190c       0x14 .\CortexM0\ARM_GCC_493\Debug\Striplight_bootloadable.a(CyLib.o)
                0x0000190c                CyHalt
 .text.CyDelay  0x00001920       0x48 .\CortexM0\ARM_GCC_493\Debug\Striplight_bootloadable.a(CyLib.o)
                0x00001920                CyDelay
 .text.CyDelayUs
                0x00001968       0x28 .\CortexM0\ARM_GCC_493\Debug\Striplight_bootloadable.a(CyLib.o)
                0x00001968                CyDelayUs
 .text.StripLights_Start
                0x00001990       0x88 .\CortexM0\ARM_GCC_493\Debug\Striplight_bootloadable.a(StripLights.o)
                0x00001990                StripLights_Start
 .text.StripLights_Trigger
                0x00001a18       0xa0 .\CortexM0\ARM_GCC_493\Debug\Striplight_bootloadable.a(StripLights.o)
                0x00001a18                StripLights_Trigger
 .text.StripLights_Ready
                0x00001ab8       0x28 .\CortexM0\ARM_GCC_493\Debug\Striplight_bootloadable.a(StripLights.o)
                0x00001ab8                StripLights_Ready
 .text.StripLights_FISR
                0x00001ae0       0xa0 .\CortexM0\ARM_GCC_493\Debug\Striplight_bootloadable.a(StripLights.o)
                0x00001ae0                StripLights_FISR
 .text.StripLights_CISR
                0x00001b80       0xc0 .\CortexM0\ARM_GCC_493\Debug\Striplight_bootloadable.a(StripLights.o)
                0x00001b80                StripLights_CISR
 .text.StripLights_MemClear
                0x00001c40       0x64 .\CortexM0\ARM_GCC_493\Debug\Striplight_bootloadable.a(StripLights.o)
                0x00001c40                StripLights_MemClear
 .text.StripLights_Pixel
                0x00001ca4       0x44 .\CortexM0\ARM_GCC_493\Debug\Striplight_bootloadable.a(StripLights.o)
                0x00001ca4                StripLights_Pixel
 .text.StripLights_Dim
                0x00001ce8       0x88 .\CortexM0\ARM_GCC_493\Debug\Striplight_bootloadable.a(StripLights.o)
                0x00001ce8                StripLights_Dim
 .text.StripLights_SetFont
                0x00001d70       0x5c .\CortexM0\ARM_GCC_493\Debug\Striplight_bootloadable.a(StripLights_fonts.o)
                0x00001d70                StripLights_SetFont
 .text.StripLights_cisr_StartEx
                0x00001dcc       0x24 .\CortexM0\ARM_GCC_493\Debug\Striplight_bootloadable.a(StripLights_cisr.o)
                0x00001dcc                StripLights_cisr_StartEx
 .text.StripLights_cisr_SetVector
                0x00001df0       0x18 .\CortexM0\ARM_GCC_493\Debug\Striplight_bootloadable.a(StripLights_cisr.o)
                0x00001df0                StripLights_cisr_SetVector
 .text.StripLights_cisr_SetPriority
                0x00001e08       0x4c .\CortexM0\ARM_GCC_493\Debug\Striplight_bootloadable.a(StripLights_cisr.o)
                0x00001e08                StripLights_cisr_SetPriority
 .text.StripLights_cisr_Enable
                0x00001e54       0x14 .\CortexM0\ARM_GCC_493\Debug\Striplight_bootloadable.a(StripLights_cisr.o)
                0x00001e54                StripLights_cisr_Enable
 .text.StripLights_cisr_Disable
                0x00001e68       0x14 .\CortexM0\ARM_GCC_493\Debug\Striplight_bootloadable.a(StripLights_cisr.o)
                0x00001e68                StripLights_cisr_Disable
 .text.StripLights_fisr_StartEx
                0x00001e7c       0x24 .\CortexM0\ARM_GCC_493\Debug\Striplight_bootloadable.a(StripLights_fisr.o)
                0x00001e7c                StripLights_fisr_StartEx
 .text.StripLights_fisr_SetVector
                0x00001ea0       0x18 .\CortexM0\ARM_GCC_493\Debug\Striplight_bootloadable.a(StripLights_fisr.o)
                0x00001ea0                StripLights_fisr_SetVector
 .text.StripLights_fisr_SetPriority
                0x00001eb8       0x50 .\CortexM0\ARM_GCC_493\Debug\Striplight_bootloadable.a(StripLights_fisr.o)
                0x00001eb8                StripLights_fisr_SetPriority
 .text.StripLights_fisr_Enable
                0x00001f08       0x14 .\CortexM0\ARM_GCC_493\Debug\Striplight_bootloadable.a(StripLights_fisr.o)
                0x00001f08                StripLights_fisr_Enable
 .text.StripLights_fisr_Disable
                0x00001f1c       0x14 .\CortexM0\ARM_GCC_493\Debug\Striplight_bootloadable.a(StripLights_fisr.o)
                0x00001f1c                StripLights_fisr_Disable
 .text.ESP_Init
                0x00001f30        0xc .\CortexM0\ARM_GCC_493\Debug\Striplight_bootloadable.a(ESP.o)
                0x00001f30                ESP_Init
 .text.ESP_Enable
                0x00001f3c       0x24 .\CortexM0\ARM_GCC_493\Debug\Striplight_bootloadable.a(ESP.o)
                0x00001f3c                ESP_Enable
 .text.ESP_Start
                0x00001f60       0x24 .\CortexM0\ARM_GCC_493\Debug\Striplight_bootloadable.a(ESP.o)
                0x00001f60                ESP_Start
 .text.ESP_ScbEnableIntr
                0x00001f84       0x10 .\CortexM0\ARM_GCC_493\Debug\Striplight_bootloadable.a(ESP.o)
 .text.ESP_ScbModePostEnable
                0x00001f94        0xc .\CortexM0\ARM_GCC_493\Debug\Striplight_bootloadable.a(ESP.o)
 .text.ESP_UartInit
                0x00001fa0       0xc4 .\CortexM0\ARM_GCC_493\Debug\Striplight_bootloadable.a(ESP_UART.o)
                0x00001fa0                ESP_UartInit
 .text.ESP_UartPostEnable
                0x00002064       0x24 .\CortexM0\ARM_GCC_493\Debug\Striplight_bootloadable.a(ESP_UART.o)
                0x00002064                ESP_UartPostEnable
 .text          0x00002088       0x28 .\CortexM0\ARM_GCC_493\Debug\Striplight_bootloadable.a(CyBootAsmGnu.o)
                0x00002088                CyDelayCycles
                0x0000209c                CyEnterCriticalSection
                0x000020a4                CyExitCriticalSection
 .text.ESP_SPI_UART_ISR
                0x000020b0       0x1c .\CortexM0\ARM_GCC_493\Debug\Striplight_bootloadable.a(ESP_SPI_UART_INT.o)
                0x000020b0                ESP_SPI_UART_ISR
 .text.__libc_init_array
                0x000020cc       0x4c c:/program files (x86)/cypress/psoc creator/3.3/psoc creator/import/gnu/arm/4.9.3/bin/../lib/gcc/arm-none-eabi/4.9.3/../../../../arm-none-eabi/lib/armv6-m\libg_nano.a(lib_a-init.o)
                0x000020cc                __libc_init_array
 .text.memset   0x00002118       0x10 c:/program files (x86)/cypress/psoc creator/3.3/psoc creator/import/gnu/arm/4.9.3/bin/../lib/gcc/arm-none-eabi/4.9.3/../../../../arm-none-eabi/lib/armv6-m\libg_nano.a(lib_a-memset.o)
                0x00002118                memset
 *(.plt)
 *(.gnu.warning)
 *(.glue_7t)
 .glue_7t       0x00000000        0x0 linker stubs
 *(.glue_7)
 .glue_7        0x00000000        0x0 linker stubs
 *(.vfp11_veneer)
 .vfp11_veneer  0x00000000        0x0 linker stubs
 *(.bootloader)
 *(.ARM.extab* .gnu.linkonce.armextab.*)
 *(.gcc_except_table)

.v4_bx          0x00002128        0x0
 .v4_bx         0x00000000        0x0 linker stubs

.iplt           0x00002128        0x0
 .iplt          0x00000000        0x0 c:/program files (x86)/cypress/psoc creator/3.3/psoc creator/import/gnu/arm/4.9.3/bin/../lib/gcc/arm-none-eabi/4.9.3/armv6-m/crtbegin.o

.eh_frame_hdr
 *(.eh_frame_hdr)

.eh_frame       0x00002128        0x4
 *(.eh_frame)
 .eh_frame      0x00002128        0x0 c:/program files (x86)/cypress/psoc creator/3.3/psoc creator/import/gnu/arm/4.9.3/bin/../lib/gcc/arm-none-eabi/4.9.3/armv6-m/crtbegin.o
 .eh_frame      0x00002128        0x4 c:/program files (x86)/cypress/psoc creator/3.3/psoc creator/import/gnu/arm/4.9.3/bin/../lib/gcc/arm-none-eabi/4.9.3/armv6-m/crtend.o
                0x0000212c                PROVIDE (__exidx_start, .)

.ARM.exidx
 *(.ARM.exidx* .gnu.linkonce.armexidx.*)
                0x0000212c                __exidx_end = .

.rodata         0x0000212c      0x6d4
 *(.rodata .rodata.* .gnu.linkonce.r.*)
 .rodata        0x0000212c      0x2b0 .\CortexM0\ARM_GCC_493\Debug\Striplight_bootloadable.a(cyfitter_cfg.o)
 .rodata        0x000023dc       0x30 .\CortexM0\ARM_GCC_493\Debug\Striplight_bootloadable.a(CyLib.o)
                0x000023dc                cyImoFreqMhz2Reg
 .rodata        0x0000240c      0x1e0 .\CortexM0\ARM_GCC_493\Debug\Striplight_bootloadable.a(StripLights.o)
                0x0000240c                StripLights_CLUT
 .rodata        0x000025ec      0x1e0 .\CortexM0\ARM_GCC_493\Debug\Striplight_bootloadable.a(StripLights_fonts.o)
                0x000025ec                StripLights_Font5x7
                0x000027cc                . = ALIGN (0x4)
 *(.init)
 .init          0x000027cc        0x4 c:/program files (x86)/cypress/psoc creator/3.3/psoc creator/import/gnu/arm/4.9.3/bin/../lib/gcc/arm-none-eabi/4.9.3/armv6-m/crti.o
                0x000027cc                _init
 .init          0x000027d0        0x8 c:/program files (x86)/cypress/psoc creator/3.3/psoc creator/import/gnu/arm/4.9.3/bin/../lib/gcc/arm-none-eabi/4.9.3/armv6-m/crtn.o
                0x000027d8                . = ALIGN (0x4)
                0x000027d8                __preinit_array_start = .
 *(.preinit_array)
                0x000027d8                __preinit_array_end = .
                0x000027d8                . = ALIGN (0x4)
                0x000027d8                __init_array_start = .
 *(SORT(.init_array.*))
 *(.init_array)
 .init_array    0x000027d8        0x4 c:/program files (x86)/cypress/psoc creator/3.3/psoc creator/import/gnu/arm/4.9.3/bin/../lib/gcc/arm-none-eabi/4.9.3/armv6-m/crtbegin.o
 .init_array    0x000027dc        0x4 .\CortexM0\ARM_GCC_493\Debug\Cm0Start.o
                0x000027e0                __init_array_end = .
                0x000027e0                . = ALIGN (0x4)
 *(.fini)
 .fini          0x000027e0        0x4 c:/program files (x86)/cypress/psoc creator/3.3/psoc creator/import/gnu/arm/4.9.3/bin/../lib/gcc/arm-none-eabi/4.9.3/armv6-m/crti.o
                0x000027e0                _fini
 .fini          0x000027e4        0x8 c:/program files (x86)/cypress/psoc creator/3.3/psoc creator/import/gnu/arm/4.9.3/bin/../lib/gcc/arm-none-eabi/4.9.3/armv6-m/crtn.o
                0x000027ec                . = ALIGN (0x4)
                0x000027ec                __fini_array_start = .
 *(.fini_array)
 .fini_array    0x000027ec        0x4 c:/program files (x86)/cypress/psoc creator/3.3/psoc creator/import/gnu/arm/4.9.3/bin/../lib/gcc/arm-none-eabi/4.9.3/armv6-m/crtbegin.o
 *(SORT(.fini_array.*))
                0x000027f0                __fini_array_end = .
                0x000027f0                . = ALIGN (0x4)
 *crtbegin.o(.ctors)
 *(EXCLUDE_FILE(*crtend.o) .ctors)
 *(SORT(.ctors.*))
 *crtend.o(.ctors)
                0x000027f0                . = ALIGN (0x4)
 *crtbegin.o(.dtors)
 *(EXCLUDE_FILE(*crtend.o) .dtors)
 *(SORT(.dtors.*))
 *crtend.o(.dtors)
                0x000027f0                . = ALIGN (0x4)
                0x000027f0                __cy_regions = .
                0x000027f0        0x4 LONG 0x2800 __cy_region_init_ram
                0x000027f4        0x4 LONG 0x200000d0 __cy_region_start_data
                0x000027f8        0x4 LONG 0x18 __cy_region_init_size_ram
                0x000027fc        0x4 LONG 0x298 __cy_region_zero_size_ram
                0x00002800                __cy_regions_end = .
                0x00002800                . = ALIGN (0x8)
                0x00002800                _etext = .

.ramvectors     0x20000000       0xc0
                0x20000000                __cy_region_start_ram = .
 *(.ramvectors)
 .ramvectors    0x20000000       0xc0 .\CortexM0\ARM_GCC_493\Debug\Cm0Start.o
                0x20000000                CyRamVectors

.btldr_run      0x200000c0        0x4
 *(.bootloaderruntype)
 .bootloaderruntype
                0x200000c0        0x4 .\CortexM0\ARM_GCC_493\Debug\Cm0Start.o
                0x200000c0                cyBtldrRunType

.noinit         0x200000c8        0x4
 *(.noinit)
 .noinit        0x200000c8        0x4 .\CortexM0\ARM_GCC_493\Debug\Cm0Start.o

.data           0x200000d0       0x18 load address 0x00002800
                0x200000d0                __cy_region_start_data = .
 *(.jcr)
 .jcr           0x200000d0        0x0 c:/program files (x86)/cypress/psoc creator/3.3/psoc creator/import/gnu/arm/4.9.3/bin/../lib/gcc/arm-none-eabi/4.9.3/armv6-m/crtbegin.o
 .jcr           0x200000d0        0x4 c:/program files (x86)/cypress/psoc creator/3.3/psoc creator/import/gnu/arm/4.9.3/bin/../lib/gcc/arm-none-eabi/4.9.3/armv6-m/crtend.o
 *(.got.plt)
 *(.got)
 *(.shdata)
 *(.data .data.* .gnu.linkonce.d.*)
 .data          0x200000d4       0x10 .\CortexM0\ARM_GCC_493\Debug\Striplight_bootloadable.a(CyLib.o)
                0x200000d4                cydelayFreqHz
                0x200000d8                cydelayFreqKhz
                0x200000dc                cydelayFreqMhz
                0x200000e0                cydelay32kMs
                0x200000e8                . = ALIGN (0x8)
 *fill*         0x200000e4        0x4 
 *(.ram)
                0x200000e8                _edata = .

.igot.plt       0x200000e8        0x0 load address 0x00002818
 .igot.plt      0x00000000        0x0 c:/program files (x86)/cypress/psoc creator/3.3/psoc creator/import/gnu/arm/4.9.3/bin/../lib/gcc/arm-none-eabi/4.9.3/armv6-m/crtbegin.o

.bss            0x200000e8      0x298 load address 0x00002818
                0x200000e8                PROVIDE (__bss_start__, .)
 *(.shbss)
 *(.bss .bss.* .gnu.linkonce.b.*)
 .bss           0x200000e8       0x1c c:/program files (x86)/cypress/psoc creator/3.3/psoc creator/import/gnu/arm/4.9.3/bin/../lib/gcc/arm-none-eabi/4.9.3/armv6-m/crtbegin.o
 .bss           0x20000104       0x18 .\CortexM0\ARM_GCC_493\Debug\Striplight_bootloadable.a(StripLights.o)
                0x20000104                StripLights_initvar
                0x20000108                StripLights_ledIndex
                0x2000010c                StripLights_row
 .bss           0x2000011c        0x8 .\CortexM0\ARM_GCC_493\Debug\Striplight_bootloadable.a(ESP.o)
                0x2000011c                ESP_initVar
                0x20000120                ESP_customIntrHandler
 *(COMMON)
 COMMON         0x20000124      0x24c .\CortexM0\ARM_GCC_493\Debug\Striplight_bootloadable.a(StripLights.o)
                0x20000124                StripLights_ledArray
                0x20000364                StripLights_DimMask
                0x20000368                StripLights_DimShift
                0x2000036c                StripLights_refreshComplete
 COMMON         0x20000370       0x10 .\CortexM0\ARM_GCC_493\Debug\Striplight_bootloadable.a(StripLights_fonts.o)
                0x20000370                StripLights_fontX
                0x20000374                StripLights_fontOffset
                0x20000378                StripLights_fontPtr
                0x2000037c                StripLights_fontY
                0x20000380                . = ALIGN (0x8)
 *(.ram.b)
                0x20000380                _end = .
                0x20000380                __end = .
                0x20000380                PROVIDE (end, .)
                0x20000380                PROVIDE (__bss_end__, .)
                0x00002800                __cy_region_init_ram = LOADADDR (.data)
                0x00000018                __cy_region_init_size_ram = (_edata - ADDR (.data))
                0x00000298                __cy_region_zero_size_ram = (_end - _edata)

.heap           0x20000380      0x100 load address 0x00002818
                0x20000380                . = _end
                0x20000480                . = (. + 0x100)
 *fill*         0x20000380      0x100 
                0x20000480                __cy_heap_limit = .

.stack          0x20000c00      0x400
                0x20000c00                __cy_stack_limit = .
                0x20001000                . = (. + 0x400)
 *fill*         0x20000c00      0x400 
                0x00000001                ASSERT ((__cy_stack_limit >= __cy_heap_limit), region RAM overflowed with stack)

.cyloadermeta   0xf0000000       0x40
 *(.cyloadermeta)
 .cyloadermeta  0xf0000000       0x40 .\CortexM0\ARM_GCC_493\Debug\cybootloader.o
                0xf0000000                cy_meta_loader

.cyloadablemeta
                0x00007fc0       0x40
 *(.cyloadablemeta)
 .cyloadablemeta
                0x00007fc0       0x40 .\CortexM0\ARM_GCC_493\Debug\cymetadata.o
                0x00007fc0                cy_meta_loadable

.cyflashprotect
                0x90400000       0x20
 *(.cyflashprotect)
 .cyflashprotect
                0x90400000       0x20 .\CortexM0\ARM_GCC_493\Debug\cybootloader.o
                0x90400000                cy_meta_flashprotect

.cymeta         0x90500000        0xc
 *(.cymeta)
 .cymeta        0x90500000        0xc .\CortexM0\ARM_GCC_493\Debug\cybootloader.o
                0x90500000                cy_metadata

.cychipprotect  0x90600000        0x4
 *(.cychipprotect)
 .cychipprotect
                0x90600000        0x4 .\CortexM0\ARM_GCC_493\Debug\cybootloader.o
                0x90600000                cy_meta_chipprotect

.rel.dyn        0x00008000        0x0 load address 0x90600004
 .rel.iplt      0x00000000        0x0 c:/program files (x86)/cypress/psoc creator/3.3/psoc creator/import/gnu/arm/4.9.3/bin/../lib/gcc/arm-none-eabi/4.9.3/armv6-m/crtbegin.o

.stab
 *(.stab)

.stabstr
 *(.stabstr)

.debug
 *(.debug)

.line
 *(.line)

.debug_srcinfo
 *(.debug_srcinfo)

.debug_sfnames
 *(.debug_sfnames)

.debug_aranges  0x00000000      0x658
 *(.debug_aranges)
 .debug_aranges
                0x00000000       0x20 .\CortexM0\ARM_GCC_493\Debug\main.o
 .debug_aranges
                0x00000020       0x18 .\CortexM0\ARM_GCC_493\Debug\cybootloader.o
 .debug_aranges
                0x00000038       0x18 .\CortexM0\ARM_GCC_493\Debug\cymetadata.o
 .debug_aranges
                0x00000050       0x48 .\CortexM0\ARM_GCC_493\Debug\Cm0Start.o
 .debug_aranges
                0x00000098       0x50 .\CortexM0\ARM_GCC_493\Debug\Striplight_bootloadable.a(cyfitter_cfg.o)
 .debug_aranges
                0x000000e8      0x230 .\CortexM0\ARM_GCC_493\Debug\Striplight_bootloadable.a(CyLib.o)
 .debug_aranges
                0x00000318       0xa0 .\CortexM0\ARM_GCC_493\Debug\Striplight_bootloadable.a(StripLights.o)
 .debug_aranges
                0x000003b8       0x30 .\CortexM0\ARM_GCC_493\Debug\Striplight_bootloadable.a(StripLights_fonts.o)
 .debug_aranges
                0x000003e8       0x80 .\CortexM0\ARM_GCC_493\Debug\Striplight_bootloadable.a(StripLights_cisr.o)
 .debug_aranges
                0x00000468       0x80 .\CortexM0\ARM_GCC_493\Debug\Striplight_bootloadable.a(StripLights_fisr.o)
 .debug_aranges
                0x000004e8       0x70 .\CortexM0\ARM_GCC_493\Debug\Striplight_bootloadable.a(ESP.o)
 .debug_aranges
                0x00000558       0x60 .\CortexM0\ARM_GCC_493\Debug\Striplight_bootloadable.a(ESP_UART.o)
 .debug_aranges
                0x000005b8       0x20 .\CortexM0\ARM_GCC_493\Debug\Striplight_bootloadable.a(CyBootAsmGnu.o)
 .debug_aranges
                0x000005d8       0x60 .\CortexM0\ARM_GCC_493\Debug\Striplight_bootloadable.a(ESP_SPI_UART.o)
 .debug_aranges
                0x00000638       0x20 .\CortexM0\ARM_GCC_493\Debug\Striplight_bootloadable.a(ESP_SPI_UART_INT.o)

.debug_pubnames
 *(.debug_pubnames)

.debug_info     0x00000000     0x2aa1
 *(.debug_info .gnu.linkonce.wi.*)
 .debug_info    0x00000000       0xe0 .\CortexM0\ARM_GCC_493\Debug\main.o
 .debug_info    0x000000e0      0x14d .\CortexM0\ARM_GCC_493\Debug\cybootloader.o
 .debug_info    0x0000022d       0xb1 .\CortexM0\ARM_GCC_493\Debug\cymetadata.o
 .debug_info    0x000002de      0x310 .\CortexM0\ARM_GCC_493\Debug\Cm0Start.o
 .debug_info    0x000005ee      0x353 .\CortexM0\ARM_GCC_493\Debug\Striplight_bootloadable.a(cyfitter_cfg.o)
 .debug_info    0x00000941      0xc5b .\CortexM0\ARM_GCC_493\Debug\Striplight_bootloadable.a(CyLib.o)
 .debug_info    0x0000159c      0x6b3 .\CortexM0\ARM_GCC_493\Debug\Striplight_bootloadable.a(StripLights.o)
 .debug_info    0x00001c4f      0x268 .\CortexM0\ARM_GCC_493\Debug\Striplight_bootloadable.a(StripLights_fonts.o)
 .debug_info    0x00001eb7      0x244 .\CortexM0\ARM_GCC_493\Debug\Striplight_bootloadable.a(StripLights_cisr.o)
 .debug_info    0x000020fb      0x244 .\CortexM0\ARM_GCC_493\Debug\Striplight_bootloadable.a(StripLights_fisr.o)
 .debug_info    0x0000233f      0x1f4 .\CortexM0\ARM_GCC_493\Debug\Striplight_bootloadable.a(ESP.o)
 .debug_info    0x00002533      0x21e .\CortexM0\ARM_GCC_493\Debug\Striplight_bootloadable.a(ESP_UART.o)
 .debug_info    0x00002751       0x8c .\CortexM0\ARM_GCC_493\Debug\Striplight_bootloadable.a(CyBootAsmGnu.o)
 .debug_info    0x000027dd      0x20d .\CortexM0\ARM_GCC_493\Debug\Striplight_bootloadable.a(ESP_SPI_UART.o)
 .debug_info    0x000029ea       0xb7 .\CortexM0\ARM_GCC_493\Debug\Striplight_bootloadable.a(ESP_SPI_UART_INT.o)

.debug_abbrev   0x00000000     0x1015
 *(.debug_abbrev)
 .debug_abbrev  0x00000000       0x86 .\CortexM0\ARM_GCC_493\Debug\main.o
 .debug_abbrev  0x00000086       0x77 .\CortexM0\ARM_GCC_493\Debug\cybootloader.o
 .debug_abbrev  0x000000fd       0x5d .\CortexM0\ARM_GCC_493\Debug\cymetadata.o
 .debug_abbrev  0x0000015a      0x1c5 .\CortexM0\ARM_GCC_493\Debug\Cm0Start.o
 .debug_abbrev  0x0000031f      0x193 .\CortexM0\ARM_GCC_493\Debug\Striplight_bootloadable.a(cyfitter_cfg.o)
 .debug_abbrev  0x000004b2      0x207 .\CortexM0\ARM_GCC_493\Debug\Striplight_bootloadable.a(CyLib.o)
 .debug_abbrev  0x000006b9      0x1b9 .\CortexM0\ARM_GCC_493\Debug\Striplight_bootloadable.a(StripLights.o)
 .debug_abbrev  0x00000872       0xda .\CortexM0\ARM_GCC_493\Debug\Striplight_bootloadable.a(StripLights_fonts.o)
 .debug_abbrev  0x0000094c      0x177 .\CortexM0\ARM_GCC_493\Debug\Striplight_bootloadable.a(StripLights_cisr.o)
 .debug_abbrev  0x00000ac3      0x177 .\CortexM0\ARM_GCC_493\Debug\Striplight_bootloadable.a(StripLights_fisr.o)
 .debug_abbrev  0x00000c3a       0xea .\CortexM0\ARM_GCC_493\Debug\Striplight_bootloadable.a(ESP.o)
 .debug_abbrev  0x00000d24      0x111 .\CortexM0\ARM_GCC_493\Debug\Striplight_bootloadable.a(ESP_UART.o)
 .debug_abbrev  0x00000e35       0x14 .\CortexM0\ARM_GCC_493\Debug\Striplight_bootloadable.a(CyBootAsmGnu.o)
 .debug_abbrev  0x00000e49      0x15c .\CortexM0\ARM_GCC_493\Debug\Striplight_bootloadable.a(ESP_SPI_UART.o)
 .debug_abbrev  0x00000fa5       0x70 .\CortexM0\ARM_GCC_493\Debug\Striplight_bootloadable.a(ESP_SPI_UART_INT.o)

.debug_line     0x00000000     0x1727
 *(.debug_line)
 .debug_line    0x00000000       0x9c .\CortexM0\ARM_GCC_493\Debug\main.o
 .debug_line    0x0000009c       0x55 .\CortexM0\ARM_GCC_493\Debug\cybootloader.o
 .debug_line    0x000000f1       0x53 .\CortexM0\ARM_GCC_493\Debug\cymetadata.o
 .debug_line    0x00000144      0x1c9 .\CortexM0\ARM_GCC_493\Debug\Cm0Start.o
 .debug_line    0x0000030d      0x19b .\CortexM0\ARM_GCC_493\Debug\Striplight_bootloadable.a(cyfitter_cfg.o)
 .debug_line    0x000004a8      0x703 .\CortexM0\ARM_GCC_493\Debug\Striplight_bootloadable.a(CyLib.o)
 .debug_line    0x00000bab      0x2b6 .\CortexM0\ARM_GCC_493\Debug\Striplight_bootloadable.a(StripLights.o)
 .debug_line    0x00000e61      0x118 .\CortexM0\ARM_GCC_493\Debug\Striplight_bootloadable.a(StripLights_fonts.o)
 .debug_line    0x00000f79      0x168 .\CortexM0\ARM_GCC_493\Debug\Striplight_bootloadable.a(StripLights_cisr.o)
 .debug_line    0x000010e1      0x178 .\CortexM0\ARM_GCC_493\Debug\Striplight_bootloadable.a(StripLights_fisr.o)
 .debug_line    0x00001259      0x151 .\CortexM0\ARM_GCC_493\Debug\Striplight_bootloadable.a(ESP.o)
 .debug_line    0x000013aa      0x145 .\CortexM0\ARM_GCC_493\Debug\Striplight_bootloadable.a(ESP_UART.o)
 .debug_line    0x000014ef       0x69 .\CortexM0\ARM_GCC_493\Debug\Striplight_bootloadable.a(CyBootAsmGnu.o)
 .debug_line    0x00001558      0x13b .\CortexM0\ARM_GCC_493\Debug\Striplight_bootloadable.a(ESP_SPI_UART.o)
 .debug_line    0x00001693       0x94 .\CortexM0\ARM_GCC_493\Debug\Striplight_bootloadable.a(ESP_SPI_UART_INT.o)

.debug_frame    0x00000000     0x149c
 *(.debug_frame)
 .debug_frame   0x00000000       0x30 .\CortexM0\ARM_GCC_493\Debug\main.o
 .debug_frame   0x00000030       0xc8 .\CortexM0\ARM_GCC_493\Debug\Cm0Start.o
 .debug_frame   0x000000f8       0xe8 .\CortexM0\ARM_GCC_493\Debug\Striplight_bootloadable.a(cyfitter_cfg.o)
 .debug_frame   0x000001e0      0x83c .\CortexM0\ARM_GCC_493\Debug\Striplight_bootloadable.a(CyLib.o)
 .debug_frame   0x00000a1c      0x224 .\CortexM0\ARM_GCC_493\Debug\Striplight_bootloadable.a(StripLights.o)
 .debug_frame   0x00000c40       0x78 .\CortexM0\ARM_GCC_493\Debug\Striplight_bootloadable.a(StripLights_fonts.o)
 .debug_frame   0x00000cb8      0x190 .\CortexM0\ARM_GCC_493\Debug\Striplight_bootloadable.a(StripLights_cisr.o)
 .debug_frame   0x00000e48      0x190 .\CortexM0\ARM_GCC_493\Debug\Striplight_bootloadable.a(StripLights_fisr.o)
 .debug_frame   0x00000fd8      0x150 .\CortexM0\ARM_GCC_493\Debug\Striplight_bootloadable.a(ESP.o)
 .debug_frame   0x00001128      0x124 .\CortexM0\ARM_GCC_493\Debug\Striplight_bootloadable.a(ESP_UART.o)
 .debug_frame   0x0000124c      0x128 .\CortexM0\ARM_GCC_493\Debug\Striplight_bootloadable.a(ESP_SPI_UART.o)
 .debug_frame   0x00001374       0x2c .\CortexM0\ARM_GCC_493\Debug\Striplight_bootloadable.a(ESP_SPI_UART_INT.o)
 .debug_frame   0x000013a0       0x20 c:/program files (x86)/cypress/psoc creator/3.3/psoc creator/import/gnu/arm/4.9.3/bin/../lib/gcc/arm-none-eabi/4.9.3/armv6-m\libgcc.a(_udivsi3.o)
 .debug_frame   0x000013c0       0x20 c:/program files (x86)/cypress/psoc creator/3.3/psoc creator/import/gnu/arm/4.9.3/bin/../lib/gcc/arm-none-eabi/4.9.3/armv6-m\libgcc.a(_divsi3.o)
 .debug_frame   0x000013e0       0x20 c:/program files (x86)/cypress/psoc creator/3.3/psoc creator/import/gnu/arm/4.9.3/bin/../lib/gcc/arm-none-eabi/4.9.3/../../../../arm-none-eabi/lib/armv6-m\libg_nano.a(lib_a-errno.o)
 .debug_frame   0x00001400       0x28 c:/program files (x86)/cypress/psoc creator/3.3/psoc creator/import/gnu/arm/4.9.3/bin/../lib/gcc/arm-none-eabi/4.9.3/../../../../arm-none-eabi/lib/armv6-m\libg_nano.a(lib_a-exit.o)
 .debug_frame   0x00001428       0x2c c:/program files (x86)/cypress/psoc creator/3.3/psoc creator/import/gnu/arm/4.9.3/bin/../lib/gcc/arm-none-eabi/4.9.3/../../../../arm-none-eabi/lib/armv6-m\libg_nano.a(lib_a-init.o)
 .debug_frame   0x00001454       0x28 c:/program files (x86)/cypress/psoc creator/3.3/psoc creator/import/gnu/arm/4.9.3/bin/../lib/gcc/arm-none-eabi/4.9.3/../../../../arm-none-eabi/lib/armv6-m\libg_nano.a(lib_a-memcpy.o)
 .debug_frame   0x0000147c       0x20 c:/program files (x86)/cypress/psoc creator/3.3/psoc creator/import/gnu/arm/4.9.3/bin/../lib/gcc/arm-none-eabi/4.9.3/../../../../arm-none-eabi/lib/armv6-m\libg_nano.a(lib_a-memset.o)

.debug_str      0x00000000     0x159c
 *(.debug_str)
 .debug_str     0x00000000      0x156 .\CortexM0\ARM_GCC_493\Debug\main.o
                                0x18f (size before relaxing)
 .debug_str     0x00000156       0x80 .\CortexM0\ARM_GCC_493\Debug\cybootloader.o
                                0x1e9 (size before relaxing)
 .debug_str     0x000001d6       0x37 .\CortexM0\ARM_GCC_493\Debug\cymetadata.o
                                0x1a6 (size before relaxing)
 .debug_str     0x0000020d      0x144 .\CortexM0\ARM_GCC_493\Debug\Cm0Start.o
                                0x2c7 (size before relaxing)
 .debug_str     0x00000351      0x104 .\CortexM0\ARM_GCC_493\Debug\Striplight_bootloadable.a(cyfitter_cfg.o)
                                0x2b0 (size before relaxing)
 .debug_str     0x00000455      0x727 .\CortexM0\ARM_GCC_493\Debug\Striplight_bootloadable.a(CyLib.o)
                                0x8d1 (size before relaxing)
 .debug_str     0x00000b7c      0x27e .\CortexM0\ARM_GCC_493\Debug\Striplight_bootloadable.a(StripLights.o)
                                0x410 (size before relaxing)
 .debug_str     0x00000dfa      0x104 .\CortexM0\ARM_GCC_493\Debug\Striplight_bootloadable.a(StripLights_fonts.o)
                                0x285 (size before relaxing)
 .debug_str     0x00000efe      0x191 .\CortexM0\ARM_GCC_493\Debug\Striplight_bootloadable.a(StripLights_cisr.o)
                                0x347 (size before relaxing)
 .debug_str     0x0000108f      0x182 .\CortexM0\ARM_GCC_493\Debug\Striplight_bootloadable.a(StripLights_fisr.o)
                                0x347 (size before relaxing)
 .debug_str     0x00001211      0x120 .\CortexM0\ARM_GCC_493\Debug\Striplight_bootloadable.a(ESP.o)
                                0x29c (size before relaxing)
 .debug_str     0x00001331      0x108 .\CortexM0\ARM_GCC_493\Debug\Striplight_bootloadable.a(ESP_UART.o)
                                0x28c (size before relaxing)
 .debug_str     0x00001439      0x126 .\CortexM0\ARM_GCC_493\Debug\Striplight_bootloadable.a(ESP_SPI_UART.o)
                                0x2b4 (size before relaxing)
 .debug_str     0x0000155f       0x3d .\CortexM0\ARM_GCC_493\Debug\Striplight_bootloadable.a(ESP_SPI_UART_INT.o)
                                0x1c9 (size before relaxing)

.debug_loc
 *(.debug_loc)

.debug_macinfo
 *(.debug_macinfo)

.debug_ranges   0x00000000      0x548
 *(.debug_ranges)
 .debug_ranges  0x00000000       0x10 .\CortexM0\ARM_GCC_493\Debug\main.o
 .debug_ranges  0x00000010       0x38 .\CortexM0\ARM_GCC_493\Debug\Cm0Start.o
 .debug_ranges  0x00000048       0x40 .\CortexM0\ARM_GCC_493\Debug\Striplight_bootloadable.a(cyfitter_cfg.o)
 .debug_ranges  0x00000088      0x220 .\CortexM0\ARM_GCC_493\Debug\Striplight_bootloadable.a(CyLib.o)
 .debug_ranges  0x000002a8       0x90 .\CortexM0\ARM_GCC_493\Debug\Striplight_bootloadable.a(StripLights.o)
 .debug_ranges  0x00000338       0x20 .\CortexM0\ARM_GCC_493\Debug\Striplight_bootloadable.a(StripLights_fonts.o)
 .debug_ranges  0x00000358       0x70 .\CortexM0\ARM_GCC_493\Debug\Striplight_bootloadable.a(StripLights_cisr.o)
 .debug_ranges  0x000003c8       0x70 .\CortexM0\ARM_GCC_493\Debug\Striplight_bootloadable.a(StripLights_fisr.o)
 .debug_ranges  0x00000438       0x60 .\CortexM0\ARM_GCC_493\Debug\Striplight_bootloadable.a(ESP.o)
 .debug_ranges  0x00000498       0x50 .\CortexM0\ARM_GCC_493\Debug\Striplight_bootloadable.a(ESP_UART.o)
 .debug_ranges  0x000004e8       0x50 .\CortexM0\ARM_GCC_493\Debug\Striplight_bootloadable.a(ESP_SPI_UART.o)
 .debug_ranges  0x00000538       0x10 .\CortexM0\ARM_GCC_493\Debug\Striplight_bootloadable.a(ESP_SPI_UART_INT.o)

.comment        0x00000000       0x70
 .comment       0x00000000       0x70 .\CortexM0\ARM_GCC_493\Debug\main.o
                                 0x71 (size before relaxing)
 .comment       0x00000000       0x71 .\CortexM0\ARM_GCC_493\Debug\cybootloader.o
 .comment       0x00000000       0x71 .\CortexM0\ARM_GCC_493\Debug\cymetadata.o
 .comment       0x00000000       0x71 .\CortexM0\ARM_GCC_493\Debug\Cm0Start.o
 .comment       0x00000000       0x71 .\CortexM0\ARM_GCC_493\Debug\Striplight_bootloadable.a(cyfitter_cfg.o)
 .comment       0x00000000       0x71 .\CortexM0\ARM_GCC_493\Debug\Striplight_bootloadable.a(CyLib.o)
 .comment       0x00000000       0x71 .\CortexM0\ARM_GCC_493\Debug\Striplight_bootloadable.a(StripLights.o)
 .comment       0x00000000       0x71 .\CortexM0\ARM_GCC_493\Debug\Striplight_bootloadable.a(StripLights_fonts.o)
 .comment       0x00000000       0x71 .\CortexM0\ARM_GCC_493\Debug\Striplight_bootloadable.a(StripLights_cisr.o)
 .comment       0x00000000       0x71 .\CortexM0\ARM_GCC_493\Debug\Striplight_bootloadable.a(StripLights_fisr.o)
 .comment       0x00000000       0x71 .\CortexM0\ARM_GCC_493\Debug\Striplight_bootloadable.a(ESP.o)
 .comment       0x00000000       0x71 .\CortexM0\ARM_GCC_493\Debug\Striplight_bootloadable.a(ESP_UART.o)
 .comment       0x00000000       0x71 .\CortexM0\ARM_GCC_493\Debug\Striplight_bootloadable.a(ESP_SPI_UART.o)
 .comment       0x00000000       0x71 .\CortexM0\ARM_GCC_493\Debug\Striplight_bootloadable.a(ESP_SPI_UART_INT.o)

.debug_weaknames
 *(.debug_weaknames)

.debug_funcnames
 *(.debug_funcnames)

.debug_typenames
 *(.debug_typenames)

.debug_varnames
 *(.debug_varnames)

.note.gnu.arm.ident
 *(.note.gnu.arm.ident)

.ARM.attributes
                0x00000000       0x28
 *(.ARM.attributes)
 .ARM.attributes
                0x00000000       0x1e c:/program files (x86)/cypress/psoc creator/3.3/psoc creator/import/gnu/arm/4.9.3/bin/../lib/gcc/arm-none-eabi/4.9.3/armv6-m/crti.o
 .ARM.attributes
                0x0000001e       0x2c c:/program files (x86)/cypress/psoc creator/3.3/psoc creator/import/gnu/arm/4.9.3/bin/../lib/gcc/arm-none-eabi/4.9.3/armv6-m/crtbegin.o
 .ARM.attributes
                0x0000004a       0x1b c:/program files (x86)/cypress/psoc creator/3.3/psoc creator/import/gnu/arm/4.9.3/bin/../lib/gcc/arm-none-eabi/4.9.3/../../../../arm-none-eabi/lib/armv6-m/crt0.o
 .ARM.attributes
                0x00000065       0x31 .\CortexM0\ARM_GCC_493\Debug\main.o
 .ARM.attributes
                0x00000096       0x31 .\CortexM0\ARM_GCC_493\Debug\cybootloader.o
 .ARM.attributes
                0x000000c7       0x31 .\CortexM0\ARM_GCC_493\Debug\cymetadata.o
 .ARM.attributes
                0x000000f8       0x31 .\CortexM0\ARM_GCC_493\Debug\Cm0Start.o
 .ARM.attributes
                0x00000129       0x31 .\CortexM0\ARM_GCC_493\Debug\Striplight_bootloadable.a(cyfitter_cfg.o)
 .ARM.attributes
                0x0000015a       0x31 .\CortexM0\ARM_GCC_493\Debug\Striplight_bootloadable.a(CyLib.o)
 .ARM.attributes
                0x0000018b       0x31 .\CortexM0\ARM_GCC_493\Debug\Striplight_bootloadable.a(StripLights.o)
 .ARM.attributes
                0x000001bc       0x31 .\CortexM0\ARM_GCC_493\Debug\Striplight_bootloadable.a(StripLights_fonts.o)
 .ARM.attributes
                0x000001ed       0x31 .\CortexM0\ARM_GCC_493\Debug\Striplight_bootloadable.a(StripLights_cisr.o)
 .ARM.attributes
                0x0000021e       0x31 .\CortexM0\ARM_GCC_493\Debug\Striplight_bootloadable.a(StripLights_fisr.o)
 .ARM.attributes
                0x0000024f       0x31 .\CortexM0\ARM_GCC_493\Debug\Striplight_bootloadable.a(ESP.o)
 .ARM.attributes
                0x00000280       0x31 .\CortexM0\ARM_GCC_493\Debug\Striplight_bootloadable.a(ESP_UART.o)
 .ARM.attributes
                0x000002b1       0x21 .\CortexM0\ARM_GCC_493\Debug\Striplight_bootloadable.a(CyBootAsmGnu.o)
 .ARM.attributes
                0x000002d2       0x31 .\CortexM0\ARM_GCC_493\Debug\Striplight_bootloadable.a(ESP_SPI_UART.o)
 .ARM.attributes
                0x00000303       0x31 .\CortexM0\ARM_GCC_493\Debug\Striplight_bootloadable.a(ESP_SPI_UART_INT.o)
 .ARM.attributes
                0x00000334       0x1e c:/program files (x86)/cypress/psoc creator/3.3/psoc creator/import/gnu/arm/4.9.3/bin/../lib/gcc/arm-none-eabi/4.9.3/armv6-m\libgcc.a(_udivsi3.o)
 .ARM.attributes
                0x00000352       0x1e c:/program files (x86)/cypress/psoc creator/3.3/psoc creator/import/gnu/arm/4.9.3/bin/../lib/gcc/arm-none-eabi/4.9.3/armv6-m\libgcc.a(_divsi3.o)
 .ARM.attributes
                0x00000370       0x1e c:/program files (x86)/cypress/psoc creator/3.3/psoc creator/import/gnu/arm/4.9.3/bin/../lib/gcc/arm-none-eabi/4.9.3/armv6-m\libgcc.a(_dvmd_tls.o)
 .ARM.attributes
                0x0000038e       0x2c c:/program files (x86)/cypress/psoc creator/3.3/psoc creator/import/gnu/arm/4.9.3/bin/../lib/gcc/arm-none-eabi/4.9.3/../../../../arm-none-eabi/lib/armv6-m\libg_nano.a(lib_a-errno.o)
 .ARM.attributes
                0x000003ba       0x2c c:/program files (x86)/cypress/psoc creator/3.3/psoc creator/import/gnu/arm/4.9.3/bin/../lib/gcc/arm-none-eabi/4.9.3/../../../../arm-none-eabi/lib/armv6-m\libg_nano.a(lib_a-exit.o)
 .ARM.attributes
                0x000003e6       0x2c c:/program files (x86)/cypress/psoc creator/3.3/psoc creator/import/gnu/arm/4.9.3/bin/../lib/gcc/arm-none-eabi/4.9.3/../../../../arm-none-eabi/lib/armv6-m\libg_nano.a(lib_a-impure.o)
 .ARM.attributes
                0x00000412       0x2c c:/program files (x86)/cypress/psoc creator/3.3/psoc creator/import/gnu/arm/4.9.3/bin/../lib/gcc/arm-none-eabi/4.9.3/../../../../arm-none-eabi/lib/armv6-m\libg_nano.a(lib_a-init.o)
 .ARM.attributes
                0x0000043e       0x2c c:/program files (x86)/cypress/psoc creator/3.3/psoc creator/import/gnu/arm/4.9.3/bin/../lib/gcc/arm-none-eabi/4.9.3/../../../../arm-none-eabi/lib/armv6-m\libg_nano.a(lib_a-memcpy.o)
 .ARM.attributes
                0x0000046a       0x2c c:/program files (x86)/cypress/psoc creator/3.3/psoc creator/import/gnu/arm/4.9.3/bin/../lib/gcc/arm-none-eabi/4.9.3/../../../../arm-none-eabi/lib/armv6-m\libg_nano.a(lib_a-memset.o)
 .ARM.attributes
                0x00000496       0x2c c:/program files (x86)/cypress/psoc creator/3.3/psoc creator/import/gnu/arm/4.9.3/bin/../lib/gcc/arm-none-eabi/4.9.3/armv6-m/crtend.o
 .ARM.attributes
                0x000004c2       0x1e c:/program files (x86)/cypress/psoc creator/3.3/psoc creator/import/gnu/arm/4.9.3/bin/../lib/gcc/arm-none-eabi/4.9.3/armv6-m/crtn.o

/DISCARD/
 *(.note.GNU-stack)
OUTPUT(.\CortexM0\ARM_GCC_493\Debug\Striplight_bootloadable.elf elf32-littlearm)
