ARM GAS  C:\Users\vangelis\AppData\Local\Temp\ccjEGQTT.s 			page 1


   1              		.cpu cortex-m0
   2              		.fpu softvfp
   3              		.eabi_attribute 20, 1
   4              		.eabi_attribute 21, 1
   5              		.eabi_attribute 23, 3
   6              		.eabi_attribute 24, 1
   7              		.eabi_attribute 25, 1
   8              		.eabi_attribute 26, 1
   9              		.eabi_attribute 30, 4
  10              		.eabi_attribute 34, 0
  11              		.eabi_attribute 18, 4
  12              		.code	16
  13              		.file	"cyfitter_cfg.c"
  14              		.text
  15              	.Ltext0:
  16              		.cfi_sections	.debug_frame
  17              		.section	.psocinit,"ax",%progbits
  18              		.align	1
  19              		.global	cyfitter_cfg
  20              		.code	16
  21              		.thumb_func
  22              		.type	cyfitter_cfg, %function
  23              	cyfitter_cfg:
  24              	.LFB6:
  25              		.file 1 ".\\Generated_Source\\PSoC4\\cyfitter_cfg.c"
   1:.\Generated_Source\PSoC4/cyfitter_cfg.c **** /*******************************************************************************
   2:.\Generated_Source\PSoC4/cyfitter_cfg.c **** * File Name: cyfitter_cfg.c
   3:.\Generated_Source\PSoC4/cyfitter_cfg.c **** * 
   4:.\Generated_Source\PSoC4/cyfitter_cfg.c **** * PSoC Creator  3.3
   5:.\Generated_Source\PSoC4/cyfitter_cfg.c **** *
   6:.\Generated_Source\PSoC4/cyfitter_cfg.c **** * Description:
   7:.\Generated_Source\PSoC4/cyfitter_cfg.c **** * This file contains device initialization code.
   8:.\Generated_Source\PSoC4/cyfitter_cfg.c **** * Except for the user defined sections in CyClockStartupError(), this file should not be modified.
   9:.\Generated_Source\PSoC4/cyfitter_cfg.c **** * This file is automatically generated by PSoC Creator.
  10:.\Generated_Source\PSoC4/cyfitter_cfg.c **** *
  11:.\Generated_Source\PSoC4/cyfitter_cfg.c **** ********************************************************************************
  12:.\Generated_Source\PSoC4/cyfitter_cfg.c **** * Copyright (c) 2007-2015 Cypress Semiconductor.  All rights reserved.
  13:.\Generated_Source\PSoC4/cyfitter_cfg.c **** * You may use this file only in accordance with the license, terms, conditions, 
  14:.\Generated_Source\PSoC4/cyfitter_cfg.c **** * disclaimers, and limitations in the end user license agreement accompanying 
  15:.\Generated_Source\PSoC4/cyfitter_cfg.c **** * the software package with which this file was provided.
  16:.\Generated_Source\PSoC4/cyfitter_cfg.c **** ********************************************************************************/
  17:.\Generated_Source\PSoC4/cyfitter_cfg.c **** 
  18:.\Generated_Source\PSoC4/cyfitter_cfg.c **** #include <string.h>
  19:.\Generated_Source\PSoC4/cyfitter_cfg.c **** #include "cytypes.h"
  20:.\Generated_Source\PSoC4/cyfitter_cfg.c **** #include "cydevice_trm.h"
  21:.\Generated_Source\PSoC4/cyfitter_cfg.c **** #include "cyfitter.h"
  22:.\Generated_Source\PSoC4/cyfitter_cfg.c **** #include "CyLib.h"
  23:.\Generated_Source\PSoC4/cyfitter_cfg.c **** #include "cyfitter_cfg.h"
  24:.\Generated_Source\PSoC4/cyfitter_cfg.c **** 
  25:.\Generated_Source\PSoC4/cyfitter_cfg.c **** 
  26:.\Generated_Source\PSoC4/cyfitter_cfg.c **** #if defined(__GNUC__) || defined(__ARMCC_VERSION)
  27:.\Generated_Source\PSoC4/cyfitter_cfg.c ****     #define CYPACKED 
  28:.\Generated_Source\PSoC4/cyfitter_cfg.c ****     #define CYPACKED_ATTR __attribute__ ((packed))
  29:.\Generated_Source\PSoC4/cyfitter_cfg.c ****     #define CYALIGNED __attribute__ ((aligned))
  30:.\Generated_Source\PSoC4/cyfitter_cfg.c ****     #define CY_CFG_UNUSED __attribute__ ((unused))
  31:.\Generated_Source\PSoC4/cyfitter_cfg.c ****     #define CY_CFG_SECTION __attribute__ ((section(".psocinit")))
  32:.\Generated_Source\PSoC4/cyfitter_cfg.c ****     
ARM GAS  C:\Users\vangelis\AppData\Local\Temp\ccjEGQTT.s 			page 2


  33:.\Generated_Source\PSoC4/cyfitter_cfg.c ****     #if defined(__ARMCC_VERSION)
  34:.\Generated_Source\PSoC4/cyfitter_cfg.c ****         #define CY_CFG_MEMORY_BARRIER() __memory_changed()
  35:.\Generated_Source\PSoC4/cyfitter_cfg.c ****     #else
  36:.\Generated_Source\PSoC4/cyfitter_cfg.c ****         #define CY_CFG_MEMORY_BARRIER() __sync_synchronize()
  37:.\Generated_Source\PSoC4/cyfitter_cfg.c ****     #endif
  38:.\Generated_Source\PSoC4/cyfitter_cfg.c ****     
  39:.\Generated_Source\PSoC4/cyfitter_cfg.c **** #elif defined(__ICCARM__)
  40:.\Generated_Source\PSoC4/cyfitter_cfg.c ****     #include <intrinsics.h>
  41:.\Generated_Source\PSoC4/cyfitter_cfg.c **** 
  42:.\Generated_Source\PSoC4/cyfitter_cfg.c ****     #define CYPACKED __packed
  43:.\Generated_Source\PSoC4/cyfitter_cfg.c ****     #define CYPACKED_ATTR 
  44:.\Generated_Source\PSoC4/cyfitter_cfg.c ****     #define CYALIGNED _Pragma("data_alignment=4")
  45:.\Generated_Source\PSoC4/cyfitter_cfg.c ****     #define CY_CFG_UNUSED _Pragma("diag_suppress=Pe177")
  46:.\Generated_Source\PSoC4/cyfitter_cfg.c ****     #define CY_CFG_SECTION _Pragma("location=\".psocinit\"")
  47:.\Generated_Source\PSoC4/cyfitter_cfg.c ****     
  48:.\Generated_Source\PSoC4/cyfitter_cfg.c ****     #define CY_CFG_MEMORY_BARRIER() __DMB()
  49:.\Generated_Source\PSoC4/cyfitter_cfg.c ****     
  50:.\Generated_Source\PSoC4/cyfitter_cfg.c **** #else
  51:.\Generated_Source\PSoC4/cyfitter_cfg.c ****     #error Unsupported toolchain
  52:.\Generated_Source\PSoC4/cyfitter_cfg.c **** #endif
  53:.\Generated_Source\PSoC4/cyfitter_cfg.c **** 
  54:.\Generated_Source\PSoC4/cyfitter_cfg.c **** 
  55:.\Generated_Source\PSoC4/cyfitter_cfg.c **** CY_CFG_UNUSED
  56:.\Generated_Source\PSoC4/cyfitter_cfg.c **** static void CYMEMZERO(void *s, size_t n);
  57:.\Generated_Source\PSoC4/cyfitter_cfg.c **** CY_CFG_UNUSED
  58:.\Generated_Source\PSoC4/cyfitter_cfg.c **** static void CYMEMZERO(void *s, size_t n)
  59:.\Generated_Source\PSoC4/cyfitter_cfg.c **** {
  60:.\Generated_Source\PSoC4/cyfitter_cfg.c **** 	(void)memset(s, 0, n);
  61:.\Generated_Source\PSoC4/cyfitter_cfg.c **** }
  62:.\Generated_Source\PSoC4/cyfitter_cfg.c **** CY_CFG_UNUSED
  63:.\Generated_Source\PSoC4/cyfitter_cfg.c **** static void CYCONFIGCPY(void *dest, const void *src, size_t n);
  64:.\Generated_Source\PSoC4/cyfitter_cfg.c **** CY_CFG_UNUSED
  65:.\Generated_Source\PSoC4/cyfitter_cfg.c **** static void CYCONFIGCPY(void *dest, const void *src, size_t n)
  66:.\Generated_Source\PSoC4/cyfitter_cfg.c **** {
  67:.\Generated_Source\PSoC4/cyfitter_cfg.c **** 	(void)memcpy(dest, src, n);
  68:.\Generated_Source\PSoC4/cyfitter_cfg.c **** }
  69:.\Generated_Source\PSoC4/cyfitter_cfg.c **** CY_CFG_UNUSED
  70:.\Generated_Source\PSoC4/cyfitter_cfg.c **** static void CYCONFIGCPYCODE(void *dest, const void *src, size_t n);
  71:.\Generated_Source\PSoC4/cyfitter_cfg.c **** CY_CFG_UNUSED
  72:.\Generated_Source\PSoC4/cyfitter_cfg.c **** static void CYCONFIGCPYCODE(void *dest, const void *src, size_t n)
  73:.\Generated_Source\PSoC4/cyfitter_cfg.c **** {
  74:.\Generated_Source\PSoC4/cyfitter_cfg.c **** 	(void)memcpy(dest, src, n);
  75:.\Generated_Source\PSoC4/cyfitter_cfg.c **** }
  76:.\Generated_Source\PSoC4/cyfitter_cfg.c **** 
  77:.\Generated_Source\PSoC4/cyfitter_cfg.c **** 
  78:.\Generated_Source\PSoC4/cyfitter_cfg.c **** 
  79:.\Generated_Source\PSoC4/cyfitter_cfg.c **** /* Clock startup error codes                                                   */
  80:.\Generated_Source\PSoC4/cyfitter_cfg.c **** #define CYCLOCKSTART_NO_ERROR    0u
  81:.\Generated_Source\PSoC4/cyfitter_cfg.c **** #define CYCLOCKSTART_XTAL_ERROR  1u
  82:.\Generated_Source\PSoC4/cyfitter_cfg.c **** #define CYCLOCKSTART_32KHZ_ERROR 2u
  83:.\Generated_Source\PSoC4/cyfitter_cfg.c **** #define CYCLOCKSTART_PLL_ERROR   3u
  84:.\Generated_Source\PSoC4/cyfitter_cfg.c **** 
  85:.\Generated_Source\PSoC4/cyfitter_cfg.c **** #ifdef CY_NEED_CYCLOCKSTARTUPERROR
  86:.\Generated_Source\PSoC4/cyfitter_cfg.c **** /*******************************************************************************
  87:.\Generated_Source\PSoC4/cyfitter_cfg.c **** * Function Name: CyClockStartupError
  88:.\Generated_Source\PSoC4/cyfitter_cfg.c **** ********************************************************************************
  89:.\Generated_Source\PSoC4/cyfitter_cfg.c **** * Summary:
ARM GAS  C:\Users\vangelis\AppData\Local\Temp\ccjEGQTT.s 			page 3


  90:.\Generated_Source\PSoC4/cyfitter_cfg.c **** *  If an error is encountered during clock configuration (crystal startup error,
  91:.\Generated_Source\PSoC4/cyfitter_cfg.c **** *  PLL lock error, etc.), the system will end up here.  Unless reimplemented by
  92:.\Generated_Source\PSoC4/cyfitter_cfg.c **** *  the customer, this function will stop in an infinite loop.
  93:.\Generated_Source\PSoC4/cyfitter_cfg.c **** *
  94:.\Generated_Source\PSoC4/cyfitter_cfg.c **** * Parameters:
  95:.\Generated_Source\PSoC4/cyfitter_cfg.c **** *   void
  96:.\Generated_Source\PSoC4/cyfitter_cfg.c **** *
  97:.\Generated_Source\PSoC4/cyfitter_cfg.c **** * Return:
  98:.\Generated_Source\PSoC4/cyfitter_cfg.c **** *   void
  99:.\Generated_Source\PSoC4/cyfitter_cfg.c **** *
 100:.\Generated_Source\PSoC4/cyfitter_cfg.c **** *******************************************************************************/
 101:.\Generated_Source\PSoC4/cyfitter_cfg.c **** CY_CFG_UNUSED
 102:.\Generated_Source\PSoC4/cyfitter_cfg.c **** static void CyClockStartupError(uint8 errorCode);
 103:.\Generated_Source\PSoC4/cyfitter_cfg.c **** CY_CFG_UNUSED
 104:.\Generated_Source\PSoC4/cyfitter_cfg.c **** static void CyClockStartupError(uint8 errorCode)
 105:.\Generated_Source\PSoC4/cyfitter_cfg.c **** {
 106:.\Generated_Source\PSoC4/cyfitter_cfg.c ****     /* To remove the compiler warning if errorCode not used.                */
 107:.\Generated_Source\PSoC4/cyfitter_cfg.c ****     errorCode = errorCode;
 108:.\Generated_Source\PSoC4/cyfitter_cfg.c **** 
 109:.\Generated_Source\PSoC4/cyfitter_cfg.c ****     /* `#START CyClockStartupError` */
 110:.\Generated_Source\PSoC4/cyfitter_cfg.c **** 
 111:.\Generated_Source\PSoC4/cyfitter_cfg.c ****     /* If we have a clock startup error (bad MHz crystal, PLL lock, etc.),  */
 112:.\Generated_Source\PSoC4/cyfitter_cfg.c ****     /* we will end up here to allow the customer to implement something to  */
 113:.\Generated_Source\PSoC4/cyfitter_cfg.c ****     /* deal with the clock condition.                                       */
 114:.\Generated_Source\PSoC4/cyfitter_cfg.c **** 
 115:.\Generated_Source\PSoC4/cyfitter_cfg.c ****     /* `#END` */
 116:.\Generated_Source\PSoC4/cyfitter_cfg.c **** 
 117:.\Generated_Source\PSoC4/cyfitter_cfg.c ****     /* If nothing else, stop here since the clocks have not started         */
 118:.\Generated_Source\PSoC4/cyfitter_cfg.c ****     /* correctly.                                                           */
 119:.\Generated_Source\PSoC4/cyfitter_cfg.c ****     while(1) {}
 120:.\Generated_Source\PSoC4/cyfitter_cfg.c **** }
 121:.\Generated_Source\PSoC4/cyfitter_cfg.c **** #endif
 122:.\Generated_Source\PSoC4/cyfitter_cfg.c **** 
 123:.\Generated_Source\PSoC4/cyfitter_cfg.c **** #define CY_CFG_BASE_ADDR_COUNT 4u
 124:.\Generated_Source\PSoC4/cyfitter_cfg.c **** CYPACKED typedef struct
 125:.\Generated_Source\PSoC4/cyfitter_cfg.c **** {
 126:.\Generated_Source\PSoC4/cyfitter_cfg.c **** 	uint8 offset;
 127:.\Generated_Source\PSoC4/cyfitter_cfg.c **** 	uint8 value;
 128:.\Generated_Source\PSoC4/cyfitter_cfg.c **** } CYPACKED_ATTR cy_cfg_addrvalue_t;
 129:.\Generated_Source\PSoC4/cyfitter_cfg.c **** 
 130:.\Generated_Source\PSoC4/cyfitter_cfg.c **** 
 131:.\Generated_Source\PSoC4/cyfitter_cfg.c **** 
 132:.\Generated_Source\PSoC4/cyfitter_cfg.c **** /*******************************************************************************
 133:.\Generated_Source\PSoC4/cyfitter_cfg.c **** * Function Name: cfg_write_bytes32
 134:.\Generated_Source\PSoC4/cyfitter_cfg.c **** ********************************************************************************
 135:.\Generated_Source\PSoC4/cyfitter_cfg.c **** * Summary:
 136:.\Generated_Source\PSoC4/cyfitter_cfg.c **** *  This function is used for setting up the chip configuration areas that
 137:.\Generated_Source\PSoC4/cyfitter_cfg.c **** *  contain relatively sparse data.
 138:.\Generated_Source\PSoC4/cyfitter_cfg.c **** *
 139:.\Generated_Source\PSoC4/cyfitter_cfg.c **** * Parameters:
 140:.\Generated_Source\PSoC4/cyfitter_cfg.c **** *   void
 141:.\Generated_Source\PSoC4/cyfitter_cfg.c **** *
 142:.\Generated_Source\PSoC4/cyfitter_cfg.c **** * Return:
 143:.\Generated_Source\PSoC4/cyfitter_cfg.c **** *   void
 144:.\Generated_Source\PSoC4/cyfitter_cfg.c **** *
 145:.\Generated_Source\PSoC4/cyfitter_cfg.c **** *******************************************************************************/
 146:.\Generated_Source\PSoC4/cyfitter_cfg.c **** static void cfg_write_bytes32(const uint32 addr_table[], const cy_cfg_addrvalue_t data_table[]);
ARM GAS  C:\Users\vangelis\AppData\Local\Temp\ccjEGQTT.s 			page 4


 147:.\Generated_Source\PSoC4/cyfitter_cfg.c **** static void cfg_write_bytes32(const uint32 addr_table[], const cy_cfg_addrvalue_t data_table[])
 148:.\Generated_Source\PSoC4/cyfitter_cfg.c **** {
 149:.\Generated_Source\PSoC4/cyfitter_cfg.c **** 	/* For 32-bit little-endian architectures */
 150:.\Generated_Source\PSoC4/cyfitter_cfg.c **** 	uint32 i, j = 0u;
 151:.\Generated_Source\PSoC4/cyfitter_cfg.c **** 	for (i = 0u; i < CY_CFG_BASE_ADDR_COUNT; i++)
 152:.\Generated_Source\PSoC4/cyfitter_cfg.c **** 	{
 153:.\Generated_Source\PSoC4/cyfitter_cfg.c **** 		uint32 baseAddr = addr_table[i];
 154:.\Generated_Source\PSoC4/cyfitter_cfg.c **** 		uint8 count = (uint8)baseAddr;
 155:.\Generated_Source\PSoC4/cyfitter_cfg.c **** 		baseAddr &= 0xFFFFFF00u;
 156:.\Generated_Source\PSoC4/cyfitter_cfg.c **** 		while (count != 0u)
 157:.\Generated_Source\PSoC4/cyfitter_cfg.c **** 		{
 158:.\Generated_Source\PSoC4/cyfitter_cfg.c **** 			CY_SET_XTND_REG8((void CYFAR *)(baseAddr + data_table[j].offset), data_table[j].value);
 159:.\Generated_Source\PSoC4/cyfitter_cfg.c **** 			j++;
 160:.\Generated_Source\PSoC4/cyfitter_cfg.c **** 			count--;
 161:.\Generated_Source\PSoC4/cyfitter_cfg.c **** 		}
 162:.\Generated_Source\PSoC4/cyfitter_cfg.c **** 	}
 163:.\Generated_Source\PSoC4/cyfitter_cfg.c **** }
 164:.\Generated_Source\PSoC4/cyfitter_cfg.c **** 
 165:.\Generated_Source\PSoC4/cyfitter_cfg.c **** 
 166:.\Generated_Source\PSoC4/cyfitter_cfg.c **** /*******************************************************************************
 167:.\Generated_Source\PSoC4/cyfitter_cfg.c **** * Function Name: ClockSetup
 168:.\Generated_Source\PSoC4/cyfitter_cfg.c **** ********************************************************************************
 169:.\Generated_Source\PSoC4/cyfitter_cfg.c **** *
 170:.\Generated_Source\PSoC4/cyfitter_cfg.c **** * Summary:
 171:.\Generated_Source\PSoC4/cyfitter_cfg.c **** *   Performs the initialization of all of the clocks in the device based on the
 172:.\Generated_Source\PSoC4/cyfitter_cfg.c **** *   settings in the Clock tab of the DWR.  This includes enabling the requested
 173:.\Generated_Source\PSoC4/cyfitter_cfg.c **** *   clocks and setting the necessary dividers to produce the desired frequency. 
 174:.\Generated_Source\PSoC4/cyfitter_cfg.c **** *
 175:.\Generated_Source\PSoC4/cyfitter_cfg.c **** * Parameters:
 176:.\Generated_Source\PSoC4/cyfitter_cfg.c **** *   void
 177:.\Generated_Source\PSoC4/cyfitter_cfg.c **** *
 178:.\Generated_Source\PSoC4/cyfitter_cfg.c **** * Return:
 179:.\Generated_Source\PSoC4/cyfitter_cfg.c **** *   void
 180:.\Generated_Source\PSoC4/cyfitter_cfg.c **** *
 181:.\Generated_Source\PSoC4/cyfitter_cfg.c **** *******************************************************************************/
 182:.\Generated_Source\PSoC4/cyfitter_cfg.c **** static void ClockSetup(void);
 183:.\Generated_Source\PSoC4/cyfitter_cfg.c **** CY_CFG_SECTION
 184:.\Generated_Source\PSoC4/cyfitter_cfg.c **** static void ClockSetup(void)
 185:.\Generated_Source\PSoC4/cyfitter_cfg.c **** {
 186:.\Generated_Source\PSoC4/cyfitter_cfg.c **** 	/* Enable HALF_EN before trimming for the flash accelerator. */
 187:.\Generated_Source\PSoC4/cyfitter_cfg.c **** 	CY_SET_REG32((void CYXDATA *)(CYREG_CLK_SELECT), (CY_GET_REG32((void *)CYREG_CLK_SELECT) | 0x00040
 188:.\Generated_Source\PSoC4/cyfitter_cfg.c **** 
 189:.\Generated_Source\PSoC4/cyfitter_cfg.c **** 	/* Setup and trim IMO based on desired frequency. */
 190:.\Generated_Source\PSoC4/cyfitter_cfg.c **** 	CySysClkWriteImoFreq(24u);
 191:.\Generated_Source\PSoC4/cyfitter_cfg.c **** 
 192:.\Generated_Source\PSoC4/cyfitter_cfg.c **** 	/* Disable HALF_EN since it is not required at this IMO frequency. */
 193:.\Generated_Source\PSoC4/cyfitter_cfg.c **** 	CY_SET_REG32((void CYXDATA *)(CYREG_CLK_SELECT), (CY_GET_REG32((void *)CYREG_CLK_SELECT) & 0xFFFBF
 194:.\Generated_Source\PSoC4/cyfitter_cfg.c **** 	/* CYDEV_CLK_ILO_CONFIG Starting address: CYDEV_CLK_ILO_CONFIG */
 195:.\Generated_Source\PSoC4/cyfitter_cfg.c **** 	CY_SET_XTND_REG32((void CYFAR *)(CYREG_CLK_ILO_CONFIG), 0x80000006u);
 196:.\Generated_Source\PSoC4/cyfitter_cfg.c **** 
 197:.\Generated_Source\PSoC4/cyfitter_cfg.c **** 
 198:.\Generated_Source\PSoC4/cyfitter_cfg.c **** 	/* CYDEV_CLK_SELECT00 Starting address: CYDEV_CLK_SELECT00 */
 199:.\Generated_Source\PSoC4/cyfitter_cfg.c **** 	CY_SET_XTND_REG32((void CYFAR *)(CYREG_CLK_SELECT02), 0x00000010u);
 200:.\Generated_Source\PSoC4/cyfitter_cfg.c **** 	CY_SET_XTND_REG32((void CYFAR *)(CYREG_CLK_SELECT08), 0x00000020u);
 201:.\Generated_Source\PSoC4/cyfitter_cfg.c **** 
 202:.\Generated_Source\PSoC4/cyfitter_cfg.c **** 	/* CYDEV_CLK_IMO_CONFIG Starting address: CYDEV_CLK_IMO_CONFIG */
 203:.\Generated_Source\PSoC4/cyfitter_cfg.c **** 	CY_SET_XTND_REG32((void CYFAR *)(CYREG_CLK_IMO_CONFIG), 0x80000000u);
ARM GAS  C:\Users\vangelis\AppData\Local\Temp\ccjEGQTT.s 			page 5


 204:.\Generated_Source\PSoC4/cyfitter_cfg.c **** 
 205:.\Generated_Source\PSoC4/cyfitter_cfg.c **** 	/* CYDEV_CLK_DIVIDER_A00 Starting address: CYDEV_CLK_DIVIDER_A00 */
 206:.\Generated_Source\PSoC4/cyfitter_cfg.c **** 	CY_SET_XTND_REG32((void CYFAR *)(CYREG_CLK_DIVIDER_A00), 0x80000010u);
 207:.\Generated_Source\PSoC4/cyfitter_cfg.c **** 
 208:.\Generated_Source\PSoC4/cyfitter_cfg.c **** 	/* CYDEV_CLK_DIVIDER_B00 Starting address: CYDEV_CLK_DIVIDER_B00 */
 209:.\Generated_Source\PSoC4/cyfitter_cfg.c **** 	CY_SET_XTND_REG32((void CYFAR *)(CYREG_CLK_DIVIDER_B00), 0x800004AFu);
 210:.\Generated_Source\PSoC4/cyfitter_cfg.c **** 
 211:.\Generated_Source\PSoC4/cyfitter_cfg.c **** 	CY_SET_XTND_REG32((void CYFAR *)(CYREG_WDT_CONFIG), 0x00000000u);
 212:.\Generated_Source\PSoC4/cyfitter_cfg.c **** }
 213:.\Generated_Source\PSoC4/cyfitter_cfg.c **** 
 214:.\Generated_Source\PSoC4/cyfitter_cfg.c **** 
 215:.\Generated_Source\PSoC4/cyfitter_cfg.c **** /* Analog API Functions */
 216:.\Generated_Source\PSoC4/cyfitter_cfg.c **** 
 217:.\Generated_Source\PSoC4/cyfitter_cfg.c **** 
 218:.\Generated_Source\PSoC4/cyfitter_cfg.c **** /*******************************************************************************
 219:.\Generated_Source\PSoC4/cyfitter_cfg.c **** * Function Name: AnalogSetDefault
 220:.\Generated_Source\PSoC4/cyfitter_cfg.c **** ********************************************************************************
 221:.\Generated_Source\PSoC4/cyfitter_cfg.c **** *
 222:.\Generated_Source\PSoC4/cyfitter_cfg.c **** * Summary:
 223:.\Generated_Source\PSoC4/cyfitter_cfg.c **** *  Sets up the analog portions of the chip to default values based on chip
 224:.\Generated_Source\PSoC4/cyfitter_cfg.c **** *  configuration options from the project.
 225:.\Generated_Source\PSoC4/cyfitter_cfg.c **** *
 226:.\Generated_Source\PSoC4/cyfitter_cfg.c **** * Parameters:
 227:.\Generated_Source\PSoC4/cyfitter_cfg.c **** *  void
 228:.\Generated_Source\PSoC4/cyfitter_cfg.c **** *
 229:.\Generated_Source\PSoC4/cyfitter_cfg.c **** * Return:
 230:.\Generated_Source\PSoC4/cyfitter_cfg.c **** *  void
 231:.\Generated_Source\PSoC4/cyfitter_cfg.c **** *
 232:.\Generated_Source\PSoC4/cyfitter_cfg.c **** *******************************************************************************/
 233:.\Generated_Source\PSoC4/cyfitter_cfg.c **** static void AnalogSetDefault(void);
 234:.\Generated_Source\PSoC4/cyfitter_cfg.c **** static void AnalogSetDefault(void)
 235:.\Generated_Source\PSoC4/cyfitter_cfg.c **** {
 236:.\Generated_Source\PSoC4/cyfitter_cfg.c **** }
 237:.\Generated_Source\PSoC4/cyfitter_cfg.c **** 
 238:.\Generated_Source\PSoC4/cyfitter_cfg.c **** #define CY_AMUX_UNUSED CYREG_CM0_ROM_DWT
 239:.\Generated_Source\PSoC4/cyfitter_cfg.c **** 
 240:.\Generated_Source\PSoC4/cyfitter_cfg.c **** 
 241:.\Generated_Source\PSoC4/cyfitter_cfg.c **** /*******************************************************************************
 242:.\Generated_Source\PSoC4/cyfitter_cfg.c **** * Function Name: cyfitter_cfg
 243:.\Generated_Source\PSoC4/cyfitter_cfg.c **** ********************************************************************************
 244:.\Generated_Source\PSoC4/cyfitter_cfg.c **** * Summary:
 245:.\Generated_Source\PSoC4/cyfitter_cfg.c **** *  This function is called by the start-up code for the selected device. It
 246:.\Generated_Source\PSoC4/cyfitter_cfg.c **** *  performs all of the necessary device configuration based on the design
 247:.\Generated_Source\PSoC4/cyfitter_cfg.c **** *  settings.  This includes settings from the Design Wide Resources (DWR) such
 248:.\Generated_Source\PSoC4/cyfitter_cfg.c **** *  as Clocks and Pins as well as any component configuration that is necessary.
 249:.\Generated_Source\PSoC4/cyfitter_cfg.c **** *
 250:.\Generated_Source\PSoC4/cyfitter_cfg.c **** * Parameters:  
 251:.\Generated_Source\PSoC4/cyfitter_cfg.c **** *   void
 252:.\Generated_Source\PSoC4/cyfitter_cfg.c **** *
 253:.\Generated_Source\PSoC4/cyfitter_cfg.c **** * Return:
 254:.\Generated_Source\PSoC4/cyfitter_cfg.c **** *   void
 255:.\Generated_Source\PSoC4/cyfitter_cfg.c **** *
 256:.\Generated_Source\PSoC4/cyfitter_cfg.c **** *******************************************************************************/
 257:.\Generated_Source\PSoC4/cyfitter_cfg.c **** CY_CFG_SECTION
 258:.\Generated_Source\PSoC4/cyfitter_cfg.c **** void cyfitter_cfg(void)
 259:.\Generated_Source\PSoC4/cyfitter_cfg.c **** {
  26              		.loc 1 259 0
ARM GAS  C:\Users\vangelis\AppData\Local\Temp\ccjEGQTT.s 			page 6


  27              		.cfi_startproc
  28 0000 F8B5     		push	{r3, r4, r5, r6, r7, lr}
  29              		.cfi_def_cfa_offset 24
  30              		.cfi_offset 3, -24
  31              		.cfi_offset 4, -20
  32              		.cfi_offset 5, -16
  33              		.cfi_offset 6, -12
  34              		.cfi_offset 7, -8
  35              		.cfi_offset 14, -4
 260:.\Generated_Source\PSoC4/cyfitter_cfg.c **** 	/* Disable interrupts by default. Let user enable if/when they want. */
 261:.\Generated_Source\PSoC4/cyfitter_cfg.c **** 	CyGlobalIntDisable;
  36              		.loc 1 261 0
  37              	@ 261 ".\Generated_Source\PSoC4\cyfitter_cfg.c" 1
  38 0002 72B6     		CPSID   i
  39              	@ 0 "" 2
  40              	.LVL0:
  41              		.code	16
  42              	.LBB16:
  43              	.LBB17:
  44              	.LBB18:
  45              	.LBB19:
  60:.\Generated_Source\PSoC4/cyfitter_cfg.c **** }
  46              		.loc 1 60 0
  47 0004 8022     		mov	r2, #128
  48 0006 0021     		mov	r1, #0
  49 0008 D200     		lsl	r2, r2, #3
  50 000a 4448     		ldr	r0, .L7
  51 000c FFF7FEFF 		bl	memset
  52              	.LVL1:
  53 0010 8022     		mov	r2, #128
  54 0012 0024     		mov	r4, #0
  55 0014 4248     		ldr	r0, .L7+4
  56 0016 0021     		mov	r1, #0
  57 0018 D200     		lsl	r2, r2, #3
  58 001a FFF7FEFF 		bl	memset
  59              	.LVL2:
  60 001e 201C     		mov	r0, r4
  61              	.LVL3:
  62              	.L4:
  63              	.LBE19:
  64              	.LBE18:
  65              	.LBE17:
  66              	.LBB20:
  67              	.LBB21:
  68              	.LBB22:
 153:.\Generated_Source\PSoC4/cyfitter_cfg.c **** 		uint8 count = (uint8)baseAddr;
  69              		.loc 1 153 0
  70 0020 404A     		ldr	r2, .L7+8
 155:.\Generated_Source\PSoC4/cyfitter_cfg.c **** 		while (count != 0u)
  71              		.loc 1 155 0
  72 0022 FF25     		mov	r5, #255
 153:.\Generated_Source\PSoC4/cyfitter_cfg.c **** 		uint8 count = (uint8)baseAddr;
  73              		.loc 1 153 0
  74 0024 A758     		ldr	r7, [r4, r2]
  75              	.LVL4:
  76 0026 1032     		add	r2, r2, #16
 155:.\Generated_Source\PSoC4/cyfitter_cfg.c **** 		while (count != 0u)
ARM GAS  C:\Users\vangelis\AppData\Local\Temp\ccjEGQTT.s 			page 7


  77              		.loc 1 155 0
  78 0028 3E1C     		mov	r6, r7
  79 002a 111C     		mov	r1, r2
  80 002c 4300     		lsl	r3, r0, #1
  81 002e AE43     		bic	r6, r5
  82              	.LVL5:
  83 0030 3D40     		and	r5, r7
  84 0032 0133     		add	r3, r3, #1
  85 0034 4019     		add	r0, r0, r5
  86              	.LVL6:
  87 0036 D318     		add	r3, r2, r3
  88 0038 4200     		lsl	r2, r0, #1
  89 003a 0132     		add	r2, r2, #1
  90 003c 8A18     		add	r2, r1, r2
  91              	.LVL7:
  92              	.L2:
 156:.\Generated_Source\PSoC4/cyfitter_cfg.c **** 		{
  93              		.loc 1 156 0
  94 003e 9342     		cmp	r3, r2
  95 0040 06D0     		beq	.L6
  96 0042 591E     		sub	r1, r3, #1
 158:.\Generated_Source\PSoC4/cyfitter_cfg.c **** 			j++;
  97              		.loc 1 158 0
  98 0044 0978     		ldrb	r1, [r1]
  99 0046 1D78     		ldrb	r5, [r3]
 100 0048 8919     		add	r1, r1, r6
 101 004a 0D70     		strb	r5, [r1]
 102 004c 0233     		add	r3, r3, #2
 103 004e F6E7     		b	.L2
 104              	.L6:
 105              	.LVL8:
 106 0050 0434     		add	r4, r4, #4
 107              	.LBE22:
 151:.\Generated_Source\PSoC4/cyfitter_cfg.c **** 	{
 108              		.loc 1 151 0
 109 0052 102C     		cmp	r4, #16
 110 0054 E4D1     		bne	.L4
 111              	.LBE21:
 112              	.LBE20:
 262:.\Generated_Source\PSoC4/cyfitter_cfg.c **** 
 263:.\Generated_Source\PSoC4/cyfitter_cfg.c **** 	{
 264:.\Generated_Source\PSoC4/cyfitter_cfg.c **** 		static const uint32 CYCODE cy_cfg_addr_table[] = {
 265:.\Generated_Source\PSoC4/cyfitter_cfg.c **** 			0x400F3301u, /* Base address: 0x400F3300 Count: 1 */
 266:.\Generated_Source\PSoC4/cyfitter_cfg.c **** 			0x400F4103u, /* Base address: 0x400F4100 Count: 3 */
 267:.\Generated_Source\PSoC4/cyfitter_cfg.c **** 			0x400F4304u, /* Base address: 0x400F4300 Count: 4 */
 268:.\Generated_Source\PSoC4/cyfitter_cfg.c **** 			0x400F6002u, /* Base address: 0x400F6000 Count: 2 */
 269:.\Generated_Source\PSoC4/cyfitter_cfg.c **** 		};
 270:.\Generated_Source\PSoC4/cyfitter_cfg.c **** 
 271:.\Generated_Source\PSoC4/cyfitter_cfg.c **** 		static const cy_cfg_addrvalue_t CYCODE cy_cfg_data_table[] = {
 272:.\Generated_Source\PSoC4/cyfitter_cfg.c **** 			{0xE6u, 0x10u},
 273:.\Generated_Source\PSoC4/cyfitter_cfg.c **** 			{0x62u, 0x04u},
 274:.\Generated_Source\PSoC4/cyfitter_cfg.c **** 			{0x8Eu, 0x04u},
 275:.\Generated_Source\PSoC4/cyfitter_cfg.c **** 			{0xD8u, 0x40u},
 276:.\Generated_Source\PSoC4/cyfitter_cfg.c **** 			{0x18u, 0x80u},
 277:.\Generated_Source\PSoC4/cyfitter_cfg.c **** 			{0x8Cu, 0x40u},
 278:.\Generated_Source\PSoC4/cyfitter_cfg.c **** 			{0xC6u, 0x08u},
 279:.\Generated_Source\PSoC4/cyfitter_cfg.c **** 			{0xE6u, 0x08u},
ARM GAS  C:\Users\vangelis\AppData\Local\Temp\ccjEGQTT.s 			page 8


 280:.\Generated_Source\PSoC4/cyfitter_cfg.c **** 			{0x02u, 0x01u},
 281:.\Generated_Source\PSoC4/cyfitter_cfg.c **** 			{0x11u, 0x01u},
 282:.\Generated_Source\PSoC4/cyfitter_cfg.c **** 		};
 283:.\Generated_Source\PSoC4/cyfitter_cfg.c **** 
 284:.\Generated_Source\PSoC4/cyfitter_cfg.c **** 
 285:.\Generated_Source\PSoC4/cyfitter_cfg.c **** 
 286:.\Generated_Source\PSoC4/cyfitter_cfg.c **** 		CYPACKED typedef struct {
 287:.\Generated_Source\PSoC4/cyfitter_cfg.c **** 			void CYFAR *address;
 288:.\Generated_Source\PSoC4/cyfitter_cfg.c **** 			uint16 size;
 289:.\Generated_Source\PSoC4/cyfitter_cfg.c **** 		} CYPACKED_ATTR cfg_memset_t;
 290:.\Generated_Source\PSoC4/cyfitter_cfg.c **** 
 291:.\Generated_Source\PSoC4/cyfitter_cfg.c **** 		static const cfg_memset_t CYCODE cfg_memset_list [] = {
 292:.\Generated_Source\PSoC4/cyfitter_cfg.c **** 			/* address, size */
 293:.\Generated_Source\PSoC4/cyfitter_cfg.c **** 			{(void CYFAR *)(CYDEV_UDB_P0_U0_BASE), 1024u},
 294:.\Generated_Source\PSoC4/cyfitter_cfg.c **** 			{(void CYFAR *)(CYDEV_UDB_DSI0_BASE), 1024u},
 295:.\Generated_Source\PSoC4/cyfitter_cfg.c **** 		};
 296:.\Generated_Source\PSoC4/cyfitter_cfg.c **** 
 297:.\Generated_Source\PSoC4/cyfitter_cfg.c **** 		uint8 CYDATA i;
 298:.\Generated_Source\PSoC4/cyfitter_cfg.c **** 
 299:.\Generated_Source\PSoC4/cyfitter_cfg.c **** 		/* Zero out critical memory blocks before beginning configuration */
 300:.\Generated_Source\PSoC4/cyfitter_cfg.c **** 		for (i = 0u; i < (sizeof(cfg_memset_list)/sizeof(cfg_memset_list[0])); i++)
 301:.\Generated_Source\PSoC4/cyfitter_cfg.c **** 		{
 302:.\Generated_Source\PSoC4/cyfitter_cfg.c **** 			const cfg_memset_t CYCODE * CYDATA ms = &cfg_memset_list[i];
 303:.\Generated_Source\PSoC4/cyfitter_cfg.c **** 			CYMEMZERO(ms->address, (size_t)(uint32)(ms->size));
 304:.\Generated_Source\PSoC4/cyfitter_cfg.c **** 		}
 305:.\Generated_Source\PSoC4/cyfitter_cfg.c **** 
 306:.\Generated_Source\PSoC4/cyfitter_cfg.c **** 		cfg_write_bytes32(cy_cfg_addr_table, cy_cfg_data_table);
 307:.\Generated_Source\PSoC4/cyfitter_cfg.c **** 
 308:.\Generated_Source\PSoC4/cyfitter_cfg.c **** 		/* HSIOM Starting address: CYDEV_HSIOM_BASE */
 309:.\Generated_Source\PSoC4/cyfitter_cfg.c **** 		CY_SET_XTND_REG32((void CYFAR *)(CYREG_HSIOM_PORT_SEL1), 0x03000000u);
 113              		.loc 1 309 0
 114 0056 C022     		mov	r2, #192
 115 0058 334B     		ldr	r3, .L7+12
 116 005a 9204     		lsl	r2, r2, #18
 117 005c 1A60     		str	r2, [r3]
 310:.\Generated_Source\PSoC4/cyfitter_cfg.c **** 		CY_SET_XTND_REG32((void CYFAR *)(CYREG_HSIOM_PORT_SEL4), 0x00000099u);
 118              		.loc 1 310 0
 119 005e 9922     		mov	r2, #153
 311:.\Generated_Source\PSoC4/cyfitter_cfg.c **** 
 312:.\Generated_Source\PSoC4/cyfitter_cfg.c **** 		/* FORCED_HSIOM Starting address: CYDEV_HSIOM_PORT_SEL3 */
 313:.\Generated_Source\PSoC4/cyfitter_cfg.c **** 		CY_SET_XTND_REG32((void CYFAR *)(CYREG_HSIOM_PORT_SEL3), 0x00000000u);
 120              		.loc 1 313 0
 121 0060 0025     		mov	r5, #0
 310:.\Generated_Source\PSoC4/cyfitter_cfg.c **** 		CY_SET_XTND_REG32((void CYFAR *)(CYREG_HSIOM_PORT_SEL4), 0x00000099u);
 122              		.loc 1 310 0
 123 0062 324B     		ldr	r3, .L7+16
 314:.\Generated_Source\PSoC4/cyfitter_cfg.c **** 
 315:.\Generated_Source\PSoC4/cyfitter_cfg.c **** 		/* IOPINS0_3 Starting address: CYDEV_PRT3_PC */
 316:.\Generated_Source\PSoC4/cyfitter_cfg.c **** 		CY_SET_XTND_REG32((void CYFAR *)(CYREG_PRT3_PC), 0x00000000u);
 317:.\Generated_Source\PSoC4/cyfitter_cfg.c **** 
 318:.\Generated_Source\PSoC4/cyfitter_cfg.c **** 		/* UDB_PA_0 Starting address: CYDEV_UDB_PA0_BASE */
 319:.\Generated_Source\PSoC4/cyfitter_cfg.c **** 		CY_SET_XTND_REG32((void CYFAR *)(CYDEV_UDB_PA0_BASE), 0x00990000u);
 320:.\Generated_Source\PSoC4/cyfitter_cfg.c **** 		CY_SET_XTND_REG32((void CYFAR *)(CYREG_UDB_PA0_CFG4), 0x80000000u);
 124              		.loc 1 320 0
 125 0064 8026     		mov	r6, #128
 126              	.LVL9:
 310:.\Generated_Source\PSoC4/cyfitter_cfg.c **** 
ARM GAS  C:\Users\vangelis\AppData\Local\Temp\ccjEGQTT.s 			page 9


 127              		.loc 1 310 0
 128 0066 1A60     		str	r2, [r3]
 313:.\Generated_Source\PSoC4/cyfitter_cfg.c **** 
 129              		.loc 1 313 0
 130 0068 314B     		ldr	r3, .L7+20
 319:.\Generated_Source\PSoC4/cyfitter_cfg.c **** 		CY_SET_XTND_REG32((void CYFAR *)(CYREG_UDB_PA0_CFG4), 0x80000000u);
 131              		.loc 1 319 0
 132 006a 324A     		ldr	r2, .L7+24
 313:.\Generated_Source\PSoC4/cyfitter_cfg.c **** 
 133              		.loc 1 313 0
 134 006c 1D60     		str	r5, [r3]
 316:.\Generated_Source\PSoC4/cyfitter_cfg.c **** 
 135              		.loc 1 316 0
 136 006e 324B     		ldr	r3, .L7+28
 137              		.loc 1 320 0
 138 0070 3606     		lsl	r6, r6, #24
 316:.\Generated_Source\PSoC4/cyfitter_cfg.c **** 
 139              		.loc 1 316 0
 140 0072 1D60     		str	r5, [r3]
 319:.\Generated_Source\PSoC4/cyfitter_cfg.c **** 		CY_SET_XTND_REG32((void CYFAR *)(CYREG_UDB_PA0_CFG4), 0x80000000u);
 141              		.loc 1 319 0
 142 0074 9923     		mov	r3, #153
 143 0076 1B04     		lsl	r3, r3, #16
 144 0078 1360     		str	r3, [r2]
 145              		.loc 1 320 0
 146 007a 304A     		ldr	r2, .L7+32
 321:.\Generated_Source\PSoC4/cyfitter_cfg.c **** 
 322:.\Generated_Source\PSoC4/cyfitter_cfg.c **** 		/* UDB_PA_1 Starting address: CYDEV_UDB_PA1_BASE */
 323:.\Generated_Source\PSoC4/cyfitter_cfg.c **** 		CY_SET_XTND_REG32((void CYFAR *)(CYDEV_UDB_PA1_BASE), 0x00990000u);
 324:.\Generated_Source\PSoC4/cyfitter_cfg.c **** 		CY_SET_XTND_REG32((void CYFAR *)(CYREG_UDB_PA1_CFG8), 0x20000000u);
 325:.\Generated_Source\PSoC4/cyfitter_cfg.c **** 
 326:.\Generated_Source\PSoC4/cyfitter_cfg.c **** 		/* TCPWM_CNT0 Starting address: CYDEV_TCPWM_CNT0_TR_CTRL0 */
 327:.\Generated_Source\PSoC4/cyfitter_cfg.c **** 		CY_SET_XTND_REG32((void CYFAR *)(CYREG_TCPWM_CNT0_TR_CTRL0), 0x00010010u);
 328:.\Generated_Source\PSoC4/cyfitter_cfg.c **** 
 329:.\Generated_Source\PSoC4/cyfitter_cfg.c **** 		/* Enable digital routing */
 330:.\Generated_Source\PSoC4/cyfitter_cfg.c **** 		CY_SET_XTND_REG8((void *)CYREG_UDB_UDBIF_BANK_CTL, CY_GET_XTND_REG8((void *)CYREG_UDB_UDBIF_BANK_
 147              		.loc 1 330 0
 148 007c 0221     		mov	r1, #2
 320:.\Generated_Source\PSoC4/cyfitter_cfg.c **** 
 149              		.loc 1 320 0
 150 007e 1660     		str	r6, [r2]
 323:.\Generated_Source\PSoC4/cyfitter_cfg.c **** 		CY_SET_XTND_REG32((void CYFAR *)(CYREG_UDB_PA1_CFG8), 0x20000000u);
 151              		.loc 1 323 0
 152 0080 2F4A     		ldr	r2, .L7+36
 331:.\Generated_Source\PSoC4/cyfitter_cfg.c **** 
 332:.\Generated_Source\PSoC4/cyfitter_cfg.c **** 		/* Enable UDB array */
 333:.\Generated_Source\PSoC4/cyfitter_cfg.c **** 		CY_SET_XTND_REG8((void *)CYREG_UDB_UDBIF_WAIT_CFG, (uint8)((CY_GET_XTND_REG8((void *)CYREG_UDB_UD
 153              		.loc 1 333 0
 154 0082 3C27     		mov	r7, #60
 155              	.LVL10:
 323:.\Generated_Source\PSoC4/cyfitter_cfg.c **** 		CY_SET_XTND_REG32((void CYFAR *)(CYREG_UDB_PA1_CFG8), 0x20000000u);
 156              		.loc 1 323 0
 157 0084 1360     		str	r3, [r2]
 324:.\Generated_Source\PSoC4/cyfitter_cfg.c **** 
 158              		.loc 1 324 0
 159 0086 8022     		mov	r2, #128
 160 0088 2E4B     		ldr	r3, .L7+40
ARM GAS  C:\Users\vangelis\AppData\Local\Temp\ccjEGQTT.s 			page 10


 161 008a 9205     		lsl	r2, r2, #22
 162 008c 1A60     		str	r2, [r3]
 327:.\Generated_Source\PSoC4/cyfitter_cfg.c **** 
 163              		.loc 1 327 0
 164 008e 2E4A     		ldr	r2, .L7+44
 165 0090 2E4B     		ldr	r3, .L7+48
 166              		.loc 1 333 0
 167 0092 2F48     		ldr	r0, .L7+52
 168              	.LVL11:
 327:.\Generated_Source\PSoC4/cyfitter_cfg.c **** 
 169              		.loc 1 327 0
 170 0094 1A60     		str	r2, [r3]
 330:.\Generated_Source\PSoC4/cyfitter_cfg.c **** 
 171              		.loc 1 330 0
 172 0096 2F4A     		ldr	r2, .L7+56
 173              	.LBE16:
 334:.\Generated_Source\PSoC4/cyfitter_cfg.c **** 		CY_SET_XTND_REG8((void *)CYREG_UDB_UDBIF_BANK_CTL, (uint8)(CY_GET_XTND_REG8((void *)CYREG_UDB_UDB
 335:.\Generated_Source\PSoC4/cyfitter_cfg.c **** 	}
 336:.\Generated_Source\PSoC4/cyfitter_cfg.c **** 
 337:.\Generated_Source\PSoC4/cyfitter_cfg.c **** 	/* Perform second pass device configuration. These items must be configured in specific order afte
 338:.\Generated_Source\PSoC4/cyfitter_cfg.c **** 	/* IOPINS0_0 Starting address: CYDEV_PRT0_BASE */
 339:.\Generated_Source\PSoC4/cyfitter_cfg.c **** 	CY_SET_XTND_REG32((void CYFAR *)(CYDEV_PRT0_BASE), 0x00000080u);
 340:.\Generated_Source\PSoC4/cyfitter_cfg.c **** 	CY_SET_XTND_REG32((void CYFAR *)(CYREG_PRT0_PC), 0x00400000u);
 341:.\Generated_Source\PSoC4/cyfitter_cfg.c **** 
 342:.\Generated_Source\PSoC4/cyfitter_cfg.c **** 	/* IOPINS0_1 Starting address: CYDEV_PRT1_BASE */
 343:.\Generated_Source\PSoC4/cyfitter_cfg.c **** 	CY_SET_XTND_REG32((void CYFAR *)(CYDEV_PRT1_BASE), 0x00000040u);
 344:.\Generated_Source\PSoC4/cyfitter_cfg.c **** 	CY_SET_XTND_REG32((void CYFAR *)(CYREG_PRT1_PC), 0x00180000u);
 345:.\Generated_Source\PSoC4/cyfitter_cfg.c **** 
 346:.\Generated_Source\PSoC4/cyfitter_cfg.c **** 	/* IOPINS0_4 Starting address: CYDEV_PRT4_BASE */
 347:.\Generated_Source\PSoC4/cyfitter_cfg.c **** 	CY_SET_XTND_REG32((void CYFAR *)(CYDEV_PRT4_BASE), 0x00000002u);
 348:.\Generated_Source\PSoC4/cyfitter_cfg.c **** 	CY_SET_XTND_REG32((void CYFAR *)(CYREG_PRT4_PC), 0x00000031u);
 349:.\Generated_Source\PSoC4/cyfitter_cfg.c **** 	CY_SET_XTND_REG32((void CYFAR *)(CYREG_PRT4_PC2), 0x00000002u);
 350:.\Generated_Source\PSoC4/cyfitter_cfg.c **** 
 351:.\Generated_Source\PSoC4/cyfitter_cfg.c **** 	/* Setup clocks based on selections from Clock DWR */
 352:.\Generated_Source\PSoC4/cyfitter_cfg.c **** 	ClockSetup();
 353:.\Generated_Source\PSoC4/cyfitter_cfg.c **** 
 354:.\Generated_Source\PSoC4/cyfitter_cfg.c **** 	/* Perform basic analog initialization to defaults */
 355:.\Generated_Source\PSoC4/cyfitter_cfg.c **** 	AnalogSetDefault();
 356:.\Generated_Source\PSoC4/cyfitter_cfg.c **** 
 357:.\Generated_Source\PSoC4/cyfitter_cfg.c **** }
 174              		.loc 1 357 0
 175              		@ sp needed
 176              	.LBB23:
 330:.\Generated_Source\PSoC4/cyfitter_cfg.c **** 
 177              		.loc 1 330 0
 178 0098 1378     		ldrb	r3, [r2]
 179 009a 0B43     		orr	r3, r1
 180 009c 1370     		strb	r3, [r2]
 333:.\Generated_Source\PSoC4/cyfitter_cfg.c **** 		CY_SET_XTND_REG8((void *)CYREG_UDB_UDBIF_BANK_CTL, (uint8)(CY_GET_XTND_REG8((void *)CYREG_UDB_UDB
 181              		.loc 1 333 0
 182 009e 0378     		ldrb	r3, [r0]
 183 00a0 BB43     		bic	r3, r7
 184 00a2 283F     		sub	r7, r7, #40
 185 00a4 3B43     		orr	r3, r7
 186 00a6 0370     		strb	r3, [r0]
 334:.\Generated_Source\PSoC4/cyfitter_cfg.c **** 		CY_SET_XTND_REG8((void *)CYREG_UDB_UDBIF_BANK_CTL, (uint8)(CY_GET_XTND_REG8((void *)CYREG_UDB_UDB
 187              		.loc 1 334 0
ARM GAS  C:\Users\vangelis\AppData\Local\Temp\ccjEGQTT.s 			page 11


 188 00a8 1620     		mov	r0, #22
 189 00aa 1378     		ldrb	r3, [r2]
 190              	.LBE23:
 191              	.LBB24:
 192              	.LBB25:
 187:.\Generated_Source\PSoC4/cyfitter_cfg.c **** 
 193              		.loc 1 187 0
 194 00ac 2A4F     		ldr	r7, .L7+60
 195              	.LBE25:
 196              	.LBE24:
 197              	.LBB30:
 334:.\Generated_Source\PSoC4/cyfitter_cfg.c **** 		CY_SET_XTND_REG8((void *)CYREG_UDB_UDBIF_BANK_CTL, (uint8)(CY_GET_XTND_REG8((void *)CYREG_UDB_UDB
 198              		.loc 1 334 0
 199 00ae 0343     		orr	r3, r0
 200 00b0 1370     		strb	r3, [r2]
 201              	.LBE30:
 339:.\Generated_Source\PSoC4/cyfitter_cfg.c **** 	CY_SET_XTND_REG32((void CYFAR *)(CYREG_PRT0_PC), 0x00400000u);
 202              		.loc 1 339 0
 203 00b2 8022     		mov	r2, #128
 204 00b4 294B     		ldr	r3, .L7+64
 205              	.LBB31:
 206              	.LBB26:
 190:.\Generated_Source\PSoC4/cyfitter_cfg.c **** 
 207              		.loc 1 190 0
 208 00b6 4018     		add	r0, r0, r1
 209              	.LBE26:
 210              	.LBE31:
 339:.\Generated_Source\PSoC4/cyfitter_cfg.c **** 	CY_SET_XTND_REG32((void CYFAR *)(CYREG_PRT0_PC), 0x00400000u);
 211              		.loc 1 339 0
 212 00b8 1A60     		str	r2, [r3]
 340:.\Generated_Source\PSoC4/cyfitter_cfg.c **** 
 213              		.loc 1 340 0
 214 00ba 8022     		mov	r2, #128
 215 00bc 284B     		ldr	r3, .L7+68
 216 00be D203     		lsl	r2, r2, #15
 217 00c0 1A60     		str	r2, [r3]
 343:.\Generated_Source\PSoC4/cyfitter_cfg.c **** 	CY_SET_XTND_REG32((void CYFAR *)(CYREG_PRT1_PC), 0x00180000u);
 218              		.loc 1 343 0
 219 00c2 4022     		mov	r2, #64
 220 00c4 274B     		ldr	r3, .L7+72
 221 00c6 1A60     		str	r2, [r3]
 344:.\Generated_Source\PSoC4/cyfitter_cfg.c **** 
 222              		.loc 1 344 0
 223 00c8 C022     		mov	r2, #192
 224 00ca 274B     		ldr	r3, .L7+76
 225 00cc 5203     		lsl	r2, r2, #13
 226 00ce 1A60     		str	r2, [r3]
 348:.\Generated_Source\PSoC4/cyfitter_cfg.c **** 	CY_SET_XTND_REG32((void CYFAR *)(CYREG_PRT4_PC2), 0x00000002u);
 227              		.loc 1 348 0
 228 00d0 3122     		mov	r2, #49
 347:.\Generated_Source\PSoC4/cyfitter_cfg.c **** 	CY_SET_XTND_REG32((void CYFAR *)(CYREG_PRT4_PC), 0x00000031u);
 229              		.loc 1 347 0
 230 00d2 264B     		ldr	r3, .L7+80
 231 00d4 1960     		str	r1, [r3]
 348:.\Generated_Source\PSoC4/cyfitter_cfg.c **** 	CY_SET_XTND_REG32((void CYFAR *)(CYREG_PRT4_PC2), 0x00000002u);
 232              		.loc 1 348 0
 233 00d6 264B     		ldr	r3, .L7+84
ARM GAS  C:\Users\vangelis\AppData\Local\Temp\ccjEGQTT.s 			page 12


 234 00d8 1A60     		str	r2, [r3]
 235              	.LBB32:
 236              	.LBB27:
 187:.\Generated_Source\PSoC4/cyfitter_cfg.c **** 
 237              		.loc 1 187 0
 238 00da 8022     		mov	r2, #128
 239              	.LBE27:
 240              	.LBE32:
 349:.\Generated_Source\PSoC4/cyfitter_cfg.c **** 
 241              		.loc 1 349 0
 242 00dc 254B     		ldr	r3, .L7+88
 243              	.LBB33:
 244              	.LBB28:
 187:.\Generated_Source\PSoC4/cyfitter_cfg.c **** 
 245              		.loc 1 187 0
 246 00de D202     		lsl	r2, r2, #11
 247              	.LBE28:
 248              	.LBE33:
 349:.\Generated_Source\PSoC4/cyfitter_cfg.c **** 
 249              		.loc 1 349 0
 250 00e0 1960     		str	r1, [r3]
 251              	.LBB34:
 252              	.LBB29:
 187:.\Generated_Source\PSoC4/cyfitter_cfg.c **** 
 253              		.loc 1 187 0
 254 00e2 3B68     		ldr	r3, [r7]
 255 00e4 1343     		orr	r3, r2
 256 00e6 3B60     		str	r3, [r7]
 190:.\Generated_Source\PSoC4/cyfitter_cfg.c **** 
 257              		.loc 1 190 0
 258 00e8 FFF7FEFF 		bl	CySysClkWriteImoFreq
 259              	.LVL12:
 193:.\Generated_Source\PSoC4/cyfitter_cfg.c **** 	/* CYDEV_CLK_ILO_CONFIG Starting address: CYDEV_CLK_ILO_CONFIG */
 260              		.loc 1 193 0
 261 00ec 3A68     		ldr	r2, [r7]
 262 00ee 224B     		ldr	r3, .L7+92
 263 00f0 1340     		and	r3, r2
 264 00f2 3B60     		str	r3, [r7]
 195:.\Generated_Source\PSoC4/cyfitter_cfg.c **** 
 265              		.loc 1 195 0
 266 00f4 214A     		ldr	r2, .L7+96
 267 00f6 224B     		ldr	r3, .L7+100
 268 00f8 1A60     		str	r2, [r3]
 200:.\Generated_Source\PSoC4/cyfitter_cfg.c **** 
 269              		.loc 1 200 0
 270 00fa 2022     		mov	r2, #32
 199:.\Generated_Source\PSoC4/cyfitter_cfg.c **** 	CY_SET_XTND_REG32((void CYFAR *)(CYREG_CLK_SELECT08), 0x00000020u);
 271              		.loc 1 199 0
 272 00fc 214B     		ldr	r3, .L7+104
 273 00fe 1C60     		str	r4, [r3]
 200:.\Generated_Source\PSoC4/cyfitter_cfg.c **** 
 274              		.loc 1 200 0
 275 0100 214B     		ldr	r3, .L7+108
 276 0102 1A60     		str	r2, [r3]
 203:.\Generated_Source\PSoC4/cyfitter_cfg.c **** 
 277              		.loc 1 203 0
 278 0104 214B     		ldr	r3, .L7+112
ARM GAS  C:\Users\vangelis\AppData\Local\Temp\ccjEGQTT.s 			page 13


 206:.\Generated_Source\PSoC4/cyfitter_cfg.c **** 
 279              		.loc 1 206 0
 280 0106 224A     		ldr	r2, .L7+116
 203:.\Generated_Source\PSoC4/cyfitter_cfg.c **** 
 281              		.loc 1 203 0
 282 0108 1E60     		str	r6, [r3]
 206:.\Generated_Source\PSoC4/cyfitter_cfg.c **** 
 283              		.loc 1 206 0
 284 010a 224B     		ldr	r3, .L7+120
 285 010c 1A60     		str	r2, [r3]
 209:.\Generated_Source\PSoC4/cyfitter_cfg.c **** 
 286              		.loc 1 209 0
 287 010e 224A     		ldr	r2, .L7+124
 288 0110 224B     		ldr	r3, .L7+128
 289 0112 1A60     		str	r2, [r3]
 211:.\Generated_Source\PSoC4/cyfitter_cfg.c **** }
 290              		.loc 1 211 0
 291 0114 224B     		ldr	r3, .L7+132
 292 0116 1D60     		str	r5, [r3]
 293              	.LVL13:
 294              	.LBE29:
 295              	.LBE34:
 296              		.loc 1 357 0
 297 0118 F8BD     		pop	{r3, r4, r5, r6, r7, pc}
 298              	.L8:
 299 011a C046     		.align	2
 300              	.L7:
 301 011c 00300F40 		.word	1074737152
 302 0120 00400F40 		.word	1074741248
 303 0124 00000000 		.word	.LANCHOR0
 304 0128 04000140 		.word	1073807364
 305 012c 10000140 		.word	1073807376
 306 0130 0C000140 		.word	1073807372
 307 0134 00500F40 		.word	1074745344
 308 0138 08030440 		.word	1074004744
 309 013c 04500F40 		.word	1074745348
 310 0140 10500F40 		.word	1074745360
 311 0144 18500F40 		.word	1074745368
 312 0148 10000100 		.word	65552
 313 014c 20010540 		.word	1074069792
 314 0150 01700F40 		.word	1074753537
 315 0154 00700F40 		.word	1074753536
 316 0158 00010B40 		.word	1074462976
 317 015c 00000440 		.word	1074003968
 318 0160 08000440 		.word	1074003976
 319 0164 00010440 		.word	1074004224
 320 0168 08010440 		.word	1074004232
 321 016c 00040440 		.word	1074004992
 322 0170 08040440 		.word	1074005000
 323 0174 18040440 		.word	1074005016
 324 0178 FFFFFBFF 		.word	-262145
 325 017c 06000080 		.word	-2147483642
 326 0180 04010B40 		.word	1074462980
 327 0184 08020240 		.word	1073873416
 328 0188 20020240 		.word	1073873440
 329 018c 08010B40 		.word	1074462984
 330 0190 10000080 		.word	-2147483632
ARM GAS  C:\Users\vangelis\AppData\Local\Temp\ccjEGQTT.s 			page 14


 331 0194 00000240 		.word	1073872896
 332 0198 AF040080 		.word	-2147482449
 333 019c 40000240 		.word	1073872960
 334 01a0 0C020B40 		.word	1074463244
 335              		.cfi_endproc
 336              	.LFE6:
 337              		.size	cyfitter_cfg, .-cyfitter_cfg
 338              		.section	.rodata
 339              		.align	2
 340              		.set	.LANCHOR0,. + 0
 341              		.type	cy_cfg_addr_table.4705, %object
 342              		.size	cy_cfg_addr_table.4705, 16
 343              	cy_cfg_addr_table.4705:
 344 0000 01330F40 		.word	1074737921
 345 0004 03410F40 		.word	1074741507
 346 0008 04430F40 		.word	1074742020
 347 000c 02600F40 		.word	1074749442
 348              		.type	cy_cfg_data_table.4706, %object
 349              		.size	cy_cfg_data_table.4706, 20
 350              	cy_cfg_data_table.4706:
 351 0010 E6       		.byte	-26
 352 0011 10       		.byte	16
 353 0012 62       		.byte	98
 354 0013 04       		.byte	4
 355 0014 8E       		.byte	-114
 356 0015 04       		.byte	4
 357 0016 D8       		.byte	-40
 358 0017 40       		.byte	64
 359 0018 18       		.byte	24
 360 0019 80       		.byte	-128
 361 001a 8C       		.byte	-116
 362 001b 40       		.byte	64
 363 001c C6       		.byte	-58
 364 001d 08       		.byte	8
 365 001e E6       		.byte	-26
 366 001f 08       		.byte	8
 367 0020 02       		.byte	2
 368 0021 01       		.byte	1
 369 0022 11       		.byte	17
 370 0023 01       		.byte	1
 371              		.text
 372              	.Letext0:
 373              		.file 2 "c:\\program files (x86)\\cypress\\psoc creator\\3.3\\psoc creator\\import\\gnu\\arm\\4.9.
 374              		.file 3 ".\\Generated_Source\\PSoC4\\cytypes.h"
 375              		.file 4 ".\\Generated_Source\\PSoC4\\CyLib.h"
 376              		.section	.debug_info,"",%progbits
 377              	.Ldebug_info0:
 378 0000 96030000 		.4byte	0x396
 379 0004 0400     		.2byte	0x4
 380 0006 00000000 		.4byte	.Ldebug_abbrev0
 381 000a 04       		.byte	0x4
 382 000b 01       		.uleb128 0x1
 383 000c 0D000000 		.4byte	.LASF36
 384 0010 01       		.byte	0x1
 385 0011 07020000 		.4byte	.LASF37
 386 0015 77010000 		.4byte	.LASF38
 387 0019 50000000 		.4byte	.Ldebug_ranges0+0x50
ARM GAS  C:\Users\vangelis\AppData\Local\Temp\ccjEGQTT.s 			page 15


 388 001d 00000000 		.4byte	0
 389 0021 00000000 		.4byte	.Ldebug_line0
 390 0025 02       		.uleb128 0x2
 391 0026 04       		.byte	0x4
 392 0027 05       		.byte	0x5
 393 0028 696E7400 		.ascii	"int\000"
 394 002c 03       		.uleb128 0x3
 395 002d 06000000 		.4byte	.LASF11
 396 0031 02       		.byte	0x2
 397 0032 D4       		.byte	0xd4
 398 0033 37000000 		.4byte	0x37
 399 0037 04       		.uleb128 0x4
 400 0038 04       		.byte	0x4
 401 0039 07       		.byte	0x7
 402 003a AB010000 		.4byte	.LASF0
 403 003e 04       		.uleb128 0x4
 404 003f 01       		.byte	0x1
 405 0040 06       		.byte	0x6
 406 0041 84020000 		.4byte	.LASF1
 407 0045 04       		.uleb128 0x4
 408 0046 01       		.byte	0x1
 409 0047 08       		.byte	0x8
 410 0048 18010000 		.4byte	.LASF2
 411 004c 04       		.uleb128 0x4
 412 004d 02       		.byte	0x2
 413 004e 05       		.byte	0x5
 414 004f 5C020000 		.4byte	.LASF3
 415 0053 04       		.uleb128 0x4
 416 0054 02       		.byte	0x2
 417 0055 07       		.byte	0x7
 418 0056 90020000 		.4byte	.LASF4
 419 005a 04       		.uleb128 0x4
 420 005b 04       		.byte	0x4
 421 005c 05       		.byte	0x5
 422 005d 7B020000 		.4byte	.LASF5
 423 0061 04       		.uleb128 0x4
 424 0062 04       		.byte	0x4
 425 0063 07       		.byte	0x7
 426 0064 F6000000 		.4byte	.LASF6
 427 0068 04       		.uleb128 0x4
 428 0069 08       		.byte	0x8
 429 006a 05       		.byte	0x5
 430 006b 2F020000 		.4byte	.LASF7
 431 006f 04       		.uleb128 0x4
 432 0070 08       		.byte	0x8
 433 0071 07       		.byte	0x7
 434 0072 D1010000 		.4byte	.LASF8
 435 0076 04       		.uleb128 0x4
 436 0077 04       		.byte	0x4
 437 0078 07       		.byte	0x7
 438 0079 FE010000 		.4byte	.LASF9
 439 007d 05       		.uleb128 0x5
 440 007e 04       		.byte	0x4
 441 007f 04       		.uleb128 0x4
 442 0080 01       		.byte	0x1
 443 0081 08       		.byte	0x8
 444 0082 3D020000 		.4byte	.LASF10
ARM GAS  C:\Users\vangelis\AppData\Local\Temp\ccjEGQTT.s 			page 16


 445 0086 03       		.uleb128 0x3
 446 0087 08010000 		.4byte	.LASF12
 447 008b 03       		.byte	0x3
 448 008c A1       		.byte	0xa1
 449 008d 45000000 		.4byte	0x45
 450 0091 03       		.uleb128 0x3
 451 0092 5E010000 		.4byte	.LASF13
 452 0096 03       		.byte	0x3
 453 0097 A2       		.byte	0xa2
 454 0098 53000000 		.4byte	0x53
 455 009c 03       		.uleb128 0x3
 456 009d 70010000 		.4byte	.LASF14
 457 00a1 03       		.byte	0x3
 458 00a2 A3       		.byte	0xa3
 459 00a3 61000000 		.4byte	0x61
 460 00a7 04       		.uleb128 0x4
 461 00a8 04       		.byte	0x4
 462 00a9 04       		.byte	0x4
 463 00aa D6000000 		.4byte	.LASF15
 464 00ae 04       		.uleb128 0x4
 465 00af 08       		.byte	0x8
 466 00b0 04       		.byte	0x4
 467 00b1 2D010000 		.4byte	.LASF16
 468 00b5 06       		.uleb128 0x6
 469 00b6 F1000000 		.4byte	.LASF17
 470 00ba 03       		.byte	0x3
 471 00bb 4B01     		.2byte	0x14b
 472 00bd C1000000 		.4byte	0xc1
 473 00c1 07       		.uleb128 0x7
 474 00c2 86000000 		.4byte	0x86
 475 00c6 06       		.uleb128 0x6
 476 00c7 00000000 		.4byte	.LASF18
 477 00cb 03       		.byte	0x3
 478 00cc 4D01     		.2byte	0x14d
 479 00ce D2000000 		.4byte	0xd2
 480 00d2 07       		.uleb128 0x7
 481 00d3 9C000000 		.4byte	0x9c
 482 00d7 08       		.uleb128 0x8
 483 00d8 02       		.byte	0x2
 484 00d9 01       		.byte	0x1
 485 00da 7C       		.byte	0x7c
 486 00db F8000000 		.4byte	0xf8
 487 00df 09       		.uleb128 0x9
 488 00e0 55020000 		.4byte	.LASF19
 489 00e4 01       		.byte	0x1
 490 00e5 7E       		.byte	0x7e
 491 00e6 86000000 		.4byte	0x86
 492 00ea 00       		.byte	0
 493 00eb 09       		.uleb128 0x9
 494 00ec 9B000000 		.4byte	.LASF20
 495 00f0 01       		.byte	0x1
 496 00f1 7F       		.byte	0x7f
 497 00f2 86000000 		.4byte	0x86
 498 00f6 01       		.byte	0x1
 499 00f7 00       		.byte	0
 500 00f8 03       		.uleb128 0x3
 501 00f9 42020000 		.4byte	.LASF21
ARM GAS  C:\Users\vangelis\AppData\Local\Temp\ccjEGQTT.s 			page 17


 502 00fd 01       		.byte	0x1
 503 00fe 80       		.byte	0x80
 504 00ff D7000000 		.4byte	0xd7
 505 0103 0A       		.uleb128 0xa
 506 0104 B8010000 		.4byte	.LASF28
 507 0108 01       		.byte	0x1
 508 0109 EA       		.byte	0xea
 509 010a 01       		.byte	0x1
 510 010b 0B       		.uleb128 0xb
 511 010c 34010000 		.4byte	.LASF26
 512 0110 01       		.byte	0x1
 513 0111 93       		.byte	0x93
 514 0112 01       		.byte	0x1
 515 0113 58010000 		.4byte	0x158
 516 0117 0C       		.uleb128 0xc
 517 0118 53010000 		.4byte	.LASF22
 518 011c 01       		.byte	0x1
 519 011d 93       		.byte	0x93
 520 011e 58010000 		.4byte	0x158
 521 0122 0C       		.uleb128 0xc
 522 0123 65010000 		.4byte	.LASF23
 523 0127 01       		.byte	0x1
 524 0128 93       		.byte	0x93
 525 0129 63010000 		.4byte	0x163
 526 012d 0D       		.uleb128 0xd
 527 012e 6900     		.ascii	"i\000"
 528 0130 01       		.byte	0x1
 529 0131 96       		.byte	0x96
 530 0132 9C000000 		.4byte	0x9c
 531 0136 0D       		.uleb128 0xd
 532 0137 6A00     		.ascii	"j\000"
 533 0139 01       		.byte	0x1
 534 013a 96       		.byte	0x96
 535 013b 9C000000 		.4byte	0x9c
 536 013f 0E       		.uleb128 0xe
 537 0140 0F       		.uleb128 0xf
 538 0141 F5010000 		.4byte	.LASF24
 539 0145 01       		.byte	0x1
 540 0146 99       		.byte	0x99
 541 0147 9C000000 		.4byte	0x9c
 542 014b 0F       		.uleb128 0xf
 543 014c A1000000 		.4byte	.LASF25
 544 0150 01       		.byte	0x1
 545 0151 9A       		.byte	0x9a
 546 0152 86000000 		.4byte	0x86
 547 0156 00       		.byte	0
 548 0157 00       		.byte	0
 549 0158 10       		.uleb128 0x10
 550 0159 04       		.byte	0x4
 551 015a 5E010000 		.4byte	0x15e
 552 015e 11       		.uleb128 0x11
 553 015f 9C000000 		.4byte	0x9c
 554 0163 10       		.uleb128 0x10
 555 0164 04       		.byte	0x4
 556 0165 69010000 		.4byte	0x169
 557 0169 11       		.uleb128 0x11
 558 016a F8000000 		.4byte	0xf8
ARM GAS  C:\Users\vangelis\AppData\Local\Temp\ccjEGQTT.s 			page 18


 559 016e 0B       		.uleb128 0xb
 560 016f 0E010000 		.4byte	.LASF27
 561 0173 01       		.byte	0x1
 562 0174 3A       		.byte	0x3a
 563 0175 01       		.byte	0x1
 564 0176 8D010000 		.4byte	0x18d
 565 017a 12       		.uleb128 0x12
 566 017b 7300     		.ascii	"s\000"
 567 017d 01       		.byte	0x1
 568 017e 3A       		.byte	0x3a
 569 017f 7D000000 		.4byte	0x7d
 570 0183 12       		.uleb128 0x12
 571 0184 6E00     		.ascii	"n\000"
 572 0186 01       		.byte	0x1
 573 0187 3A       		.byte	0x3a
 574 0188 2C000000 		.4byte	0x2c
 575 018c 00       		.byte	0
 576 018d 0A       		.uleb128 0xa
 577 018e A7000000 		.4byte	.LASF29
 578 0192 01       		.byte	0x1
 579 0193 B8       		.byte	0xb8
 580 0194 01       		.byte	0x1
 581 0195 13       		.uleb128 0x13
 582 0196 46010000 		.4byte	.LASF39
 583 019a 01       		.byte	0x1
 584 019b 0201     		.2byte	0x102
 585 019d 00000000 		.4byte	.LFB6
 586 01a1 A4010000 		.4byte	.LFE6-.LFB6
 587 01a5 01       		.uleb128 0x1
 588 01a6 9C       		.byte	0x9c
 589 01a7 45030000 		.4byte	0x345
 590 01ab 14       		.uleb128 0x14
 591 01ac 00000000 		.4byte	.Ldebug_ranges0+0
 592 01b0 24030000 		.4byte	0x324
 593 01b4 15       		.uleb128 0x15
 594 01b5 B2000000 		.4byte	.LASF30
 595 01b9 01       		.byte	0x1
 596 01ba 0801     		.2byte	0x108
 597 01bc 55030000 		.4byte	0x355
 598 01c0 05       		.uleb128 0x5
 599 01c1 03       		.byte	0x3
 600 01c2 00000000 		.4byte	cy_cfg_addr_table.4705
 601 01c6 15       		.uleb128 0x15
 602 01c7 C4000000 		.4byte	.LASF31
 603 01cb 01       		.byte	0x1
 604 01cc 0F01     		.2byte	0x10f
 605 01ce 6A030000 		.4byte	0x36a
 606 01d2 05       		.uleb128 0x5
 607 01d3 03       		.byte	0x3
 608 01d4 10000000 		.4byte	cy_cfg_data_table.4706
 609 01d8 16       		.uleb128 0x16
 610 01d9 06       		.byte	0x6
 611 01da 01       		.byte	0x1
 612 01db 1E01     		.2byte	0x11e
 613 01dd FC010000 		.4byte	0x1fc
 614 01e1 17       		.uleb128 0x17
 615 01e2 C9010000 		.4byte	.LASF32
ARM GAS  C:\Users\vangelis\AppData\Local\Temp\ccjEGQTT.s 			page 19


 616 01e6 01       		.byte	0x1
 617 01e7 1F01     		.2byte	0x11f
 618 01e9 7D000000 		.4byte	0x7d
 619 01ed 00       		.byte	0
 620 01ee 17       		.uleb128 0x17
 621 01ef EC000000 		.4byte	.LASF33
 622 01f3 01       		.byte	0x1
 623 01f4 2001     		.2byte	0x120
 624 01f6 91000000 		.4byte	0x91
 625 01fa 04       		.byte	0x4
 626 01fb 00       		.byte	0
 627 01fc 06       		.uleb128 0x6
 628 01fd E8010000 		.4byte	.LASF34
 629 0201 01       		.byte	0x1
 630 0202 2101     		.2byte	0x121
 631 0204 D8010000 		.4byte	0x1d8
 632 0208 18       		.uleb128 0x18
 633 0209 FC010000 		.4byte	0x1fc
 634 020d 18020000 		.4byte	0x218
 635 0211 19       		.uleb128 0x19
 636 0212 76000000 		.4byte	0x76
 637 0216 01       		.byte	0x1
 638 0217 00       		.byte	0
 639 0218 1A       		.uleb128 0x1a
 640 0219 DC000000 		.4byte	.LASF35
 641 021d 01       		.byte	0x1
 642 021e 2301     		.2byte	0x123
 643 0220 31020000 		.4byte	0x231
 644 0224 0C       		.byte	0xc
 645 0225 00       		.byte	0
 646 0226 30       		.byte	0x30
 647 0227 0F       		.byte	0xf
 648 0228 40       		.byte	0x40
 649 0229 00       		.byte	0
 650 022a 04       		.byte	0x4
 651 022b 00       		.byte	0
 652 022c 40       		.byte	0x40
 653 022d 0F       		.byte	0xf
 654 022e 40       		.byte	0x40
 655 022f 00       		.byte	0
 656 0230 04       		.byte	0x4
 657 0231 11       		.uleb128 0x11
 658 0232 08020000 		.4byte	0x208
 659 0236 1B       		.uleb128 0x1b
 660 0237 6900     		.ascii	"i\000"
 661 0239 01       		.byte	0x1
 662 023a 2901     		.2byte	0x129
 663 023c 86000000 		.4byte	0x86
 664 0240 00000000 		.4byte	.LLST0
 665 0244 1C       		.uleb128 0x1c
 666 0245 04000000 		.4byte	.LBB17
 667 0249 1C000000 		.4byte	.LBE17-.LBB17
 668 024d D0020000 		.4byte	0x2d0
 669 0251 1B       		.uleb128 0x1b
 670 0252 6D7300   		.ascii	"ms\000"
 671 0255 01       		.byte	0x1
 672 0256 2E01     		.2byte	0x12e
ARM GAS  C:\Users\vangelis\AppData\Local\Temp\ccjEGQTT.s 			page 20


 673 0258 60020000 		.4byte	0x260
 674 025c 2C000000 		.4byte	.LLST1
 675 0260 10       		.uleb128 0x10
 676 0261 04       		.byte	0x4
 677 0262 66020000 		.4byte	0x266
 678 0266 11       		.uleb128 0x11
 679 0267 FC010000 		.4byte	0x1fc
 680 026b 1D       		.uleb128 0x1d
 681 026c 6E010000 		.4byte	0x16e
 682 0270 04000000 		.4byte	.LBB18
 683 0274 1C000000 		.4byte	.LBE18-.LBB18
 684 0278 01       		.byte	0x1
 685 0279 2F01     		.2byte	0x12f
 686 027b 1E       		.uleb128 0x1e
 687 027c 83010000 		.4byte	0x183
 688 0280 0004     		.2byte	0x400
 689 0282 1F       		.uleb128 0x1f
 690 0283 7A010000 		.4byte	0x17a
 691 0287 54000000 		.4byte	.LLST2
 692 028b 20       		.uleb128 0x20
 693 028c 10000000 		.4byte	.LVL1
 694 0290 6F030000 		.4byte	0x36f
 695 0294 AE020000 		.4byte	0x2ae
 696 0298 21       		.uleb128 0x21
 697 0299 01       		.uleb128 0x1
 698 029a 52       		.byte	0x52
 699 029b 03       		.uleb128 0x3
 700 029c 0A       		.byte	0xa
 701 029d 0004     		.2byte	0x400
 702 029f 21       		.uleb128 0x21
 703 02a0 01       		.uleb128 0x1
 704 02a1 51       		.byte	0x51
 705 02a2 01       		.uleb128 0x1
 706 02a3 30       		.byte	0x30
 707 02a4 21       		.uleb128 0x21
 708 02a5 01       		.uleb128 0x1
 709 02a6 50       		.byte	0x50
 710 02a7 05       		.uleb128 0x5
 711 02a8 0C       		.byte	0xc
 712 02a9 00300F40 		.4byte	0x400f3000
 713 02ad 00       		.byte	0
 714 02ae 22       		.uleb128 0x22
 715 02af 1E000000 		.4byte	.LVL2
 716 02b3 6F030000 		.4byte	0x36f
 717 02b7 21       		.uleb128 0x21
 718 02b8 01       		.uleb128 0x1
 719 02b9 52       		.byte	0x52
 720 02ba 03       		.uleb128 0x3
 721 02bb 0A       		.byte	0xa
 722 02bc 0004     		.2byte	0x400
 723 02be 21       		.uleb128 0x21
 724 02bf 01       		.uleb128 0x1
 725 02c0 51       		.byte	0x51
 726 02c1 02       		.uleb128 0x2
 727 02c2 74       		.byte	0x74
 728 02c3 00       		.sleb128 0
 729 02c4 21       		.uleb128 0x21
ARM GAS  C:\Users\vangelis\AppData\Local\Temp\ccjEGQTT.s 			page 21


 730 02c5 01       		.uleb128 0x1
 731 02c6 50       		.byte	0x50
 732 02c7 05       		.uleb128 0x5
 733 02c8 0C       		.byte	0xc
 734 02c9 00400F40 		.4byte	0x400f4000
 735 02cd 00       		.byte	0
 736 02ce 00       		.byte	0
 737 02cf 00       		.byte	0
 738 02d0 1D       		.uleb128 0x1d
 739 02d1 0B010000 		.4byte	0x10b
 740 02d5 20000000 		.4byte	.LBB20
 741 02d9 36000000 		.4byte	.LBE20-.LBB20
 742 02dd 01       		.byte	0x1
 743 02de 3201     		.2byte	0x132
 744 02e0 23       		.uleb128 0x23
 745 02e1 17010000 		.4byte	0x117
 746 02e5 23       		.uleb128 0x23
 747 02e6 22010000 		.4byte	0x122
 748 02ea 24       		.uleb128 0x24
 749 02eb 20000000 		.4byte	.LBB21
 750 02ef 36000000 		.4byte	.LBE21-.LBB21
 751 02f3 25       		.uleb128 0x25
 752 02f4 2D010000 		.4byte	0x12d
 753 02f8 7C000000 		.4byte	.LLST3
 754 02fc 25       		.uleb128 0x25
 755 02fd 36010000 		.4byte	0x136
 756 0301 90000000 		.4byte	.LLST4
 757 0305 24       		.uleb128 0x24
 758 0306 20000000 		.4byte	.LBB22
 759 030a 32000000 		.4byte	.LBE22-.LBB22
 760 030e 25       		.uleb128 0x25
 761 030f 40010000 		.4byte	0x140
 762 0313 BA000000 		.4byte	.LLST5
 763 0317 25       		.uleb128 0x25
 764 0318 4B010000 		.4byte	0x14b
 765 031c 01010000 		.4byte	.LLST6
 766 0320 00       		.byte	0
 767 0321 00       		.byte	0
 768 0322 00       		.byte	0
 769 0323 00       		.byte	0
 770 0324 26       		.uleb128 0x26
 771 0325 8D010000 		.4byte	0x18d
 772 0329 AC000000 		.4byte	.LBB24
 773 032d 20000000 		.4byte	.Ldebug_ranges0+0x20
 774 0331 01       		.byte	0x1
 775 0332 6001     		.2byte	0x160
 776 0334 22       		.uleb128 0x22
 777 0335 EC000000 		.4byte	.LVL12
 778 0339 8C030000 		.4byte	0x38c
 779 033d 21       		.uleb128 0x21
 780 033e 01       		.uleb128 0x1
 781 033f 50       		.byte	0x50
 782 0340 01       		.uleb128 0x1
 783 0341 48       		.byte	0x48
 784 0342 00       		.byte	0
 785 0343 00       		.byte	0
 786 0344 00       		.byte	0
ARM GAS  C:\Users\vangelis\AppData\Local\Temp\ccjEGQTT.s 			page 22


 787 0345 18       		.uleb128 0x18
 788 0346 9C000000 		.4byte	0x9c
 789 034a 55030000 		.4byte	0x355
 790 034e 19       		.uleb128 0x19
 791 034f 76000000 		.4byte	0x76
 792 0353 03       		.byte	0x3
 793 0354 00       		.byte	0
 794 0355 11       		.uleb128 0x11
 795 0356 45030000 		.4byte	0x345
 796 035a 18       		.uleb128 0x18
 797 035b F8000000 		.4byte	0xf8
 798 035f 6A030000 		.4byte	0x36a
 799 0363 19       		.uleb128 0x19
 800 0364 76000000 		.4byte	0x76
 801 0368 09       		.byte	0x9
 802 0369 00       		.byte	0
 803 036a 11       		.uleb128 0x11
 804 036b 5A030000 		.4byte	0x35a
 805 036f 27       		.uleb128 0x27
 806 0370 26010000 		.4byte	.LASF40
 807 0374 7D000000 		.4byte	0x7d
 808 0378 8C030000 		.4byte	0x38c
 809 037c 28       		.uleb128 0x28
 810 037d 7D000000 		.4byte	0x7d
 811 0381 28       		.uleb128 0x28
 812 0382 25000000 		.4byte	0x25
 813 0386 28       		.uleb128 0x28
 814 0387 76000000 		.4byte	0x76
 815 038b 00       		.byte	0
 816 038c 29       		.uleb128 0x29
 817 038d 66020000 		.4byte	.LASF41
 818 0391 04       		.byte	0x4
 819 0392 2D       		.byte	0x2d
 820 0393 28       		.uleb128 0x28
 821 0394 9C000000 		.4byte	0x9c
 822 0398 00       		.byte	0
 823 0399 00       		.byte	0
 824              		.section	.debug_abbrev,"",%progbits
 825              	.Ldebug_abbrev0:
 826 0000 01       		.uleb128 0x1
 827 0001 11       		.uleb128 0x11
 828 0002 01       		.byte	0x1
 829 0003 25       		.uleb128 0x25
 830 0004 0E       		.uleb128 0xe
 831 0005 13       		.uleb128 0x13
 832 0006 0B       		.uleb128 0xb
 833 0007 03       		.uleb128 0x3
 834 0008 0E       		.uleb128 0xe
 835 0009 1B       		.uleb128 0x1b
 836 000a 0E       		.uleb128 0xe
 837 000b 55       		.uleb128 0x55
 838 000c 17       		.uleb128 0x17
 839 000d 11       		.uleb128 0x11
 840 000e 01       		.uleb128 0x1
 841 000f 10       		.uleb128 0x10
 842 0010 17       		.uleb128 0x17
 843 0011 00       		.byte	0
ARM GAS  C:\Users\vangelis\AppData\Local\Temp\ccjEGQTT.s 			page 23


 844 0012 00       		.byte	0
 845 0013 02       		.uleb128 0x2
 846 0014 24       		.uleb128 0x24
 847 0015 00       		.byte	0
 848 0016 0B       		.uleb128 0xb
 849 0017 0B       		.uleb128 0xb
 850 0018 3E       		.uleb128 0x3e
 851 0019 0B       		.uleb128 0xb
 852 001a 03       		.uleb128 0x3
 853 001b 08       		.uleb128 0x8
 854 001c 00       		.byte	0
 855 001d 00       		.byte	0
 856 001e 03       		.uleb128 0x3
 857 001f 16       		.uleb128 0x16
 858 0020 00       		.byte	0
 859 0021 03       		.uleb128 0x3
 860 0022 0E       		.uleb128 0xe
 861 0023 3A       		.uleb128 0x3a
 862 0024 0B       		.uleb128 0xb
 863 0025 3B       		.uleb128 0x3b
 864 0026 0B       		.uleb128 0xb
 865 0027 49       		.uleb128 0x49
 866 0028 13       		.uleb128 0x13
 867 0029 00       		.byte	0
 868 002a 00       		.byte	0
 869 002b 04       		.uleb128 0x4
 870 002c 24       		.uleb128 0x24
 871 002d 00       		.byte	0
 872 002e 0B       		.uleb128 0xb
 873 002f 0B       		.uleb128 0xb
 874 0030 3E       		.uleb128 0x3e
 875 0031 0B       		.uleb128 0xb
 876 0032 03       		.uleb128 0x3
 877 0033 0E       		.uleb128 0xe
 878 0034 00       		.byte	0
 879 0035 00       		.byte	0
 880 0036 05       		.uleb128 0x5
 881 0037 0F       		.uleb128 0xf
 882 0038 00       		.byte	0
 883 0039 0B       		.uleb128 0xb
 884 003a 0B       		.uleb128 0xb
 885 003b 00       		.byte	0
 886 003c 00       		.byte	0
 887 003d 06       		.uleb128 0x6
 888 003e 16       		.uleb128 0x16
 889 003f 00       		.byte	0
 890 0040 03       		.uleb128 0x3
 891 0041 0E       		.uleb128 0xe
 892 0042 3A       		.uleb128 0x3a
 893 0043 0B       		.uleb128 0xb
 894 0044 3B       		.uleb128 0x3b
 895 0045 05       		.uleb128 0x5
 896 0046 49       		.uleb128 0x49
 897 0047 13       		.uleb128 0x13
 898 0048 00       		.byte	0
 899 0049 00       		.byte	0
 900 004a 07       		.uleb128 0x7
ARM GAS  C:\Users\vangelis\AppData\Local\Temp\ccjEGQTT.s 			page 24


 901 004b 35       		.uleb128 0x35
 902 004c 00       		.byte	0
 903 004d 49       		.uleb128 0x49
 904 004e 13       		.uleb128 0x13
 905 004f 00       		.byte	0
 906 0050 00       		.byte	0
 907 0051 08       		.uleb128 0x8
 908 0052 13       		.uleb128 0x13
 909 0053 01       		.byte	0x1
 910 0054 0B       		.uleb128 0xb
 911 0055 0B       		.uleb128 0xb
 912 0056 3A       		.uleb128 0x3a
 913 0057 0B       		.uleb128 0xb
 914 0058 3B       		.uleb128 0x3b
 915 0059 0B       		.uleb128 0xb
 916 005a 01       		.uleb128 0x1
 917 005b 13       		.uleb128 0x13
 918 005c 00       		.byte	0
 919 005d 00       		.byte	0
 920 005e 09       		.uleb128 0x9
 921 005f 0D       		.uleb128 0xd
 922 0060 00       		.byte	0
 923 0061 03       		.uleb128 0x3
 924 0062 0E       		.uleb128 0xe
 925 0063 3A       		.uleb128 0x3a
 926 0064 0B       		.uleb128 0xb
 927 0065 3B       		.uleb128 0x3b
 928 0066 0B       		.uleb128 0xb
 929 0067 49       		.uleb128 0x49
 930 0068 13       		.uleb128 0x13
 931 0069 38       		.uleb128 0x38
 932 006a 0B       		.uleb128 0xb
 933 006b 00       		.byte	0
 934 006c 00       		.byte	0
 935 006d 0A       		.uleb128 0xa
 936 006e 2E       		.uleb128 0x2e
 937 006f 00       		.byte	0
 938 0070 03       		.uleb128 0x3
 939 0071 0E       		.uleb128 0xe
 940 0072 3A       		.uleb128 0x3a
 941 0073 0B       		.uleb128 0xb
 942 0074 3B       		.uleb128 0x3b
 943 0075 0B       		.uleb128 0xb
 944 0076 27       		.uleb128 0x27
 945 0077 19       		.uleb128 0x19
 946 0078 20       		.uleb128 0x20
 947 0079 0B       		.uleb128 0xb
 948 007a 00       		.byte	0
 949 007b 00       		.byte	0
 950 007c 0B       		.uleb128 0xb
 951 007d 2E       		.uleb128 0x2e
 952 007e 01       		.byte	0x1
 953 007f 03       		.uleb128 0x3
 954 0080 0E       		.uleb128 0xe
 955 0081 3A       		.uleb128 0x3a
 956 0082 0B       		.uleb128 0xb
 957 0083 3B       		.uleb128 0x3b
ARM GAS  C:\Users\vangelis\AppData\Local\Temp\ccjEGQTT.s 			page 25


 958 0084 0B       		.uleb128 0xb
 959 0085 27       		.uleb128 0x27
 960 0086 19       		.uleb128 0x19
 961 0087 20       		.uleb128 0x20
 962 0088 0B       		.uleb128 0xb
 963 0089 01       		.uleb128 0x1
 964 008a 13       		.uleb128 0x13
 965 008b 00       		.byte	0
 966 008c 00       		.byte	0
 967 008d 0C       		.uleb128 0xc
 968 008e 05       		.uleb128 0x5
 969 008f 00       		.byte	0
 970 0090 03       		.uleb128 0x3
 971 0091 0E       		.uleb128 0xe
 972 0092 3A       		.uleb128 0x3a
 973 0093 0B       		.uleb128 0xb
 974 0094 3B       		.uleb128 0x3b
 975 0095 0B       		.uleb128 0xb
 976 0096 49       		.uleb128 0x49
 977 0097 13       		.uleb128 0x13
 978 0098 00       		.byte	0
 979 0099 00       		.byte	0
 980 009a 0D       		.uleb128 0xd
 981 009b 34       		.uleb128 0x34
 982 009c 00       		.byte	0
 983 009d 03       		.uleb128 0x3
 984 009e 08       		.uleb128 0x8
 985 009f 3A       		.uleb128 0x3a
 986 00a0 0B       		.uleb128 0xb
 987 00a1 3B       		.uleb128 0x3b
 988 00a2 0B       		.uleb128 0xb
 989 00a3 49       		.uleb128 0x49
 990 00a4 13       		.uleb128 0x13
 991 00a5 00       		.byte	0
 992 00a6 00       		.byte	0
 993 00a7 0E       		.uleb128 0xe
 994 00a8 0B       		.uleb128 0xb
 995 00a9 01       		.byte	0x1
 996 00aa 00       		.byte	0
 997 00ab 00       		.byte	0
 998 00ac 0F       		.uleb128 0xf
 999 00ad 34       		.uleb128 0x34
 1000 00ae 00       		.byte	0
 1001 00af 03       		.uleb128 0x3
 1002 00b0 0E       		.uleb128 0xe
 1003 00b1 3A       		.uleb128 0x3a
 1004 00b2 0B       		.uleb128 0xb
 1005 00b3 3B       		.uleb128 0x3b
 1006 00b4 0B       		.uleb128 0xb
 1007 00b5 49       		.uleb128 0x49
 1008 00b6 13       		.uleb128 0x13
 1009 00b7 00       		.byte	0
 1010 00b8 00       		.byte	0
 1011 00b9 10       		.uleb128 0x10
 1012 00ba 0F       		.uleb128 0xf
 1013 00bb 00       		.byte	0
 1014 00bc 0B       		.uleb128 0xb
ARM GAS  C:\Users\vangelis\AppData\Local\Temp\ccjEGQTT.s 			page 26


 1015 00bd 0B       		.uleb128 0xb
 1016 00be 49       		.uleb128 0x49
 1017 00bf 13       		.uleb128 0x13
 1018 00c0 00       		.byte	0
 1019 00c1 00       		.byte	0
 1020 00c2 11       		.uleb128 0x11
 1021 00c3 26       		.uleb128 0x26
 1022 00c4 00       		.byte	0
 1023 00c5 49       		.uleb128 0x49
 1024 00c6 13       		.uleb128 0x13
 1025 00c7 00       		.byte	0
 1026 00c8 00       		.byte	0
 1027 00c9 12       		.uleb128 0x12
 1028 00ca 05       		.uleb128 0x5
 1029 00cb 00       		.byte	0
 1030 00cc 03       		.uleb128 0x3
 1031 00cd 08       		.uleb128 0x8
 1032 00ce 3A       		.uleb128 0x3a
 1033 00cf 0B       		.uleb128 0xb
 1034 00d0 3B       		.uleb128 0x3b
 1035 00d1 0B       		.uleb128 0xb
 1036 00d2 49       		.uleb128 0x49
 1037 00d3 13       		.uleb128 0x13
 1038 00d4 00       		.byte	0
 1039 00d5 00       		.byte	0
 1040 00d6 13       		.uleb128 0x13
 1041 00d7 2E       		.uleb128 0x2e
 1042 00d8 01       		.byte	0x1
 1043 00d9 3F       		.uleb128 0x3f
 1044 00da 19       		.uleb128 0x19
 1045 00db 03       		.uleb128 0x3
 1046 00dc 0E       		.uleb128 0xe
 1047 00dd 3A       		.uleb128 0x3a
 1048 00de 0B       		.uleb128 0xb
 1049 00df 3B       		.uleb128 0x3b
 1050 00e0 05       		.uleb128 0x5
 1051 00e1 27       		.uleb128 0x27
 1052 00e2 19       		.uleb128 0x19
 1053 00e3 11       		.uleb128 0x11
 1054 00e4 01       		.uleb128 0x1
 1055 00e5 12       		.uleb128 0x12
 1056 00e6 06       		.uleb128 0x6
 1057 00e7 40       		.uleb128 0x40
 1058 00e8 18       		.uleb128 0x18
 1059 00e9 9742     		.uleb128 0x2117
 1060 00eb 19       		.uleb128 0x19
 1061 00ec 01       		.uleb128 0x1
 1062 00ed 13       		.uleb128 0x13
 1063 00ee 00       		.byte	0
 1064 00ef 00       		.byte	0
 1065 00f0 14       		.uleb128 0x14
 1066 00f1 0B       		.uleb128 0xb
 1067 00f2 01       		.byte	0x1
 1068 00f3 55       		.uleb128 0x55
 1069 00f4 17       		.uleb128 0x17
 1070 00f5 01       		.uleb128 0x1
 1071 00f6 13       		.uleb128 0x13
ARM GAS  C:\Users\vangelis\AppData\Local\Temp\ccjEGQTT.s 			page 27


 1072 00f7 00       		.byte	0
 1073 00f8 00       		.byte	0
 1074 00f9 15       		.uleb128 0x15
 1075 00fa 34       		.uleb128 0x34
 1076 00fb 00       		.byte	0
 1077 00fc 03       		.uleb128 0x3
 1078 00fd 0E       		.uleb128 0xe
 1079 00fe 3A       		.uleb128 0x3a
 1080 00ff 0B       		.uleb128 0xb
 1081 0100 3B       		.uleb128 0x3b
 1082 0101 05       		.uleb128 0x5
 1083 0102 49       		.uleb128 0x49
 1084 0103 13       		.uleb128 0x13
 1085 0104 02       		.uleb128 0x2
 1086 0105 18       		.uleb128 0x18
 1087 0106 00       		.byte	0
 1088 0107 00       		.byte	0
 1089 0108 16       		.uleb128 0x16
 1090 0109 13       		.uleb128 0x13
 1091 010a 01       		.byte	0x1
 1092 010b 0B       		.uleb128 0xb
 1093 010c 0B       		.uleb128 0xb
 1094 010d 3A       		.uleb128 0x3a
 1095 010e 0B       		.uleb128 0xb
 1096 010f 3B       		.uleb128 0x3b
 1097 0110 05       		.uleb128 0x5
 1098 0111 01       		.uleb128 0x1
 1099 0112 13       		.uleb128 0x13
 1100 0113 00       		.byte	0
 1101 0114 00       		.byte	0
 1102 0115 17       		.uleb128 0x17
 1103 0116 0D       		.uleb128 0xd
 1104 0117 00       		.byte	0
 1105 0118 03       		.uleb128 0x3
 1106 0119 0E       		.uleb128 0xe
 1107 011a 3A       		.uleb128 0x3a
 1108 011b 0B       		.uleb128 0xb
 1109 011c 3B       		.uleb128 0x3b
 1110 011d 05       		.uleb128 0x5
 1111 011e 49       		.uleb128 0x49
 1112 011f 13       		.uleb128 0x13
 1113 0120 38       		.uleb128 0x38
 1114 0121 0B       		.uleb128 0xb
 1115 0122 00       		.byte	0
 1116 0123 00       		.byte	0
 1117 0124 18       		.uleb128 0x18
 1118 0125 01       		.uleb128 0x1
 1119 0126 01       		.byte	0x1
 1120 0127 49       		.uleb128 0x49
 1121 0128 13       		.uleb128 0x13
 1122 0129 01       		.uleb128 0x1
 1123 012a 13       		.uleb128 0x13
 1124 012b 00       		.byte	0
 1125 012c 00       		.byte	0
 1126 012d 19       		.uleb128 0x19
 1127 012e 21       		.uleb128 0x21
 1128 012f 00       		.byte	0
ARM GAS  C:\Users\vangelis\AppData\Local\Temp\ccjEGQTT.s 			page 28


 1129 0130 49       		.uleb128 0x49
 1130 0131 13       		.uleb128 0x13
 1131 0132 2F       		.uleb128 0x2f
 1132 0133 0B       		.uleb128 0xb
 1133 0134 00       		.byte	0
 1134 0135 00       		.byte	0
 1135 0136 1A       		.uleb128 0x1a
 1136 0137 34       		.uleb128 0x34
 1137 0138 00       		.byte	0
 1138 0139 03       		.uleb128 0x3
 1139 013a 0E       		.uleb128 0xe
 1140 013b 3A       		.uleb128 0x3a
 1141 013c 0B       		.uleb128 0xb
 1142 013d 3B       		.uleb128 0x3b
 1143 013e 05       		.uleb128 0x5
 1144 013f 49       		.uleb128 0x49
 1145 0140 13       		.uleb128 0x13
 1146 0141 1C       		.uleb128 0x1c
 1147 0142 0A       		.uleb128 0xa
 1148 0143 00       		.byte	0
 1149 0144 00       		.byte	0
 1150 0145 1B       		.uleb128 0x1b
 1151 0146 34       		.uleb128 0x34
 1152 0147 00       		.byte	0
 1153 0148 03       		.uleb128 0x3
 1154 0149 08       		.uleb128 0x8
 1155 014a 3A       		.uleb128 0x3a
 1156 014b 0B       		.uleb128 0xb
 1157 014c 3B       		.uleb128 0x3b
 1158 014d 05       		.uleb128 0x5
 1159 014e 49       		.uleb128 0x49
 1160 014f 13       		.uleb128 0x13
 1161 0150 02       		.uleb128 0x2
 1162 0151 17       		.uleb128 0x17
 1163 0152 00       		.byte	0
 1164 0153 00       		.byte	0
 1165 0154 1C       		.uleb128 0x1c
 1166 0155 0B       		.uleb128 0xb
 1167 0156 01       		.byte	0x1
 1168 0157 11       		.uleb128 0x11
 1169 0158 01       		.uleb128 0x1
 1170 0159 12       		.uleb128 0x12
 1171 015a 06       		.uleb128 0x6
 1172 015b 01       		.uleb128 0x1
 1173 015c 13       		.uleb128 0x13
 1174 015d 00       		.byte	0
 1175 015e 00       		.byte	0
 1176 015f 1D       		.uleb128 0x1d
 1177 0160 1D       		.uleb128 0x1d
 1178 0161 01       		.byte	0x1
 1179 0162 31       		.uleb128 0x31
 1180 0163 13       		.uleb128 0x13
 1181 0164 11       		.uleb128 0x11
 1182 0165 01       		.uleb128 0x1
 1183 0166 12       		.uleb128 0x12
 1184 0167 06       		.uleb128 0x6
 1185 0168 58       		.uleb128 0x58
ARM GAS  C:\Users\vangelis\AppData\Local\Temp\ccjEGQTT.s 			page 29


 1186 0169 0B       		.uleb128 0xb
 1187 016a 59       		.uleb128 0x59
 1188 016b 05       		.uleb128 0x5
 1189 016c 00       		.byte	0
 1190 016d 00       		.byte	0
 1191 016e 1E       		.uleb128 0x1e
 1192 016f 05       		.uleb128 0x5
 1193 0170 00       		.byte	0
 1194 0171 31       		.uleb128 0x31
 1195 0172 13       		.uleb128 0x13
 1196 0173 1C       		.uleb128 0x1c
 1197 0174 05       		.uleb128 0x5
 1198 0175 00       		.byte	0
 1199 0176 00       		.byte	0
 1200 0177 1F       		.uleb128 0x1f
 1201 0178 05       		.uleb128 0x5
 1202 0179 00       		.byte	0
 1203 017a 31       		.uleb128 0x31
 1204 017b 13       		.uleb128 0x13
 1205 017c 02       		.uleb128 0x2
 1206 017d 17       		.uleb128 0x17
 1207 017e 00       		.byte	0
 1208 017f 00       		.byte	0
 1209 0180 20       		.uleb128 0x20
 1210 0181 898201   		.uleb128 0x4109
 1211 0184 01       		.byte	0x1
 1212 0185 11       		.uleb128 0x11
 1213 0186 01       		.uleb128 0x1
 1214 0187 31       		.uleb128 0x31
 1215 0188 13       		.uleb128 0x13
 1216 0189 01       		.uleb128 0x1
 1217 018a 13       		.uleb128 0x13
 1218 018b 00       		.byte	0
 1219 018c 00       		.byte	0
 1220 018d 21       		.uleb128 0x21
 1221 018e 8A8201   		.uleb128 0x410a
 1222 0191 00       		.byte	0
 1223 0192 02       		.uleb128 0x2
 1224 0193 18       		.uleb128 0x18
 1225 0194 9142     		.uleb128 0x2111
 1226 0196 18       		.uleb128 0x18
 1227 0197 00       		.byte	0
 1228 0198 00       		.byte	0
 1229 0199 22       		.uleb128 0x22
 1230 019a 898201   		.uleb128 0x4109
 1231 019d 01       		.byte	0x1
 1232 019e 11       		.uleb128 0x11
 1233 019f 01       		.uleb128 0x1
 1234 01a0 31       		.uleb128 0x31
 1235 01a1 13       		.uleb128 0x13
 1236 01a2 00       		.byte	0
 1237 01a3 00       		.byte	0
 1238 01a4 23       		.uleb128 0x23
 1239 01a5 05       		.uleb128 0x5
 1240 01a6 00       		.byte	0
 1241 01a7 31       		.uleb128 0x31
 1242 01a8 13       		.uleb128 0x13
ARM GAS  C:\Users\vangelis\AppData\Local\Temp\ccjEGQTT.s 			page 30


 1243 01a9 00       		.byte	0
 1244 01aa 00       		.byte	0
 1245 01ab 24       		.uleb128 0x24
 1246 01ac 0B       		.uleb128 0xb
 1247 01ad 01       		.byte	0x1
 1248 01ae 11       		.uleb128 0x11
 1249 01af 01       		.uleb128 0x1
 1250 01b0 12       		.uleb128 0x12
 1251 01b1 06       		.uleb128 0x6
 1252 01b2 00       		.byte	0
 1253 01b3 00       		.byte	0
 1254 01b4 25       		.uleb128 0x25
 1255 01b5 34       		.uleb128 0x34
 1256 01b6 00       		.byte	0
 1257 01b7 31       		.uleb128 0x31
 1258 01b8 13       		.uleb128 0x13
 1259 01b9 02       		.uleb128 0x2
 1260 01ba 17       		.uleb128 0x17
 1261 01bb 00       		.byte	0
 1262 01bc 00       		.byte	0
 1263 01bd 26       		.uleb128 0x26
 1264 01be 1D       		.uleb128 0x1d
 1265 01bf 01       		.byte	0x1
 1266 01c0 31       		.uleb128 0x31
 1267 01c1 13       		.uleb128 0x13
 1268 01c2 52       		.uleb128 0x52
 1269 01c3 01       		.uleb128 0x1
 1270 01c4 55       		.uleb128 0x55
 1271 01c5 17       		.uleb128 0x17
 1272 01c6 58       		.uleb128 0x58
 1273 01c7 0B       		.uleb128 0xb
 1274 01c8 59       		.uleb128 0x59
 1275 01c9 05       		.uleb128 0x5
 1276 01ca 00       		.byte	0
 1277 01cb 00       		.byte	0
 1278 01cc 27       		.uleb128 0x27
 1279 01cd 2E       		.uleb128 0x2e
 1280 01ce 01       		.byte	0x1
 1281 01cf 3F       		.uleb128 0x3f
 1282 01d0 19       		.uleb128 0x19
 1283 01d1 03       		.uleb128 0x3
 1284 01d2 0E       		.uleb128 0xe
 1285 01d3 27       		.uleb128 0x27
 1286 01d4 19       		.uleb128 0x19
 1287 01d5 49       		.uleb128 0x49
 1288 01d6 13       		.uleb128 0x13
 1289 01d7 34       		.uleb128 0x34
 1290 01d8 19       		.uleb128 0x19
 1291 01d9 3C       		.uleb128 0x3c
 1292 01da 19       		.uleb128 0x19
 1293 01db 01       		.uleb128 0x1
 1294 01dc 13       		.uleb128 0x13
 1295 01dd 00       		.byte	0
 1296 01de 00       		.byte	0
 1297 01df 28       		.uleb128 0x28
 1298 01e0 05       		.uleb128 0x5
 1299 01e1 00       		.byte	0
ARM GAS  C:\Users\vangelis\AppData\Local\Temp\ccjEGQTT.s 			page 31


 1300 01e2 49       		.uleb128 0x49
 1301 01e3 13       		.uleb128 0x13
 1302 01e4 00       		.byte	0
 1303 01e5 00       		.byte	0
 1304 01e6 29       		.uleb128 0x29
 1305 01e7 2E       		.uleb128 0x2e
 1306 01e8 01       		.byte	0x1
 1307 01e9 3F       		.uleb128 0x3f
 1308 01ea 19       		.uleb128 0x19
 1309 01eb 03       		.uleb128 0x3
 1310 01ec 0E       		.uleb128 0xe
 1311 01ed 3A       		.uleb128 0x3a
 1312 01ee 0B       		.uleb128 0xb
 1313 01ef 3B       		.uleb128 0x3b
 1314 01f0 0B       		.uleb128 0xb
 1315 01f1 27       		.uleb128 0x27
 1316 01f2 19       		.uleb128 0x19
 1317 01f3 3C       		.uleb128 0x3c
 1318 01f4 19       		.uleb128 0x19
 1319 01f5 00       		.byte	0
 1320 01f6 00       		.byte	0
 1321 01f7 00       		.byte	0
 1322              		.section	.debug_loc,"",%progbits
 1323              	.Ldebug_loc0:
 1324              	.LLST0:
 1325 0000 04000000 		.4byte	.LVL0
 1326 0004 10000000 		.4byte	.LVL1
 1327 0008 0200     		.2byte	0x2
 1328 000a 30       		.byte	0x30
 1329 000b 9F       		.byte	0x9f
 1330 000c 10000000 		.4byte	.LVL1
 1331 0010 1E000000 		.4byte	.LVL2
 1332 0014 0200     		.2byte	0x2
 1333 0016 31       		.byte	0x31
 1334 0017 9F       		.byte	0x9f
 1335 0018 1E000000 		.4byte	.LVL2
 1336 001c A4010000 		.4byte	.LFE6
 1337 0020 0200     		.2byte	0x2
 1338 0022 32       		.byte	0x32
 1339 0023 9F       		.byte	0x9f
 1340 0024 00000000 		.4byte	0
 1341 0028 00000000 		.4byte	0
 1342              	.LLST1:
 1343 002c 04000000 		.4byte	.LVL0
 1344 0030 10000000 		.4byte	.LVL1
 1345 0034 0600     		.2byte	0x6
 1346 0036 F2       		.byte	0xf2
 1347 0037 18020000 		.4byte	.Ldebug_info0+536
 1348 003b 00       		.sleb128 0
 1349 003c 10000000 		.4byte	.LVL1
 1350 0040 A4010000 		.4byte	.LFE6
 1351 0044 0600     		.2byte	0x6
 1352 0046 F2       		.byte	0xf2
 1353 0047 18020000 		.4byte	.Ldebug_info0+536
 1354 004b 06       		.sleb128 6
 1355 004c 00000000 		.4byte	0
 1356 0050 00000000 		.4byte	0
ARM GAS  C:\Users\vangelis\AppData\Local\Temp\ccjEGQTT.s 			page 32


 1357              	.LLST2:
 1358 0054 04000000 		.4byte	.LVL0
 1359 0058 10000000 		.4byte	.LVL1
 1360 005c 0600     		.2byte	0x6
 1361 005e 0C       		.byte	0xc
 1362 005f 00300F40 		.4byte	0x400f3000
 1363 0063 9F       		.byte	0x9f
 1364 0064 10000000 		.4byte	.LVL1
 1365 0068 A4010000 		.4byte	.LFE6
 1366 006c 0600     		.2byte	0x6
 1367 006e 0C       		.byte	0xc
 1368 006f 00400F40 		.4byte	0x400f4000
 1369 0073 9F       		.byte	0x9f
 1370 0074 00000000 		.4byte	0
 1371 0078 00000000 		.4byte	0
 1372              	.LLST3:
 1373 007c 1E000000 		.4byte	.LVL2
 1374 0080 20000000 		.4byte	.LVL3
 1375 0084 0200     		.2byte	0x2
 1376 0086 30       		.byte	0x30
 1377 0087 9F       		.byte	0x9f
 1378 0088 00000000 		.4byte	0
 1379 008c 00000000 		.4byte	0
 1380              	.LLST4:
 1381 0090 1E000000 		.4byte	.LVL2
 1382 0094 20000000 		.4byte	.LVL3
 1383 0098 0200     		.2byte	0x2
 1384 009a 30       		.byte	0x30
 1385 009b 9F       		.byte	0x9f
 1386 009c 20000000 		.4byte	.LVL3
 1387 00a0 36000000 		.4byte	.LVL6
 1388 00a4 0100     		.2byte	0x1
 1389 00a6 50       		.byte	0x50
 1390 00a7 50000000 		.4byte	.LVL8
 1391 00ab 94000000 		.4byte	.LVL11
 1392 00af 0100     		.2byte	0x1
 1393 00b1 50       		.byte	0x50
 1394 00b2 00000000 		.4byte	0
 1395 00b6 00000000 		.4byte	0
 1396              	.LLST5:
 1397 00ba 26000000 		.4byte	.LVL4
 1398 00be 30000000 		.4byte	.LVL5
 1399 00c2 0100     		.2byte	0x1
 1400 00c4 57       		.byte	0x57
 1401 00c5 30000000 		.4byte	.LVL5
 1402 00c9 66000000 		.4byte	.LVL9
 1403 00cd 0100     		.2byte	0x1
 1404 00cf 56       		.byte	0x56
 1405 00d0 66000000 		.4byte	.LVL9
 1406 00d4 84000000 		.4byte	.LVL10
 1407 00d8 0700     		.2byte	0x7
 1408 00da 77       		.byte	0x77
 1409 00db 00       		.sleb128 0
 1410 00dc 0B       		.byte	0xb
 1411 00dd 00FF     		.2byte	0xff00
 1412 00df 1A       		.byte	0x1a
 1413 00e0 9F       		.byte	0x9f
ARM GAS  C:\Users\vangelis\AppData\Local\Temp\ccjEGQTT.s 			page 33


 1414 00e1 84000000 		.4byte	.LVL10
 1415 00e5 18010000 		.4byte	.LVL13
 1416 00e9 0E00     		.2byte	0xe
 1417 00eb 74       		.byte	0x74
 1418 00ec 00       		.sleb128 0
 1419 00ed 03       		.byte	0x3
 1420 00ee FCFFFFFF 		.4byte	.LANCHOR0-4
 1421 00f2 22       		.byte	0x22
 1422 00f3 06       		.byte	0x6
 1423 00f4 0B       		.byte	0xb
 1424 00f5 00FF     		.2byte	0xff00
 1425 00f7 1A       		.byte	0x1a
 1426 00f8 9F       		.byte	0x9f
 1427 00f9 00000000 		.4byte	0
 1428 00fd 00000000 		.4byte	0
 1429              	.LLST6:
 1430 0101 26000000 		.4byte	.LVL4
 1431 0105 3E000000 		.4byte	.LVL7
 1432 0109 0100     		.2byte	0x1
 1433 010b 57       		.byte	0x57
 1434 010c 00000000 		.4byte	0
 1435 0110 00000000 		.4byte	0
 1436              		.section	.debug_aranges,"",%progbits
 1437 0000 1C000000 		.4byte	0x1c
 1438 0004 0200     		.2byte	0x2
 1439 0006 00000000 		.4byte	.Ldebug_info0
 1440 000a 04       		.byte	0x4
 1441 000b 00       		.byte	0
 1442 000c 0000     		.2byte	0
 1443 000e 0000     		.2byte	0
 1444 0010 00000000 		.4byte	.LFB6
 1445 0014 A4010000 		.4byte	.LFE6-.LFB6
 1446 0018 00000000 		.4byte	0
 1447 001c 00000000 		.4byte	0
 1448              		.section	.debug_ranges,"",%progbits
 1449              	.Ldebug_ranges0:
 1450 0000 04000000 		.4byte	.LBB16
 1451 0004 98000000 		.4byte	.LBE16
 1452 0008 98000000 		.4byte	.LBB23
 1453 000c AC000000 		.4byte	.LBE23
 1454 0010 AE000000 		.4byte	.LBB30
 1455 0014 B2000000 		.4byte	.LBE30
 1456 0018 00000000 		.4byte	0
 1457 001c 00000000 		.4byte	0
 1458 0020 AC000000 		.4byte	.LBB24
 1459 0024 AE000000 		.4byte	.LBE24
 1460 0028 B6000000 		.4byte	.LBB31
 1461 002c B8000000 		.4byte	.LBE31
 1462 0030 DA000000 		.4byte	.LBB32
 1463 0034 DC000000 		.4byte	.LBE32
 1464 0038 DE000000 		.4byte	.LBB33
 1465 003c E0000000 		.4byte	.LBE33
 1466 0040 E2000000 		.4byte	.LBB34
 1467 0044 18010000 		.4byte	.LBE34
 1468 0048 00000000 		.4byte	0
 1469 004c 00000000 		.4byte	0
 1470 0050 00000000 		.4byte	.LFB6
ARM GAS  C:\Users\vangelis\AppData\Local\Temp\ccjEGQTT.s 			page 34


 1471 0054 A4010000 		.4byte	.LFE6
 1472 0058 00000000 		.4byte	0
 1473 005c 00000000 		.4byte	0
 1474              		.section	.debug_line,"",%progbits
 1475              	.Ldebug_line0:
 1476 0000 6D010000 		.section	.debug_str,"MS",%progbits,1
 1476      0200D800 
 1476      00000201 
 1476      FB0E0D00 
 1476      01010101 
 1477              	.LASF18:
 1478 0000 72656733 		.ascii	"reg32\000"
 1478      3200
 1479              	.LASF11:
 1480 0006 73697A65 		.ascii	"size_t\000"
 1480      5F7400
 1481              	.LASF36:
 1482 000d 474E5520 		.ascii	"GNU C 4.9.3 20150303 (release) [ARM/embedded-4_9-br"
 1482      4320342E 
 1482      392E3320 
 1482      32303135 
 1482      30333033 
 1483 0040 616E6368 		.ascii	"anch revision 221220] -mcpu=cortex-m0 -mthumb -g -O"
 1483      20726576 
 1483      6973696F 
 1483      6E203232 
 1483      31323230 
 1484 0073 73202D66 		.ascii	"s -ffunction-sections -ffat-lto-objects\000"
 1484      66756E63 
 1484      74696F6E 
 1484      2D736563 
 1484      74696F6E 
 1485              	.LASF20:
 1486 009b 76616C75 		.ascii	"value\000"
 1486      6500
 1487              	.LASF25:
 1488 00a1 636F756E 		.ascii	"count\000"
 1488      7400
 1489              	.LASF29:
 1490 00a7 436C6F63 		.ascii	"ClockSetup\000"
 1490      6B536574 
 1490      757000
 1491              	.LASF30:
 1492 00b2 63795F63 		.ascii	"cy_cfg_addr_table\000"
 1492      66675F61 
 1492      6464725F 
 1492      7461626C 
 1492      6500
 1493              	.LASF31:
 1494 00c4 63795F63 		.ascii	"cy_cfg_data_table\000"
 1494      66675F64 
 1494      6174615F 
 1494      7461626C 
 1494      6500
 1495              	.LASF15:
 1496 00d6 666C6F61 		.ascii	"float\000"
 1496      7400
ARM GAS  C:\Users\vangelis\AppData\Local\Temp\ccjEGQTT.s 			page 35


 1497              	.LASF35:
 1498 00dc 6366675F 		.ascii	"cfg_memset_list\000"
 1498      6D656D73 
 1498      65745F6C 
 1498      69737400 
 1499              	.LASF33:
 1500 00ec 73697A65 		.ascii	"size\000"
 1500      00
 1501              	.LASF17:
 1502 00f1 72656738 		.ascii	"reg8\000"
 1502      00
 1503              	.LASF6:
 1504 00f6 6C6F6E67 		.ascii	"long unsigned int\000"
 1504      20756E73 
 1504      69676E65 
 1504      6420696E 
 1504      7400
 1505              	.LASF12:
 1506 0108 75696E74 		.ascii	"uint8\000"
 1506      3800
 1507              	.LASF27:
 1508 010e 43594D45 		.ascii	"CYMEMZERO\000"
 1508      4D5A4552 
 1508      4F00
 1509              	.LASF2:
 1510 0118 756E7369 		.ascii	"unsigned char\000"
 1510      676E6564 
 1510      20636861 
 1510      7200
 1511              	.LASF40:
 1512 0126 6D656D73 		.ascii	"memset\000"
 1512      657400
 1513              	.LASF16:
 1514 012d 646F7562 		.ascii	"double\000"
 1514      6C6500
 1515              	.LASF26:
 1516 0134 6366675F 		.ascii	"cfg_write_bytes32\000"
 1516      77726974 
 1516      655F6279 
 1516      74657333 
 1516      3200
 1517              	.LASF39:
 1518 0146 63796669 		.ascii	"cyfitter_cfg\000"
 1518      74746572 
 1518      5F636667 
 1518      00
 1519              	.LASF22:
 1520 0153 61646472 		.ascii	"addr_table\000"
 1520      5F746162 
 1520      6C6500
 1521              	.LASF13:
 1522 015e 75696E74 		.ascii	"uint16\000"
 1522      313600
 1523              	.LASF23:
 1524 0165 64617461 		.ascii	"data_table\000"
 1524      5F746162 
 1524      6C6500
ARM GAS  C:\Users\vangelis\AppData\Local\Temp\ccjEGQTT.s 			page 36


 1525              	.LASF14:
 1526 0170 75696E74 		.ascii	"uint32\000"
 1526      333200
 1527              	.LASF38:
 1528 0177 433A5C55 		.ascii	"C:\\Users\\vangelis\\Striplights\\UART_Bootloader.c"
 1528      73657273 
 1528      5C76616E 
 1528      67656C69 
 1528      735C5374 
 1529 01a6 7964736E 		.ascii	"ydsn\000"
 1529      00
 1530              	.LASF0:
 1531 01ab 756E7369 		.ascii	"unsigned int\000"
 1531      676E6564 
 1531      20696E74 
 1531      00
 1532              	.LASF28:
 1533 01b8 416E616C 		.ascii	"AnalogSetDefault\000"
 1533      6F675365 
 1533      74446566 
 1533      61756C74 
 1533      00
 1534              	.LASF32:
 1535 01c9 61646472 		.ascii	"address\000"
 1535      65737300 
 1536              	.LASF8:
 1537 01d1 6C6F6E67 		.ascii	"long long unsigned int\000"
 1537      206C6F6E 
 1537      6720756E 
 1537      7369676E 
 1537      65642069 
 1538              	.LASF34:
 1539 01e8 6366675F 		.ascii	"cfg_memset_t\000"
 1539      6D656D73 
 1539      65745F74 
 1539      00
 1540              	.LASF24:
 1541 01f5 62617365 		.ascii	"baseAddr\000"
 1541      41646472 
 1541      00
 1542              	.LASF9:
 1543 01fe 73697A65 		.ascii	"sizetype\000"
 1543      74797065 
 1543      00
 1544              	.LASF37:
 1545 0207 2E5C4765 		.ascii	".\\Generated_Source\\PSoC4\\cyfitter_cfg.c\000"
 1545      6E657261 
 1545      7465645F 
 1545      536F7572 
 1545      63655C50 
 1546              	.LASF7:
 1547 022f 6C6F6E67 		.ascii	"long long int\000"
 1547      206C6F6E 
 1547      6720696E 
 1547      7400
 1548              	.LASF10:
 1549 023d 63686172 		.ascii	"char\000"
ARM GAS  C:\Users\vangelis\AppData\Local\Temp\ccjEGQTT.s 			page 37


 1549      00
 1550              	.LASF21:
 1551 0242 63795F63 		.ascii	"cy_cfg_addrvalue_t\000"
 1551      66675F61 
 1551      64647276 
 1551      616C7565 
 1551      5F7400
 1552              	.LASF19:
 1553 0255 6F666673 		.ascii	"offset\000"
 1553      657400
 1554              	.LASF3:
 1555 025c 73686F72 		.ascii	"short int\000"
 1555      7420696E 
 1555      7400
 1556              	.LASF41:
 1557 0266 43795379 		.ascii	"CySysClkWriteImoFreq\000"
 1557      73436C6B 
 1557      57726974 
 1557      65496D6F 
 1557      46726571 
 1558              	.LASF5:
 1559 027b 6C6F6E67 		.ascii	"long int\000"
 1559      20696E74 
 1559      00
 1560              	.LASF1:
 1561 0284 7369676E 		.ascii	"signed char\000"
 1561      65642063 
 1561      68617200 
 1562              	.LASF4:
 1563 0290 73686F72 		.ascii	"short unsigned int\000"
 1563      7420756E 
 1563      7369676E 
 1563      65642069 
 1563      6E7400
 1564              		.ident	"GCC: (GNU Tools for ARM Embedded Processors) 4.9.3 20150303 (release) [ARM/embedded-4_9-br
